[  6%] Built target dis_tutorial3__cpp
[ 12%] Built target dis_tutorial3__rosidl_generator_c
[ 12%] Built target ament_cmake_python_copy_dis_tutorial3
[ 22%] Built target dis_tutorial3__rosidl_typesupport_introspection_cpp
[ 35%] Built target dis_tutorial3__rosidl_typesupport_fastrtps_cpp
[ 41%] Built target dis_tutorial3__rosidl_typesupport_cpp
[ 51%] Built target dis_tutorial3__rosidl_typesupport_c
[ 61%] Built target dis_tutorial3__rosidl_typesupport_introspection_c
[ 70%] Built target dis_tutorial3__rosidl_typesupport_fastrtps_c
[ 70%] Built target dis_tutorial3
[ 74%] Built target dis_tutorial3__py
[ 80%] Built target dis_tutorial3__rosidl_generator_py
[ 87%] Built target dis_tutorial3__rosidl_typesupport_c__pyext
[ 93%] Built target dis_tutorial3__rosidl_typesupport_fastrtps_c__pyext
[100%] Built target dis_tutorial3__rosidl_typesupport_introspection_c__pyext
running egg_info
writing dis_tutorial3.egg-info/PKG-INFO
writing dependency_links to dis_tutorial3.egg-info/dependency_links.txt
writing top-level names to dis_tutorial3.egg-info/top_level.txt
reading manifest file 'dis_tutorial3.egg-info/SOURCES.txt'
writing manifest file 'dis_tutorial3.egg-info/SOURCES.txt'
[100%] Built target ament_cmake_python_build_dis_tutorial3_egg
-- Install configuration: ""
-- Up-to-date: /home/nik/Documents/RIS/risn1/src/dis_tutorial3/install/dis_tutorial3/share/ament_index/resource_index/rosidl_interfaces/dis_tutorial3
-- Up-to-date: /home/nik/Documents/RIS/risn1/src/dis_tutorial3/install/dis_tutorial3/include/dis_tutorial3/dis_tutorial3
-- Up-to-date: /home/nik/Documents/RIS/risn1/src/dis_tutorial3/install/dis_tutorial3/include/dis_tutorial3/dis_tutorial3/msg
-- Up-to-date: /home/nik/Documents/RIS/risn1/src/dis_tutorial3/install/dis_tutorial3/include/dis_tutorial3/dis_tutorial3/msg/task.h
-- Up-to-date: /home/nik/Documents/RIS/risn1/src/dis_tutorial3/install/dis_tutorial3/include/dis_tutorial3/dis_tutorial3/msg/detail
-- Up-to-date: /home/nik/Documents/RIS/risn1/src/dis_tutorial3/install/dis_tutorial3/include/dis_tutorial3/dis_tutorial3/msg/detail/task__struct.h
-- Up-to-date: /home/nik/Documents/RIS/risn1/src/dis_tutorial3/install/dis_tutorial3/include/dis_tutorial3/dis_tutorial3/msg/detail/task__type_support.h
-- Up-to-date: /home/nik/Documents/RIS/risn1/src/dis_tutorial3/install/dis_tutorial3/include/dis_tutorial3/dis_tutorial3/msg/detail/task__functions.c
-- Up-to-date: /home/nik/Documents/RIS/risn1/src/dis_tutorial3/install/dis_tutorial3/include/dis_tutorial3/dis_tutorial3/msg/detail/task__functions.h
-- Up-to-date: /home/nik/Documents/RIS/risn1/src/dis_tutorial3/install/dis_tutorial3/include/dis_tutorial3/dis_tutorial3/msg/rosidl_generator_c__visibility_control.h
-- Up-to-date: /home/nik/Documents/RIS/risn1/src/dis_tutorial3/install/dis_tutorial3/share/dis_tutorial3/environment/library_path.sh
-- Up-to-date: /home/nik/Documents/RIS/risn1/src/dis_tutorial3/install/dis_tutorial3/share/dis_tutorial3/environment/library_path.dsv
-- Up-to-date: /home/nik/Documents/RIS/risn1/src/dis_tutorial3/install/dis_tutorial3/lib/libdis_tutorial3__rosidl_generator_c.so
-- Up-to-date: /home/nik/Documents/RIS/risn1/src/dis_tutorial3/install/dis_tutorial3/include/dis_tutorial3/dis_tutorial3
-- Up-to-date: /home/nik/Documents/RIS/risn1/src/dis_tutorial3/install/dis_tutorial3/include/dis_tutorial3/dis_tutorial3/msg
-- Up-to-date: /home/nik/Documents/RIS/risn1/src/dis_tutorial3/install/dis_tutorial3/include/dis_tutorial3/dis_tutorial3/msg/rosidl_typesupport_fastrtps_c__visibility_control.h
-- Up-to-date: /home/nik/Documents/RIS/risn1/src/dis_tutorial3/install/dis_tutorial3/include/dis_tutorial3/dis_tutorial3/msg/detail
-- Up-to-date: /home/nik/Documents/RIS/risn1/src/dis_tutorial3/install/dis_tutorial3/include/dis_tutorial3/dis_tutorial3/msg/detail/task__rosidl_typesupport_fastrtps_c.h
-- Up-to-date: /home/nik/Documents/RIS/risn1/src/dis_tutorial3/install/dis_tutorial3/lib/libdis_tutorial3__rosidl_typesupport_fastrtps_c.so
-- Up-to-date: /home/nik/Documents/RIS/risn1/src/dis_tutorial3/install/dis_tutorial3/include/dis_tutorial3/dis_tutorial3
-- Up-to-date: /home/nik/Documents/RIS/risn1/src/dis_tutorial3/install/dis_tutorial3/include/dis_tutorial3/dis_tutorial3/msg
-- Up-to-date: /home/nik/Documents/RIS/risn1/src/dis_tutorial3/install/dis_tutorial3/include/dis_tutorial3/dis_tutorial3/msg/rosidl_generator_cpp__visibility_control.hpp
-- Up-to-date: /home/nik/Documents/RIS/risn1/src/dis_tutorial3/install/dis_tutorial3/include/dis_tutorial3/dis_tutorial3/msg/detail
-- Up-to-date: /home/nik/Documents/RIS/risn1/src/dis_tutorial3/install/dis_tutorial3/include/dis_tutorial3/dis_tutorial3/msg/detail/task__struct.hpp
-- Up-to-date: /home/nik/Documents/RIS/risn1/src/dis_tutorial3/install/dis_tutorial3/include/dis_tutorial3/dis_tutorial3/msg/detail/task__builder.hpp
-- Up-to-date: /home/nik/Documents/RIS/risn1/src/dis_tutorial3/install/dis_tutorial3/include/dis_tutorial3/dis_tutorial3/msg/detail/task__type_support.hpp
-- Up-to-date: /home/nik/Documents/RIS/risn1/src/dis_tutorial3/install/dis_tutorial3/include/dis_tutorial3/dis_tutorial3/msg/detail/task__traits.hpp
-- Up-to-date: /home/nik/Documents/RIS/risn1/src/dis_tutorial3/install/dis_tutorial3/include/dis_tutorial3/dis_tutorial3/msg/task.hpp
-- Up-to-date: /home/nik/Documents/RIS/risn1/src/dis_tutorial3/install/dis_tutorial3/include/dis_tutorial3/dis_tutorial3
-- Up-to-date: /home/nik/Documents/RIS/risn1/src/dis_tutorial3/install/dis_tutorial3/include/dis_tutorial3/dis_tutorial3/msg
-- Up-to-date: /home/nik/Documents/RIS/risn1/src/dis_tutorial3/install/dis_tutorial3/include/dis_tutorial3/dis_tutorial3/msg/detail
-- Up-to-date: /home/nik/Documents/RIS/risn1/src/dis_tutorial3/install/dis_tutorial3/include/dis_tutorial3/dis_tutorial3/msg/detail/task__rosidl_typesupport_fastrtps_cpp.hpp
-- Up-to-date: /home/nik/Documents/RIS/risn1/src/dis_tutorial3/install/dis_tutorial3/include/dis_tutorial3/dis_tutorial3/msg/detail/dds_fastrtps
-- Up-to-date: /home/nik/Documents/RIS/risn1/src/dis_tutorial3/install/dis_tutorial3/include/dis_tutorial3/dis_tutorial3/msg/rosidl_typesupport_fastrtps_cpp__visibility_control.h
-- Up-to-date: /home/nik/Documents/RIS/risn1/src/dis_tutorial3/install/dis_tutorial3/lib/libdis_tutorial3__rosidl_typesupport_fastrtps_cpp.so
-- Up-to-date: /home/nik/Documents/RIS/risn1/src/dis_tutorial3/install/dis_tutorial3/include/dis_tutorial3/dis_tutorial3
-- Up-to-date: /home/nik/Documents/RIS/risn1/src/dis_tutorial3/install/dis_tutorial3/include/dis_tutorial3/dis_tutorial3/msg
-- Up-to-date: /home/nik/Documents/RIS/risn1/src/dis_tutorial3/install/dis_tutorial3/include/dis_tutorial3/dis_tutorial3/msg/rosidl_typesupport_introspection_c__visibility_control.h
-- Up-to-date: /home/nik/Documents/RIS/risn1/src/dis_tutorial3/install/dis_tutorial3/include/dis_tutorial3/dis_tutorial3/msg/detail
-- Up-to-date: /home/nik/Documents/RIS/risn1/src/dis_tutorial3/install/dis_tutorial3/include/dis_tutorial3/dis_tutorial3/msg/detail/task__type_support.c
-- Up-to-date: /home/nik/Documents/RIS/risn1/src/dis_tutorial3/install/dis_tutorial3/include/dis_tutorial3/dis_tutorial3/msg/detail/task__rosidl_typesupport_introspection_c.h
-- Up-to-date: /home/nik/Documents/RIS/risn1/src/dis_tutorial3/install/dis_tutorial3/lib/libdis_tutorial3__rosidl_typesupport_introspection_c.so
-- Up-to-date: /home/nik/Documents/RIS/risn1/src/dis_tutorial3/install/dis_tutorial3/lib/libdis_tutorial3__rosidl_typesupport_c.so
-- Up-to-date: /home/nik/Documents/RIS/risn1/src/dis_tutorial3/install/dis_tutorial3/include/dis_tutorial3/dis_tutorial3
-- Up-to-date: /home/nik/Documents/RIS/risn1/src/dis_tutorial3/install/dis_tutorial3/include/dis_tutorial3/dis_tutorial3/msg
-- Up-to-date: /home/nik/Documents/RIS/risn1/src/dis_tutorial3/install/dis_tutorial3/include/dis_tutorial3/dis_tutorial3/msg/detail
-- Up-to-date: /home/nik/Documents/RIS/risn1/src/dis_tutorial3/install/dis_tutorial3/include/dis_tutorial3/dis_tutorial3/msg/detail/task__type_support.cpp
-- Up-to-date: /home/nik/Documents/RIS/risn1/src/dis_tutorial3/install/dis_tutorial3/include/dis_tutorial3/dis_tutorial3/msg/detail/task__rosidl_typesupport_introspection_cpp.hpp
-- Up-to-date: /home/nik/Documents/RIS/risn1/src/dis_tutorial3/install/dis_tutorial3/lib/libdis_tutorial3__rosidl_typesupport_introspection_cpp.so
-- Up-to-date: /home/nik/Documents/RIS/risn1/src/dis_tutorial3/install/dis_tutorial3/lib/libdis_tutorial3__rosidl_typesupport_cpp.so
-- Up-to-date: /home/nik/Documents/RIS/risn1/src/dis_tutorial3/install/dis_tutorial3/share/dis_tutorial3/environment/pythonpath.sh
-- Up-to-date: /home/nik/Documents/RIS/risn1/src/dis_tutorial3/install/dis_tutorial3/share/dis_tutorial3/environment/pythonpath.dsv
-- Up-to-date: /home/nik/Documents/RIS/risn1/src/dis_tutorial3/install/dis_tutorial3/lib/python3.10/site-packages/dis_tutorial3-0.0.1-py3.10.egg-info
-- Installing: /home/nik/Documents/RIS/risn1/src/dis_tutorial3/install/dis_tutorial3/lib/python3.10/site-packages/dis_tutorial3-0.0.1-py3.10.egg-info/SOURCES.txt
-- Installing: /home/nik/Documents/RIS/risn1/src/dis_tutorial3/install/dis_tutorial3/lib/python3.10/site-packages/dis_tutorial3-0.0.1-py3.10.egg-info/top_level.txt
-- Installing: /home/nik/Documents/RIS/risn1/src/dis_tutorial3/install/dis_tutorial3/lib/python3.10/site-packages/dis_tutorial3-0.0.1-py3.10.egg-info/dependency_links.txt
-- Installing: /home/nik/Documents/RIS/risn1/src/dis_tutorial3/install/dis_tutorial3/lib/python3.10/site-packages/dis_tutorial3-0.0.1-py3.10.egg-info/PKG-INFO
-- Up-to-date: /home/nik/Documents/RIS/risn1/src/dis_tutorial3/install/dis_tutorial3/lib/python3.10/site-packages/dis_tutorial3
-- Up-to-date: /home/nik/Documents/RIS/risn1/src/dis_tutorial3/install/dis_tutorial3/lib/python3.10/site-packages/dis_tutorial3/_dis_tutorial3_s.ep.rosidl_typesupport_c.c
-- Up-to-date: /home/nik/Documents/RIS/risn1/src/dis_tutorial3/install/dis_tutorial3/lib/python3.10/site-packages/dis_tutorial3/_dis_tutorial3_s.ep.rosidl_typesupport_introspection_c.c
-- Up-to-date: /home/nik/Documents/RIS/risn1/src/dis_tutorial3/install/dis_tutorial3/lib/python3.10/site-packages/dis_tutorial3/libdis_tutorial3__rosidl_generator_py.so
-- Up-to-date: /home/nik/Documents/RIS/risn1/src/dis_tutorial3/install/dis_tutorial3/lib/python3.10/site-packages/dis_tutorial3/__init__.py
-- Up-to-date: /home/nik/Documents/RIS/risn1/src/dis_tutorial3/install/dis_tutorial3/lib/python3.10/site-packages/dis_tutorial3/msg
-- Up-to-date: /home/nik/Documents/RIS/risn1/src/dis_tutorial3/install/dis_tutorial3/lib/python3.10/site-packages/dis_tutorial3/msg/__init__.py
-- Up-to-date: /home/nik/Documents/RIS/risn1/src/dis_tutorial3/install/dis_tutorial3/lib/python3.10/site-packages/dis_tutorial3/msg/_task_s.c
-- Up-to-date: /home/nik/Documents/RIS/risn1/src/dis_tutorial3/install/dis_tutorial3/lib/python3.10/site-packages/dis_tutorial3/msg/_task.py
-- Up-to-date: /home/nik/Documents/RIS/risn1/src/dis_tutorial3/install/dis_tutorial3/lib/python3.10/site-packages/dis_tutorial3/dis_tutorial3_s__rosidl_typesupport_c.cpython-310-x86_64-linux-gnu.so
-- Up-to-date: /home/nik/Documents/RIS/risn1/src/dis_tutorial3/install/dis_tutorial3/lib/python3.10/site-packages/dis_tutorial3/dis_tutorial3_s__rosidl_typesupport_introspection_c.cpython-310-x86_64-linux-gnu.so
-- Up-to-date: /home/nik/Documents/RIS/risn1/src/dis_tutorial3/install/dis_tutorial3/lib/python3.10/site-packages/dis_tutorial3/_dis_tutorial3_s.ep.rosidl_typesupport_fastrtps_c.c
-- Up-to-date: /home/nik/Documents/RIS/risn1/src/dis_tutorial3/install/dis_tutorial3/lib/python3.10/site-packages/dis_tutorial3/dis_tutorial3_s__rosidl_typesupport_fastrtps_c.cpython-310-x86_64-linux-gnu.so
Listing '/home/nik/Documents/RIS/risn1/src/dis_tutorial3/install/dis_tutorial3/lib/python3.10/site-packages/dis_tutorial3'...
Listing '/home/nik/Documents/RIS/risn1/src/dis_tutorial3/install/dis_tutorial3/lib/python3.10/site-packages/dis_tutorial3/msg'...
-- Up-to-date: /home/nik/Documents/RIS/risn1/src/dis_tutorial3/install/dis_tutorial3/lib/python3.10/site-packages/dis_tutorial3/dis_tutorial3_s__rosidl_typesupport_fastrtps_c.cpython-310-x86_64-linux-gnu.so
-- Up-to-date: /home/nik/Documents/RIS/risn1/src/dis_tutorial3/install/dis_tutorial3/lib/python3.10/site-packages/dis_tutorial3/dis_tutorial3_s__rosidl_typesupport_introspection_c.cpython-310-x86_64-linux-gnu.so
-- Up-to-date: /home/nik/Documents/RIS/risn1/src/dis_tutorial3/install/dis_tutorial3/lib/python3.10/site-packages/dis_tutorial3/dis_tutorial3_s__rosidl_typesupport_c.cpython-310-x86_64-linux-gnu.so
-- Up-to-date: /home/nik/Documents/RIS/risn1/src/dis_tutorial3/install/dis_tutorial3/lib/libdis_tutorial3__rosidl_generator_py.so
-- Up-to-date: /home/nik/Documents/RIS/risn1/src/dis_tutorial3/install/dis_tutorial3/share/dis_tutorial3/msg/Task.idl
-- Up-to-date: /home/nik/Documents/RIS/risn1/src/dis_tutorial3/install/dis_tutorial3/share/dis_tutorial3/msg/Task.msg
-- Up-to-date: /home/nik/Documents/RIS/risn1/src/dis_tutorial3/install/dis_tutorial3/share/dis_tutorial3//launch
-- Up-to-date: /home/nik/Documents/RIS/risn1/src/dis_tutorial3/install/dis_tutorial3/share/dis_tutorial3//launch/turtlebot4_spawn_nav.launch.py
-- Up-to-date: /home/nik/Documents/RIS/risn1/src/dis_tutorial3/install/dis_tutorial3/share/dis_tutorial3//launch/dis_sim.launch.py
-- Up-to-date: /home/nik/Documents/RIS/risn1/src/dis_tutorial3/install/dis_tutorial3/share/dis_tutorial3//launch/create3_nodes.launch.py
-- Up-to-date: /home/nik/Documents/RIS/risn1/src/dis_tutorial3/install/dis_tutorial3/share/dis_tutorial3//launch/sim_turtlebot_nav.launch.py
-- Up-to-date: /home/nik/Documents/RIS/risn1/src/dis_tutorial3/install/dis_tutorial3/share/dis_tutorial3//launch/slam.launch.py
-- Up-to-date: /home/nik/Documents/RIS/risn1/src/dis_tutorial3/install/dis_tutorial3/share/dis_tutorial3//launch/turtlebot4_spawn.launch.py
-- Up-to-date: /home/nik/Documents/RIS/risn1/src/dis_tutorial3/install/dis_tutorial3/share/dis_tutorial3//launch/ignition.launch.py
-- Up-to-date: /home/nik/Documents/RIS/risn1/src/dis_tutorial3/install/dis_tutorial3/share/dis_tutorial3//launch/localization.launch.py
-- Up-to-date: /home/nik/Documents/RIS/risn1/src/dis_tutorial3/install/dis_tutorial3/share/dis_tutorial3//launch/sim_turtlebot_slam.launch.py
-- Up-to-date: /home/nik/Documents/RIS/risn1/src/dis_tutorial3/install/dis_tutorial3/share/dis_tutorial3//launch/nav2.launch.py
-- Up-to-date: /home/nik/Documents/RIS/risn1/src/dis_tutorial3/install/dis_tutorial3/share/dis_tutorial3//config
-- Up-to-date: /home/nik/Documents/RIS/risn1/src/dis_tutorial3/install/dis_tutorial3/share/dis_tutorial3//config/slam.yaml
-- Up-to-date: /home/nik/Documents/RIS/risn1/src/dis_tutorial3/install/dis_tutorial3/share/dis_tutorial3//config/nav2.yaml
-- Up-to-date: /home/nik/Documents/RIS/risn1/src/dis_tutorial3/install/dis_tutorial3/share/dis_tutorial3//config/laser_filter_chain.yaml
-- Up-to-date: /home/nik/Documents/RIS/risn1/src/dis_tutorial3/install/dis_tutorial3/share/dis_tutorial3//config/localization.yaml
-- Up-to-date: /home/nik/Documents/RIS/risn1/src/dis_tutorial3/install/dis_tutorial3/share/dis_tutorial3//worlds
-- Up-to-date: /home/nik/Documents/RIS/risn1/src/dis_tutorial3/install/dis_tutorial3/share/dis_tutorial3//worlds/demo4_meshes
-- Up-to-date: /home/nik/Documents/RIS/risn1/src/dis_tutorial3/install/dis_tutorial3/share/dis_tutorial3//worlds/demo4_meshes/qr2.jpg
-- Up-to-date: /home/nik/Documents/RIS/risn1/src/dis_tutorial3/install/dis_tutorial3/share/dis_tutorial3//worlds/demo4_meshes/parking_space.jpg
-- Up-to-date: /home/nik/Documents/RIS/risn1/src/dis_tutorial3/install/dis_tutorial3/share/dis_tutorial3//worlds/demo4_meshes/person4.png.001.png
-- Up-to-date: /home/nik/Documents/RIS/risn1/src/dis_tutorial3/install/dis_tutorial3/share/dis_tutorial3//worlds/demo4_meshes/person5.png.001.png
-- Up-to-date: /home/nik/Documents/RIS/risn1/src/dis_tutorial3/install/dis_tutorial3/share/dis_tutorial3//worlds/demo4_meshes/objects.jpg
-- Up-to-date: /home/nik/Documents/RIS/risn1/src/dis_tutorial3/install/dis_tutorial3/share/dis_tutorial3//worlds/demo4_meshes/person3.png.001.png
-- Up-to-date: /home/nik/Documents/RIS/risn1/src/dis_tutorial3/install/dis_tutorial3/share/dis_tutorial3//worlds/demo4_meshes/ground.jpg
-- Up-to-date: /home/nik/Documents/RIS/risn1/src/dis_tutorial3/install/dis_tutorial3/share/dis_tutorial3//worlds/demo4_meshes/red.jpg
-- Up-to-date: /home/nik/Documents/RIS/risn1/src/dis_tutorial3/install/dis_tutorial3/share/dis_tutorial3//worlds/demo4_meshes/fakering3.jpg
-- Up-to-date: /home/nik/Documents/RIS/risn1/src/dis_tutorial3/install/dis_tutorial3/share/dis_tutorial3//worlds/demo4_meshes/map_colliders.dae
-- Up-to-date: /home/nik/Documents/RIS/risn1/src/dis_tutorial3/install/dis_tutorial3/share/dis_tutorial3//worlds/demo4_meshes/map.dae
-- Up-to-date: /home/nik/Documents/RIS/risn1/src/dis_tutorial3/install/dis_tutorial3/share/dis_tutorial3//worlds/demo4_meshes/black.jpg
-- Up-to-date: /home/nik/Documents/RIS/risn1/src/dis_tutorial3/install/dis_tutorial3/share/dis_tutorial3//worlds/demo4_meshes/qr1.jpg
-- Up-to-date: /home/nik/Documents/RIS/risn1/src/dis_tutorial3/install/dis_tutorial3/share/dis_tutorial3//worlds/demo4_meshes/person6.png
-- Up-to-date: /home/nik/Documents/RIS/risn1/src/dis_tutorial3/install/dis_tutorial3/share/dis_tutorial3//worlds/demo4_meshes/person2.png.001.png
-- Up-to-date: /home/nik/Documents/RIS/risn1/src/dis_tutorial3/install/dis_tutorial3/share/dis_tutorial3//worlds/demo4_meshes/green.jpg
-- Up-to-date: /home/nik/Documents/RIS/risn1/src/dis_tutorial3/install/dis_tutorial3/share/dis_tutorial3//worlds/demo4_meshes/person13.png
-- Up-to-date: /home/nik/Documents/RIS/risn1/src/dis_tutorial3/install/dis_tutorial3/share/dis_tutorial3//worlds/demo4_meshes/fakering1.jpg
-- Up-to-date: /home/nik/Documents/RIS/risn1/src/dis_tutorial3/install/dis_tutorial3/share/dis_tutorial3//worlds/demo4_meshes/fakering2.jpg
-- Up-to-date: /home/nik/Documents/RIS/risn1/src/dis_tutorial3/install/dis_tutorial3/share/dis_tutorial3//worlds/demo4_meshes/blue.jpg
-- Up-to-date: /home/nik/Documents/RIS/risn1/src/dis_tutorial3/install/dis_tutorial3/share/dis_tutorial3//worlds/demo4_meshes/yellow.jpg
-- Up-to-date: /home/nik/Documents/RIS/risn1/src/dis_tutorial3/install/dis_tutorial3/share/dis_tutorial3//worlds/empty.sdf
-- Up-to-date: /home/nik/Documents/RIS/risn1/src/dis_tutorial3/install/dis_tutorial3/share/dis_tutorial3//worlds/2024
-- Up-to-date: /home/nik/Documents/RIS/risn1/src/dis_tutorial3/install/dis_tutorial3/share/dis_tutorial3//worlds/2024/task2_demo1_meshes
-- Up-to-date: /home/nik/Documents/RIS/risn1/src/dis_tutorial3/install/dis_tutorial3/share/dis_tutorial3//worlds/2024/task2_demo1_meshes/parking_space.jpg
-- Up-to-date: /home/nik/Documents/RIS/risn1/src/dis_tutorial3/install/dis_tutorial3/share/dis_tutorial3//worlds/2024/task2_demo1_meshes/objects.jpg
-- Up-to-date: /home/nik/Documents/RIS/risn1/src/dis_tutorial3/install/dis_tutorial3/share/dis_tutorial3//worlds/2024/task2_demo1_meshes/ground.jpg
-- Up-to-date: /home/nik/Documents/RIS/risn1/src/dis_tutorial3/install/dis_tutorial3/share/dis_tutorial3//worlds/2024/task2_demo1_meshes/fakering3.jpg
-- Up-to-date: /home/nik/Documents/RIS/risn1/src/dis_tutorial3/install/dis_tutorial3/share/dis_tutorial3//worlds/2024/task2_demo1_meshes/map_colliders.dae
-- Up-to-date: /home/nik/Documents/RIS/risn1/src/dis_tutorial3/install/dis_tutorial3/share/dis_tutorial3//worlds/2024/task2_demo1_meshes/map.dae
-- Up-to-date: /home/nik/Documents/RIS/risn1/src/dis_tutorial3/install/dis_tutorial3/share/dis_tutorial3//worlds/2024/task2_demo1_meshes/cylinders.jpg
-- Up-to-date: /home/nik/Documents/RIS/risn1/src/dis_tutorial3/install/dis_tutorial3/share/dis_tutorial3//worlds/2024/task2_demo1_meshes/fakering1.jpg
-- Up-to-date: /home/nik/Documents/RIS/risn1/src/dis_tutorial3/install/dis_tutorial3/share/dis_tutorial3//worlds/2024/task2_demo1_meshes/fakering2.jpg
-- Up-to-date: /home/nik/Documents/RIS/risn1/src/dis_tutorial3/install/dis_tutorial3/share/dis_tutorial3//worlds/2024/task2_demo2_meshes
-- Up-to-date: /home/nik/Documents/RIS/risn1/src/dis_tutorial3/install/dis_tutorial3/share/dis_tutorial3//worlds/2024/task2_demo2_meshes/parking_space.jpg
-- Up-to-date: /home/nik/Documents/RIS/risn1/src/dis_tutorial3/install/dis_tutorial3/share/dis_tutorial3//worlds/2024/task2_demo2_meshes/objects.jpg
-- Up-to-date: /home/nik/Documents/RIS/risn1/src/dis_tutorial3/install/dis_tutorial3/share/dis_tutorial3//worlds/2024/task2_demo2_meshes/ground.jpg
-- Up-to-date: /home/nik/Documents/RIS/risn1/src/dis_tutorial3/install/dis_tutorial3/share/dis_tutorial3//worlds/2024/task2_demo2_meshes/fakering3.jpg
-- Up-to-date: /home/nik/Documents/RIS/risn1/src/dis_tutorial3/install/dis_tutorial3/share/dis_tutorial3//worlds/2024/task2_demo2_meshes/map_colliders.dae
-- Up-to-date: /home/nik/Documents/RIS/risn1/src/dis_tutorial3/install/dis_tutorial3/share/dis_tutorial3//worlds/2024/task2_demo2_meshes/map.dae
-- Up-to-date: /home/nik/Documents/RIS/risn1/src/dis_tutorial3/install/dis_tutorial3/share/dis_tutorial3//worlds/2024/task2_demo2_meshes/cylinders.jpg
-- Up-to-date: /home/nik/Documents/RIS/risn1/src/dis_tutorial3/install/dis_tutorial3/share/dis_tutorial3//worlds/2024/task2_demo2_meshes/fakering1.jpg
-- Up-to-date: /home/nik/Documents/RIS/risn1/src/dis_tutorial3/install/dis_tutorial3/share/dis_tutorial3//worlds/2024/task2_demo2_meshes/fakering2.jpg
-- Up-to-date: /home/nik/Documents/RIS/risn1/src/dis_tutorial3/install/dis_tutorial3/share/dis_tutorial3//worlds/2024/task2_demo1.sdf
-- Up-to-date: /home/nik/Documents/RIS/risn1/src/dis_tutorial3/install/dis_tutorial3/share/dis_tutorial3//worlds/2024/task2_demo2.sdf
-- Up-to-date: /home/nik/Documents/RIS/risn1/src/dis_tutorial3/install/dis_tutorial3/share/dis_tutorial3//worlds/2024/task3.sdf
-- Up-to-date: /home/nik/Documents/RIS/risn1/src/dis_tutorial3/install/dis_tutorial3/share/dis_tutorial3//worlds/2024/task3_meshes
-- Up-to-date: /home/nik/Documents/RIS/risn1/src/dis_tutorial3/install/dis_tutorial3/share/dis_tutorial3//worlds/2024/task3_meshes/parking_space.jpg
-- Up-to-date: /home/nik/Documents/RIS/risn1/src/dis_tutorial3/install/dis_tutorial3/share/dis_tutorial3//worlds/2024/task3_meshes/easy_anomona_4.png
-- Up-to-date: /home/nik/Documents/RIS/risn1/src/dis_tutorial3/install/dis_tutorial3/share/dis_tutorial3//worlds/2024/task3_meshes/villager1.png
-- Up-to-date: /home/nik/Documents/RIS/risn1/src/dis_tutorial3/install/dis_tutorial3/share/dis_tutorial3//worlds/2024/task3_meshes/objects.jpg
-- Up-to-date: /home/nik/Documents/RIS/risn1/src/dis_tutorial3/install/dis_tutorial3/share/dis_tutorial3//worlds/2024/task3_meshes/easy_anomona_0.png
-- Up-to-date: /home/nik/Documents/RIS/risn1/src/dis_tutorial3/install/dis_tutorial3/share/dis_tutorial3//worlds/2024/task3_meshes/villager2.png
-- Up-to-date: /home/nik/Documents/RIS/risn1/src/dis_tutorial3/install/dis_tutorial3/share/dis_tutorial3//worlds/2024/task3_meshes/anomona_3.png
-- Up-to-date: /home/nik/Documents/RIS/risn1/src/dis_tutorial3/install/dis_tutorial3/share/dis_tutorial3//worlds/2024/task3_meshes/ground.jpg
-- Up-to-date: /home/nik/Documents/RIS/risn1/src/dis_tutorial3/install/dis_tutorial3/share/dis_tutorial3//worlds/2024/task3_meshes/mona.png
-- Up-to-date: /home/nik/Documents/RIS/risn1/src/dis_tutorial3/install/dis_tutorial3/share/dis_tutorial3//worlds/2024/task3_meshes/easy_anomona_1.png
-- Up-to-date: /home/nik/Documents/RIS/risn1/src/dis_tutorial3/install/dis_tutorial3/share/dis_tutorial3//worlds/2024/task3_meshes/qr_wrong.png
-- Up-to-date: /home/nik/Documents/RIS/risn1/src/dis_tutorial3/install/dis_tutorial3/share/dis_tutorial3//worlds/2024/task3_meshes/easy_anomona_2.png
-- Up-to-date: /home/nik/Documents/RIS/risn1/src/dis_tutorial3/install/dis_tutorial3/share/dis_tutorial3//worlds/2024/task3_meshes/fakering3.jpg
-- Up-to-date: /home/nik/Documents/RIS/risn1/src/dis_tutorial3/install/dis_tutorial3/share/dis_tutorial3//worlds/2024/task3_meshes/anomona_1.png
-- Up-to-date: /home/nik/Documents/RIS/risn1/src/dis_tutorial3/install/dis_tutorial3/share/dis_tutorial3//worlds/2024/task3_meshes/map_colliders.dae
-- Up-to-date: /home/nik/Documents/RIS/risn1/src/dis_tutorial3/install/dis_tutorial3/share/dis_tutorial3//worlds/2024/task3_meshes/villager4.png
-- Up-to-date: /home/nik/Documents/RIS/risn1/src/dis_tutorial3/install/dis_tutorial3/share/dis_tutorial3//worlds/2024/task3_meshes/qr_cheat.png
-- Up-to-date: /home/nik/Documents/RIS/risn1/src/dis_tutorial3/install/dis_tutorial3/share/dis_tutorial3//worlds/2024/task3_meshes/villager3.png
-- Up-to-date: /home/nik/Documents/RIS/risn1/src/dis_tutorial3/install/dis_tutorial3/share/dis_tutorial3//worlds/2024/task3_meshes/anomona_0.png
-- Up-to-date: /home/nik/Documents/RIS/risn1/src/dis_tutorial3/install/dis_tutorial3/share/dis_tutorial3//worlds/2024/task3_meshes/anomona_2.png
-- Up-to-date: /home/nik/Documents/RIS/risn1/src/dis_tutorial3/install/dis_tutorial3/share/dis_tutorial3//worlds/2024/task3_meshes/map.dae
-- Up-to-date: /home/nik/Documents/RIS/risn1/src/dis_tutorial3/install/dis_tutorial3/share/dis_tutorial3//worlds/2024/task3_meshes/anomona_4.png
-- Up-to-date: /home/nik/Documents/RIS/risn1/src/dis_tutorial3/install/dis_tutorial3/share/dis_tutorial3//worlds/2024/task3_meshes/cylinders.jpg
-- Up-to-date: /home/nik/Documents/RIS/risn1/src/dis_tutorial3/install/dis_tutorial3/share/dis_tutorial3//worlds/2024/task3_meshes/qr_url.png
-- Up-to-date: /home/nik/Documents/RIS/risn1/src/dis_tutorial3/install/dis_tutorial3/share/dis_tutorial3//worlds/2024/task3_meshes/villager5.png
-- Up-to-date: /home/nik/Documents/RIS/risn1/src/dis_tutorial3/install/dis_tutorial3/share/dis_tutorial3//worlds/2024/task3_meshes/fakering1.jpg
-- Up-to-date: /home/nik/Documents/RIS/risn1/src/dis_tutorial3/install/dis_tutorial3/share/dis_tutorial3//worlds/2024/task3_meshes/fakering2.jpg
-- Up-to-date: /home/nik/Documents/RIS/risn1/src/dis_tutorial3/install/dis_tutorial3/share/dis_tutorial3//worlds/2024/task3_meshes/easy_anomona_3.png
-- Up-to-date: /home/nik/Documents/RIS/risn1/src/dis_tutorial3/install/dis_tutorial3/share/dis_tutorial3//worlds/demo4.sdf
-- Up-to-date: /home/nik/Documents/RIS/risn1/src/dis_tutorial3/install/dis_tutorial3/share/dis_tutorial3//worlds/demo2_meshes
-- Up-to-date: /home/nik/Documents/RIS/risn1/src/dis_tutorial3/install/dis_tutorial3/share/dis_tutorial3//worlds/demo2_meshes/qr2.jpg
-- Up-to-date: /home/nik/Documents/RIS/risn1/src/dis_tutorial3/install/dis_tutorial3/share/dis_tutorial3//worlds/demo2_meshes/parking_space.jpg
-- Up-to-date: /home/nik/Documents/RIS/risn1/src/dis_tutorial3/install/dis_tutorial3/share/dis_tutorial3//worlds/demo2_meshes/person18.png
-- Up-to-date: /home/nik/Documents/RIS/risn1/src/dis_tutorial3/install/dis_tutorial3/share/dis_tutorial3//worlds/demo2_meshes/objects.jpg
-- Up-to-date: /home/nik/Documents/RIS/risn1/src/dis_tutorial3/install/dis_tutorial3/share/dis_tutorial3//worlds/demo2_meshes/person20.png
-- Up-to-date: /home/nik/Documents/RIS/risn1/src/dis_tutorial3/install/dis_tutorial3/share/dis_tutorial3//worlds/demo2_meshes/person8.png
-- Up-to-date: /home/nik/Documents/RIS/risn1/src/dis_tutorial3/install/dis_tutorial3/share/dis_tutorial3//worlds/demo2_meshes/ground.jpg
-- Up-to-date: /home/nik/Documents/RIS/risn1/src/dis_tutorial3/install/dis_tutorial3/share/dis_tutorial3//worlds/demo2_meshes/person9.png
-- Up-to-date: /home/nik/Documents/RIS/risn1/src/dis_tutorial3/install/dis_tutorial3/share/dis_tutorial3//worlds/demo2_meshes/fakering3.jpg
-- Up-to-date: /home/nik/Documents/RIS/risn1/src/dis_tutorial3/install/dis_tutorial3/share/dis_tutorial3//worlds/demo2_meshes/map_colliders.dae
-- Up-to-date: /home/nik/Documents/RIS/risn1/src/dis_tutorial3/install/dis_tutorial3/share/dis_tutorial3//worlds/demo2_meshes/map.dae
-- Up-to-date: /home/nik/Documents/RIS/risn1/src/dis_tutorial3/install/dis_tutorial3/share/dis_tutorial3//worlds/demo2_meshes/person7.png
-- Up-to-date: /home/nik/Documents/RIS/risn1/src/dis_tutorial3/install/dis_tutorial3/share/dis_tutorial3//worlds/demo2_meshes/qr1.jpg
-- Up-to-date: /home/nik/Documents/RIS/risn1/src/dis_tutorial3/install/dis_tutorial3/share/dis_tutorial3//worlds/demo2_meshes/person6.png
-- Up-to-date: /home/nik/Documents/RIS/risn1/src/dis_tutorial3/install/dis_tutorial3/share/dis_tutorial3//worlds/demo2_meshes/cylinders.jpg
-- Up-to-date: /home/nik/Documents/RIS/risn1/src/dis_tutorial3/install/dis_tutorial3/share/dis_tutorial3//worlds/demo2_meshes/fakering1.jpg
-- Up-to-date: /home/nik/Documents/RIS/risn1/src/dis_tutorial3/install/dis_tutorial3/share/dis_tutorial3//worlds/demo2_meshes/fakering2.jpg
-- Up-to-date: /home/nik/Documents/RIS/risn1/src/dis_tutorial3/install/dis_tutorial3/share/dis_tutorial3//worlds/dis_meshes
-- Up-to-date: /home/nik/Documents/RIS/risn1/src/dis_tutorial3/install/dis_tutorial3/share/dis_tutorial3//worlds/dis_meshes/qr2.jpg
-- Up-to-date: /home/nik/Documents/RIS/risn1/src/dis_tutorial3/install/dis_tutorial3/share/dis_tutorial3//worlds/dis_meshes/person5.jpg
-- Up-to-date: /home/nik/Documents/RIS/risn1/src/dis_tutorial3/install/dis_tutorial3/share/dis_tutorial3//worlds/dis_meshes/parking_space.jpg
-- Up-to-date: /home/nik/Documents/RIS/risn1/src/dis_tutorial3/install/dis_tutorial3/share/dis_tutorial3//worlds/dis_meshes/person1.jpg
-- Up-to-date: /home/nik/Documents/RIS/risn1/src/dis_tutorial3/install/dis_tutorial3/share/dis_tutorial3//worlds/dis_meshes/person3.jpg
-- Up-to-date: /home/nik/Documents/RIS/risn1/src/dis_tutorial3/install/dis_tutorial3/share/dis_tutorial3//worlds/dis_meshes/objects.jpg
-- Up-to-date: /home/nik/Documents/RIS/risn1/src/dis_tutorial3/install/dis_tutorial3/share/dis_tutorial3//worlds/dis_meshes/person4.jpg
-- Up-to-date: /home/nik/Documents/RIS/risn1/src/dis_tutorial3/install/dis_tutorial3/share/dis_tutorial3//worlds/dis_meshes/ground.jpg
-- Up-to-date: /home/nik/Documents/RIS/risn1/src/dis_tutorial3/install/dis_tutorial3/share/dis_tutorial3//worlds/dis_meshes/person2.jpg
-- Up-to-date: /home/nik/Documents/RIS/risn1/src/dis_tutorial3/install/dis_tutorial3/share/dis_tutorial3//worlds/dis_meshes/fakering3.jpg
-- Up-to-date: /home/nik/Documents/RIS/risn1/src/dis_tutorial3/install/dis_tutorial3/share/dis_tutorial3//worlds/dis_meshes/map_colliders.dae
-- Up-to-date: /home/nik/Documents/RIS/risn1/src/dis_tutorial3/install/dis_tutorial3/share/dis_tutorial3//worlds/dis_meshes/map.dae
-- Up-to-date: /home/nik/Documents/RIS/risn1/src/dis_tutorial3/install/dis_tutorial3/share/dis_tutorial3//worlds/dis_meshes/mona1.jpg
-- Up-to-date: /home/nik/Documents/RIS/risn1/src/dis_tutorial3/install/dis_tutorial3/share/dis_tutorial3//worlds/dis_meshes/davinci.jpg
-- Up-to-date: /home/nik/Documents/RIS/risn1/src/dis_tutorial3/install/dis_tutorial3/share/dis_tutorial3//worlds/dis_meshes/qr1.jpg
-- Up-to-date: /home/nik/Documents/RIS/risn1/src/dis_tutorial3/install/dis_tutorial3/share/dis_tutorial3//worlds/dis_meshes/cylinders.jpg
-- Up-to-date: /home/nik/Documents/RIS/risn1/src/dis_tutorial3/install/dis_tutorial3/share/dis_tutorial3//worlds/dis_meshes/fakering1.jpg
-- Up-to-date: /home/nik/Documents/RIS/risn1/src/dis_tutorial3/install/dis_tutorial3/share/dis_tutorial3//worlds/dis_meshes/fakering2.jpg
-- Up-to-date: /home/nik/Documents/RIS/risn1/src/dis_tutorial3/install/dis_tutorial3/share/dis_tutorial3//worlds/dis_meshes/wood.jpg
-- Up-to-date: /home/nik/Documents/RIS/risn1/src/dis_tutorial3/install/dis_tutorial3/share/dis_tutorial3//worlds/task1.sdf
-- Up-to-date: /home/nik/Documents/RIS/risn1/src/dis_tutorial3/install/dis_tutorial3/share/dis_tutorial3//worlds/demo3_meshes
-- Up-to-date: /home/nik/Documents/RIS/risn1/src/dis_tutorial3/install/dis_tutorial3/share/dis_tutorial3//worlds/demo3_meshes/qr2.jpg
-- Up-to-date: /home/nik/Documents/RIS/risn1/src/dis_tutorial3/install/dis_tutorial3/share/dis_tutorial3//worlds/demo3_meshes/parking_space.jpg
-- Up-to-date: /home/nik/Documents/RIS/risn1/src/dis_tutorial3/install/dis_tutorial3/share/dis_tutorial3//worlds/demo3_meshes/objects.jpg
-- Up-to-date: /home/nik/Documents/RIS/risn1/src/dis_tutorial3/install/dis_tutorial3/share/dis_tutorial3//worlds/demo3_meshes/ground.jpg
-- Up-to-date: /home/nik/Documents/RIS/risn1/src/dis_tutorial3/install/dis_tutorial3/share/dis_tutorial3//worlds/demo3_meshes/red.jpg
-- Up-to-date: /home/nik/Documents/RIS/risn1/src/dis_tutorial3/install/dis_tutorial3/share/dis_tutorial3//worlds/demo3_meshes/person15.png
-- Up-to-date: /home/nik/Documents/RIS/risn1/src/dis_tutorial3/install/dis_tutorial3/share/dis_tutorial3//worlds/demo3_meshes/fakering3.jpg
-- Up-to-date: /home/nik/Documents/RIS/risn1/src/dis_tutorial3/install/dis_tutorial3/share/dis_tutorial3//worlds/demo3_meshes/map_colliders.dae
-- Up-to-date: /home/nik/Documents/RIS/risn1/src/dis_tutorial3/install/dis_tutorial3/share/dis_tutorial3//worlds/demo3_meshes/map.dae
-- Up-to-date: /home/nik/Documents/RIS/risn1/src/dis_tutorial3/install/dis_tutorial3/share/dis_tutorial3//worlds/demo3_meshes/person22.png
-- Up-to-date: /home/nik/Documents/RIS/risn1/src/dis_tutorial3/install/dis_tutorial3/share/dis_tutorial3//worlds/demo3_meshes/black.jpg
-- Up-to-date: /home/nik/Documents/RIS/risn1/src/dis_tutorial3/install/dis_tutorial3/share/dis_tutorial3//worlds/demo3_meshes/person24.png
-- Up-to-date: /home/nik/Documents/RIS/risn1/src/dis_tutorial3/install/dis_tutorial3/share/dis_tutorial3//worlds/demo3_meshes/qr1.jpg
-- Up-to-date: /home/nik/Documents/RIS/risn1/src/dis_tutorial3/install/dis_tutorial3/share/dis_tutorial3//worlds/demo3_meshes/person17.png
-- Up-to-date: /home/nik/Documents/RIS/risn1/src/dis_tutorial3/install/dis_tutorial3/share/dis_tutorial3//worlds/demo3_meshes/green.jpg
-- Up-to-date: /home/nik/Documents/RIS/risn1/src/dis_tutorial3/install/dis_tutorial3/share/dis_tutorial3//worlds/demo3_meshes/fakering1.jpg
-- Up-to-date: /home/nik/Documents/RIS/risn1/src/dis_tutorial3/install/dis_tutorial3/share/dis_tutorial3//worlds/demo3_meshes/fakering2.jpg
-- Up-to-date: /home/nik/Documents/RIS/risn1/src/dis_tutorial3/install/dis_tutorial3/share/dis_tutorial3//worlds/demo3_meshes/person21.png
-- Up-to-date: /home/nik/Documents/RIS/risn1/src/dis_tutorial3/install/dis_tutorial3/share/dis_tutorial3//worlds/demo3_meshes/blue.jpg
-- Up-to-date: /home/nik/Documents/RIS/risn1/src/dis_tutorial3/install/dis_tutorial3/share/dis_tutorial3//worlds/demo3_meshes/yellow.jpg
-- Up-to-date: /home/nik/Documents/RIS/risn1/src/dis_tutorial3/install/dis_tutorial3/share/dis_tutorial3//worlds/dis.sdf
-- Up-to-date: /home/nik/Documents/RIS/risn1/src/dis_tutorial3/install/dis_tutorial3/share/dis_tutorial3//worlds/demo1_meshes
-- Up-to-date: /home/nik/Documents/RIS/risn1/src/dis_tutorial3/install/dis_tutorial3/share/dis_tutorial3//worlds/demo1_meshes/qr2.jpg
-- Up-to-date: /home/nik/Documents/RIS/risn1/src/dis_tutorial3/install/dis_tutorial3/share/dis_tutorial3//worlds/demo1_meshes/parking_space.jpg
-- Up-to-date: /home/nik/Documents/RIS/risn1/src/dis_tutorial3/install/dis_tutorial3/share/dis_tutorial3//worlds/demo1_meshes/objects.jpg
-- Up-to-date: /home/nik/Documents/RIS/risn1/src/dis_tutorial3/install/dis_tutorial3/share/dis_tutorial3//worlds/demo1_meshes/person11.png
-- Up-to-date: /home/nik/Documents/RIS/risn1/src/dis_tutorial3/install/dis_tutorial3/share/dis_tutorial3//worlds/demo1_meshes/ground.jpg
-- Up-to-date: /home/nik/Documents/RIS/risn1/src/dis_tutorial3/install/dis_tutorial3/share/dis_tutorial3//worlds/demo1_meshes/person4.png
-- Up-to-date: /home/nik/Documents/RIS/risn1/src/dis_tutorial3/install/dis_tutorial3/share/dis_tutorial3//worlds/demo1_meshes/fakering3.jpg
-- Up-to-date: /home/nik/Documents/RIS/risn1/src/dis_tutorial3/install/dis_tutorial3/share/dis_tutorial3//worlds/demo1_meshes/map_colliders.dae
-- Up-to-date: /home/nik/Documents/RIS/risn1/src/dis_tutorial3/install/dis_tutorial3/share/dis_tutorial3//worlds/demo1_meshes/map.dae
-- Up-to-date: /home/nik/Documents/RIS/risn1/src/dis_tutorial3/install/dis_tutorial3/share/dis_tutorial3//worlds/demo1_meshes/person2.png
-- Up-to-date: /home/nik/Documents/RIS/risn1/src/dis_tutorial3/install/dis_tutorial3/share/dis_tutorial3//worlds/demo1_meshes/qr1.jpg
-- Up-to-date: /home/nik/Documents/RIS/risn1/src/dis_tutorial3/install/dis_tutorial3/share/dis_tutorial3//worlds/demo1_meshes/cylinders.jpg
-- Up-to-date: /home/nik/Documents/RIS/risn1/src/dis_tutorial3/install/dis_tutorial3/share/dis_tutorial3//worlds/demo1_meshes/person3.png
-- Up-to-date: /home/nik/Documents/RIS/risn1/src/dis_tutorial3/install/dis_tutorial3/share/dis_tutorial3//worlds/demo1_meshes/fakering1.jpg
-- Up-to-date: /home/nik/Documents/RIS/risn1/src/dis_tutorial3/install/dis_tutorial3/share/dis_tutorial3//worlds/demo1_meshes/fakering2.jpg
-- Up-to-date: /home/nik/Documents/RIS/risn1/src/dis_tutorial3/install/dis_tutorial3/share/dis_tutorial3//worlds/demo1_meshes/person1.png
-- Up-to-date: /home/nik/Documents/RIS/risn1/src/dis_tutorial3/install/dis_tutorial3/share/dis_tutorial3//worlds/demo1_meshes/person5.png
-- Up-to-date: /home/nik/Documents/RIS/risn1/src/dis_tutorial3/install/dis_tutorial3/share/dis_tutorial3//worlds/demo2.sdf
-- Up-to-date: /home/nik/Documents/RIS/risn1/src/dis_tutorial3/install/dis_tutorial3/share/dis_tutorial3//worlds/demo1.sdf
-- Up-to-date: /home/nik/Documents/RIS/risn1/src/dis_tutorial3/install/dis_tutorial3/share/dis_tutorial3//worlds/demo3.sdf
-- Up-to-date: /home/nik/Documents/RIS/risn1/src/dis_tutorial3/install/dis_tutorial3/share/dis_tutorial3//worlds/task1_meshes
-- Up-to-date: /home/nik/Documents/RIS/risn1/src/dis_tutorial3/install/dis_tutorial3/share/dis_tutorial3//worlds/task1_meshes/qr2.jpg
-- Up-to-date: /home/nik/Documents/RIS/risn1/src/dis_tutorial3/install/dis_tutorial3/share/dis_tutorial3//worlds/task1_meshes/parking_space.jpg
-- Up-to-date: /home/nik/Documents/RIS/risn1/src/dis_tutorial3/install/dis_tutorial3/share/dis_tutorial3//worlds/task1_meshes/person5.png.001.png
-- Up-to-date: /home/nik/Documents/RIS/risn1/src/dis_tutorial3/install/dis_tutorial3/share/dis_tutorial3//worlds/task1_meshes/objects.jpg
-- Up-to-date: /home/nik/Documents/RIS/risn1/src/dis_tutorial3/install/dis_tutorial3/share/dis_tutorial3//worlds/task1_meshes/person8.png
-- Up-to-date: /home/nik/Documents/RIS/risn1/src/dis_tutorial3/install/dis_tutorial3/share/dis_tutorial3//worlds/task1_meshes/person3.png.001.png
-- Up-to-date: /home/nik/Documents/RIS/risn1/src/dis_tutorial3/install/dis_tutorial3/share/dis_tutorial3//worlds/task1_meshes/ground.jpg
-- Up-to-date: /home/nik/Documents/RIS/risn1/src/dis_tutorial3/install/dis_tutorial3/share/dis_tutorial3//worlds/task1_meshes/red.jpg
-- Up-to-date: /home/nik/Documents/RIS/risn1/src/dis_tutorial3/install/dis_tutorial3/share/dis_tutorial3//worlds/task1_meshes/fakering3.jpg
-- Up-to-date: /home/nik/Documents/RIS/risn1/src/dis_tutorial3/install/dis_tutorial3/share/dis_tutorial3//worlds/task1_meshes/map_colliders.dae
-- Up-to-date: /home/nik/Documents/RIS/risn1/src/dis_tutorial3/install/dis_tutorial3/share/dis_tutorial3//worlds/task1_meshes/map.dae
-- Up-to-date: /home/nik/Documents/RIS/risn1/src/dis_tutorial3/install/dis_tutorial3/share/dis_tutorial3//worlds/task1_meshes/black.jpg
-- Up-to-date: /home/nik/Documents/RIS/risn1/src/dis_tutorial3/install/dis_tutorial3/share/dis_tutorial3//worlds/task1_meshes/qr1.jpg
-- Up-to-date: /home/nik/Documents/RIS/risn1/src/dis_tutorial3/install/dis_tutorial3/share/dis_tutorial3//worlds/task1_meshes/person6.png
-- Up-to-date: /home/nik/Documents/RIS/risn1/src/dis_tutorial3/install/dis_tutorial3/share/dis_tutorial3//worlds/task1_meshes/person2.png.001.png
-- Up-to-date: /home/nik/Documents/RIS/risn1/src/dis_tutorial3/install/dis_tutorial3/share/dis_tutorial3//worlds/task1_meshes/green.jpg
-- Up-to-date: /home/nik/Documents/RIS/risn1/src/dis_tutorial3/install/dis_tutorial3/share/dis_tutorial3//worlds/task1_meshes/person13.png
-- Up-to-date: /home/nik/Documents/RIS/risn1/src/dis_tutorial3/install/dis_tutorial3/share/dis_tutorial3//worlds/task1_meshes/fakering1.jpg
-- Up-to-date: /home/nik/Documents/RIS/risn1/src/dis_tutorial3/install/dis_tutorial3/share/dis_tutorial3//worlds/task1_meshes/fakering2.jpg
-- Up-to-date: /home/nik/Documents/RIS/risn1/src/dis_tutorial3/install/dis_tutorial3/share/dis_tutorial3//worlds/task1_meshes/blue.jpg
-- Up-to-date: /home/nik/Documents/RIS/risn1/src/dis_tutorial3/install/dis_tutorial3/share/dis_tutorial3//worlds/task1_meshes/yellow.jpg
-- Up-to-date: /home/nik/Documents/RIS/risn1/src/dis_tutorial3/install/dis_tutorial3/share/dis_tutorial3//maps
-- Up-to-date: /home/nik/Documents/RIS/risn1/src/dis_tutorial3/install/dis_tutorial3/share/dis_tutorial3//maps/nasamapa.yaml
-- Up-to-date: /home/nik/Documents/RIS/risn1/src/dis_tutorial3/install/dis_tutorial3/share/dis_tutorial3//maps/map.pgm
-- Up-to-date: /home/nik/Documents/RIS/risn1/src/dis_tutorial3/install/dis_tutorial3/share/dis_tutorial3//maps/my_map.yaml
-- Up-to-date: /home/nik/Documents/RIS/risn1/src/dis_tutorial3/install/dis_tutorial3/share/dis_tutorial3//maps/map.yaml
-- Up-to-date: /home/nik/Documents/RIS/risn1/src/dis_tutorial3/install/dis_tutorial3/share/dis_tutorial3//maps/nasamapa.pgm
-- Up-to-date: /home/nik/Documents/RIS/risn1/src/dis_tutorial3/install/dis_tutorial3/share/dis_tutorial3//maps/my_map.pgm
-- Up-to-date: /home/nik/Documents/RIS/risn1/src/dis_tutorial3/install/dis_tutorial3/lib/dis_tutorial3/detect_people.py
-- Up-to-date: /home/nik/Documents/RIS/risn1/src/dis_tutorial3/install/dis_tutorial3/lib/dis_tutorial3/robot_commander.py
-- Up-to-date: /home/nik/Documents/RIS/risn1/src/dis_tutorial3/install/dis_tutorial3/lib/dis_tutorial3/robot_commander_custom.py
-- Up-to-date: /home/nik/Documents/RIS/risn1/src/dis_tutorial3/install/dis_tutorial3/lib/dis_tutorial3/dp2.py
-- Up-to-date: /home/nik/Documents/RIS/risn1/src/dis_tutorial3/install/dis_tutorial3/lib/dis_tutorial3/clicked_point_listener.py
-- Up-to-date: /home/nik/Documents/RIS/risn1/src/dis_tutorial3/install/dis_tutorial3/lib/dis_tutorial3/start_round.py
-- Up-to-date: /home/nik/Documents/RIS/risn1/src/dis_tutorial3/install/dis_tutorial3/lib/dis_tutorial3/get_coords.py
-- Up-to-date: /home/nik/Documents/RIS/risn1/src/dis_tutorial3/install/dis_tutorial3/lib/dis_tutorial3/detect_rings.py
-- Up-to-date: /home/nik/Documents/RIS/risn1/src/dis_tutorial3/install/dis_tutorial3/lib/dis_tutorial3/detect_people_custom.py
-- Up-to-date: /home/nik/Documents/RIS/risn1/src/dis_tutorial3/install/dis_tutorial3/lib/dis_tutorial3/face_filter.py
-- Installing: /home/nik/Documents/RIS/risn1/src/dis_tutorial3/install/dis_tutorial3/lib/dis_tutorial3/face_filter1.py
-- Up-to-date: /home/nik/Documents/RIS/risn1/src/dis_tutorial3/install/dis_tutorial3/lib/dis_tutorial3/detect_rings_mod.py
-- Up-to-date: /home/nik/Documents/RIS/risn1/src/dis_tutorial3/install/dis_tutorial3/lib/dis_tutorial3/main.py
-- Up-to-date: /home/nik/Documents/RIS/risn1/src/dis_tutorial3/install/dis_tutorial3/lib/dis_tutorial3/main1.py
-- Up-to-date: /home/nik/Documents/RIS/risn1/src/dis_tutorial3/install/dis_tutorial3/lib/dis_tutorial3/get_rings.py
-- Up-to-date: /home/nik/Documents/RIS/risn1/src/dis_tutorial3/install/dis_tutorial3/lib/dis_tutorial3/rings_filter.py
-- Up-to-date: /home/nik/Documents/RIS/risn1/src/dis_tutorial3/install/dis_tutorial3/share/ament_index/resource_index/package_run_dependencies/dis_tutorial3
-- Up-to-date: /home/nik/Documents/RIS/risn1/src/dis_tutorial3/install/dis_tutorial3/share/ament_index/resource_index/parent_prefix_path/dis_tutorial3
-- Up-to-date: /home/nik/Documents/RIS/risn1/src/dis_tutorial3/install/dis_tutorial3/share/dis_tutorial3/environment/ament_prefix_path.sh
-- Up-to-date: /home/nik/Documents/RIS/risn1/src/dis_tutorial3/install/dis_tutorial3/share/dis_tutorial3/environment/ament_prefix_path.dsv
-- Up-to-date: /home/nik/Documents/RIS/risn1/src/dis_tutorial3/install/dis_tutorial3/share/dis_tutorial3/environment/path.sh
-- Up-to-date: /home/nik/Documents/RIS/risn1/src/dis_tutorial3/install/dis_tutorial3/share/dis_tutorial3/environment/path.dsv
-- Up-to-date: /home/nik/Documents/RIS/risn1/src/dis_tutorial3/install/dis_tutorial3/share/dis_tutorial3/local_setup.bash
-- Up-to-date: /home/nik/Documents/RIS/risn1/src/dis_tutorial3/install/dis_tutorial3/share/dis_tutorial3/local_setup.sh
-- Up-to-date: /home/nik/Documents/RIS/risn1/src/dis_tutorial3/install/dis_tutorial3/share/dis_tutorial3/local_setup.zsh
-- Up-to-date: /home/nik/Documents/RIS/risn1/src/dis_tutorial3/install/dis_tutorial3/share/dis_tutorial3/local_setup.dsv
-- Installing: /home/nik/Documents/RIS/risn1/src/dis_tutorial3/install/dis_tutorial3/share/dis_tutorial3/package.dsv
-- Up-to-date: /home/nik/Documents/RIS/risn1/src/dis_tutorial3/install/dis_tutorial3/share/ament_index/resource_index/packages/dis_tutorial3
-- Up-to-date: /home/nik/Documents/RIS/risn1/src/dis_tutorial3/install/dis_tutorial3/share/dis_tutorial3/cmake/export_dis_tutorial3__rosidl_generator_cExport.cmake
-- Up-to-date: /home/nik/Documents/RIS/risn1/src/dis_tutorial3/install/dis_tutorial3/share/dis_tutorial3/cmake/export_dis_tutorial3__rosidl_generator_cExport-noconfig.cmake
-- Up-to-date: /home/nik/Documents/RIS/risn1/src/dis_tutorial3/install/dis_tutorial3/share/dis_tutorial3/cmake/export_dis_tutorial3__rosidl_typesupport_fastrtps_cExport.cmake
-- Up-to-date: /home/nik/Documents/RIS/risn1/src/dis_tutorial3/install/dis_tutorial3/share/dis_tutorial3/cmake/export_dis_tutorial3__rosidl_typesupport_fastrtps_cExport-noconfig.cmake
-- Up-to-date: /home/nik/Documents/RIS/risn1/src/dis_tutorial3/install/dis_tutorial3/share/dis_tutorial3/cmake/export_dis_tutorial3__rosidl_generator_cppExport.cmake
-- Up-to-date: /home/nik/Documents/RIS/risn1/src/dis_tutorial3/install/dis_tutorial3/share/dis_tutorial3/cmake/export_dis_tutorial3__rosidl_typesupport_fastrtps_cppExport.cmake
-- Up-to-date: /home/nik/Documents/RIS/risn1/src/dis_tutorial3/install/dis_tutorial3/share/dis_tutorial3/cmake/export_dis_tutorial3__rosidl_typesupport_fastrtps_cppExport-noconfig.cmake
-- Up-to-date: /home/nik/Documents/RIS/risn1/src/dis_tutorial3/install/dis_tutorial3/share/dis_tutorial3/cmake/dis_tutorial3__rosidl_typesupport_introspection_cExport.cmake
-- Up-to-date: /home/nik/Documents/RIS/risn1/src/dis_tutorial3/install/dis_tutorial3/share/dis_tutorial3/cmake/dis_tutorial3__rosidl_typesupport_introspection_cExport-noconfig.cmake
-- Up-to-date: /home/nik/Documents/RIS/risn1/src/dis_tutorial3/install/dis_tutorial3/share/dis_tutorial3/cmake/dis_tutorial3__rosidl_typesupport_cExport.cmake
-- Up-to-date: /home/nik/Documents/RIS/risn1/src/dis_tutorial3/install/dis_tutorial3/share/dis_tutorial3/cmake/dis_tutorial3__rosidl_typesupport_cExport-noconfig.cmake
-- Up-to-date: /home/nik/Documents/RIS/risn1/src/dis_tutorial3/install/dis_tutorial3/share/dis_tutorial3/cmake/dis_tutorial3__rosidl_typesupport_introspection_cppExport.cmake
-- Up-to-date: /home/nik/Documents/RIS/risn1/src/dis_tutorial3/install/dis_tutorial3/share/dis_tutorial3/cmake/dis_tutorial3__rosidl_typesupport_introspection_cppExport-noconfig.cmake
-- Up-to-date: /home/nik/Documents/RIS/risn1/src/dis_tutorial3/install/dis_tutorial3/share/dis_tutorial3/cmake/dis_tutorial3__rosidl_typesupport_cppExport.cmake
-- Up-to-date: /home/nik/Documents/RIS/risn1/src/dis_tutorial3/install/dis_tutorial3/share/dis_tutorial3/cmake/dis_tutorial3__rosidl_typesupport_cppExport-noconfig.cmake
-- Up-to-date: /home/nik/Documents/RIS/risn1/src/dis_tutorial3/install/dis_tutorial3/share/dis_tutorial3/cmake/export_dis_tutorial3__rosidl_generator_pyExport.cmake
-- Up-to-date: /home/nik/Documents/RIS/risn1/src/dis_tutorial3/install/dis_tutorial3/share/dis_tutorial3/cmake/export_dis_tutorial3__rosidl_generator_pyExport-noconfig.cmake
-- Up-to-date: /home/nik/Documents/RIS/risn1/src/dis_tutorial3/install/dis_tutorial3/share/dis_tutorial3/cmake/rosidl_cmake-extras.cmake
-- Up-to-date: /home/nik/Documents/RIS/risn1/src/dis_tutorial3/install/dis_tutorial3/share/dis_tutorial3/cmake/ament_cmake_export_dependencies-extras.cmake
-- Up-to-date: /home/nik/Documents/RIS/risn1/src/dis_tutorial3/install/dis_tutorial3/share/dis_tutorial3/cmake/ament_cmake_export_include_directories-extras.cmake
-- Up-to-date: /home/nik/Documents/RIS/risn1/src/dis_tutorial3/install/dis_tutorial3/share/dis_tutorial3/cmake/ament_cmake_export_libraries-extras.cmake
-- Up-to-date: /home/nik/Documents/RIS/risn1/src/dis_tutorial3/install/dis_tutorial3/share/dis_tutorial3/cmake/ament_cmake_export_targets-extras.cmake
-- Up-to-date: /home/nik/Documents/RIS/risn1/src/dis_tutorial3/install/dis_tutorial3/share/dis_tutorial3/cmake/rosidl_cmake_export_typesupport_targets-extras.cmake
-- Up-to-date: /home/nik/Documents/RIS/risn1/src/dis_tutorial3/install/dis_tutorial3/share/dis_tutorial3/cmake/rosidl_cmake_export_typesupport_libraries-extras.cmake
-- Up-to-date: /home/nik/Documents/RIS/risn1/src/dis_tutorial3/install/dis_tutorial3/share/dis_tutorial3/cmake/dis_tutorial3Config.cmake
-- Up-to-date: /home/nik/Documents/RIS/risn1/src/dis_tutorial3/install/dis_tutorial3/share/dis_tutorial3/cmake/dis_tutorial3Config-version.cmake
-- Up-to-date: /home/nik/Documents/RIS/risn1/src/dis_tutorial3/install/dis_tutorial3/share/dis_tutorial3/package.xml
