[0.010s] Invoking command in '/home/nik/Documents/RIS/risn1/src/dis_tutorial3/build/dis_tutorial3': /usr/bin/cmake /home/nik/Documents/RIS/risn1/src/dis_tutorial3 -DCMAKE_INSTALL_PREFIX=/home/nik/Documents/RIS/risn1/src/dis_tutorial3/install/dis_tutorial3
[0.017s] -- Found ament_cmake: 1.3.11 (/opt/ros/humble/share/ament_cmake/cmake)
[0.304s] -- Found rclcpp: 16.0.12 (/opt/ros/humble/share/rclcpp/cmake)
[0.318s] -- Found rosidl_generator_c: 3.1.6 (/opt/ros/humble/share/rosidl_generator_c/cmake)
[0.320s] -- Found rosidl_adapter: 3.1.6 (/opt/ros/humble/share/rosidl_adapter/cmake)
[0.322s] -- Found rosidl_generator_cpp: 3.1.6 (/opt/ros/humble/share/rosidl_generator_cpp/cmake)
[0.327s] -- Using all available rosidl_typesupport_c: rosidl_typesupport_fastrtps_c;rosidl_typesupport_introspection_c
[0.334s] -- Using all available rosidl_typesupport_cpp: rosidl_typesupport_fastrtps_cpp;rosidl_typesupport_introspection_cpp
[0.352s] -- Found rmw_implementation_cmake: 6.1.2 (/opt/ros/humble/share/rmw_implementation_cmake/cmake)
[0.352s] -- Found rmw_fastrtps_cpp: 6.2.7 (/opt/ros/humble/share/rmw_fastrtps_cpp/cmake)
[0.420s] -- Using RMW implementation 'rmw_fastrtps_cpp' as default
[0.452s] [31mCMake Error at CMakeLists.txt:16 (find_package):
[0.452s]   By not providing "Findrclpy.cmake" in CMAKE_MODULE_PATH this project has
[0.452s]   asked CMake to find a package configuration file provided by "rclpy", but
[0.452s]   CMake did not find one.
[0.452s] 
[0.452s]   Could not find a package configuration file provided by "rclpy" with any of
[0.452s]   the following names:
[0.452s] 
[0.452s]     rclpyConfig.cmake
[0.452s]     rclpy-config.cmake
[0.452s] 
[0.452s]   Add the installation prefix of "rclpy" to CMAKE_PREFIX_PATH or set
[0.452s]   "rclpy_DIR" to a directory containing one of the above files.  If "rclpy"
[0.452s]   provides a separate development package or SDK, be sure it has been
[0.452s]   installed.
[0.452s] 
[0.452s] [0m
[0.452s] -- Configuring incomplete, errors occurred!
[0.452s] See also "/home/nik/Documents/RIS/risn1/src/dis_tutorial3/build/dis_tutorial3/CMakeFiles/CMakeOutput.log".
[0.455s] Invoked command in '/home/nik/Documents/RIS/risn1/src/dis_tutorial3/build/dis_tutorial3' returned '1': /usr/bin/cmake /home/nik/Documents/RIS/risn1/src/dis_tutorial3 -DCMAKE_INSTALL_PREFIX=/home/nik/Documents/RIS/risn1/src/dis_tutorial3/install/dis_tutorial3
