[0.006s] Invoking command in '/home/nik/Documents/RIS/risn1/src/dis_tutorial3/build/dis_tutorial3': CMAKE_PREFIX_PATH=/opt/ros/humble /usr/bin/cmake /home/nik/Documents/RIS/risn1/src/dis_tutorial3 -DCMAKE_INSTALL_PREFIX=/home/nik/Documents/RIS/risn1/src/dis_tutorial3/install/dis_tutorial3
[0.013s] -- Found ament_cmake: 1.3.11 (/opt/ros/humble/share/ament_cmake/cmake)
[0.222s] -- Found rclcpp: 16.0.12 (/opt/ros/humble/share/rclcpp/cmake)
[0.237s] -- Found rosidl_generator_c: 3.1.6 (/opt/ros/humble/share/rosidl_generator_c/cmake)
[0.238s] -- Found rosidl_adapter: 3.1.6 (/opt/ros/humble/share/rosidl_adapter/cmake)
[0.241s] -- Found rosidl_generator_cpp: 3.1.6 (/opt/ros/humble/share/rosidl_generator_cpp/cmake)
[0.247s] -- Using all available rosidl_typesupport_c: rosidl_typesupport_fastrtps_c;rosidl_typesupport_introspection_c
[0.253s] -- Using all available rosidl_typesupport_cpp: rosidl_typesupport_fastrtps_cpp;rosidl_typesupport_introspection_cpp
[0.270s] -- Found rmw_implementation_cmake: 6.1.2 (/opt/ros/humble/share/rmw_implementation_cmake/cmake)
[0.271s] -- Found rmw_fastrtps_cpp: 6.2.7 (/opt/ros/humble/share/rmw_fastrtps_cpp/cmake)
[0.332s] -- Using RMW implementation 'rmw_fastrtps_cpp' as default
[0.363s] -- Found rclpy: 3.3.16 (/opt/ros/humble/share/rclpy/cmake)
[0.363s] -- Found std_srvs: 4.8.0 (/opt/ros/humble/share/std_srvs/cmake)
[0.370s] -- Found geometry_msgs: 4.8.0 (/opt/ros/humble/share/geometry_msgs/cmake)
[0.378s] -- Found rosidl_default_generators: 1.2.0 (/opt/ros/humble/share/rosidl_default_generators/cmake)
[0.711s] Traceback (most recent call last):
[0.711s]   File "/opt/ros/humble/share/ament_cmake_core/cmake/core/package_xml_2_cmake.py", line 22, in <module>
[0.711s]     from catkin_pkg.package import parse_package_string
[0.711s] ModuleNotFoundError: No module named 'catkin_pkg'
[0.713s] [31mCMake Error at /opt/ros/humble/share/ament_cmake_core/cmake/core/ament_package_xml.cmake:95 (message):
[0.713s]   execute_process(/home/nik/.pyenv/shims/python3
[0.713s]   /opt/ros/humble/share/ament_cmake_core/cmake/core/package_xml_2_cmake.py
[0.713s]   /home/nik/Documents/RIS/risn1/src/dis_tutorial3/package.xml
[0.713s]   /home/nik/Documents/RIS/risn1/src/dis_tutorial3/build/dis_tutorial3/ament_cmake_core/package.cmake)
[0.713s]   returned error code 1
[0.713s] Call Stack (most recent call first):
[0.713s]   /opt/ros/humble/share/ament_cmake_core/cmake/core/ament_package_xml.cmake:49 (_ament_package_xml)
[0.713s]   /opt/ros/humble/share/rosidl_cmake/cmake/rosidl_generate_interfaces.cmake:226 (ament_package_xml)
[0.713s]   CMakeLists.txt:25 (rosidl_generate_interfaces)
[0.713s] 
[0.713s] [0m
[0.713s] -- Configuring incomplete, errors occurred!
[0.713s] See also "/home/nik/Documents/RIS/risn1/src/dis_tutorial3/build/dis_tutorial3/CMakeFiles/CMakeOutput.log".
[0.719s] Invoked command in '/home/nik/Documents/RIS/risn1/src/dis_tutorial3/build/dis_tutorial3' returned '1': CMAKE_PREFIX_PATH=/opt/ros/humble /usr/bin/cmake /home/nik/Documents/RIS/risn1/src/dis_tutorial3 -DCMAKE_INSTALL_PREFIX=/home/nik/Documents/RIS/risn1/src/dis_tutorial3/install/dis_tutorial3
