[0.010s] Invoking command in '/home/nik/Documents/RIS/risn1/src/dis_tutorial3/build/dis_tutorial3': CMAKE_PREFIX_PATH=${CMAKE_PREFIX_PATH}:/opt/ros/humble /usr/bin/cmake --build /home/nik/Documents/RIS/risn1/src/dis_tutorial3/build/dis_tutorial3 -- -j20 -l20
[0.031s] -- Found ament_cmake: 1.3.11 (/opt/ros/humble/share/ament_cmake/cmake)
[0.320s] -- Found rclcpp: 16.0.12 (/opt/ros/humble/share/rclcpp/cmake)
[0.354s] -- Found rosidl_generator_c: 3.1.6 (/opt/ros/humble/share/rosidl_generator_c/cmake)
[0.357s] -- Found rosidl_adapter: 3.1.6 (/opt/ros/humble/share/rosidl_adapter/cmake)
[0.363s] -- Found rosidl_generator_cpp: 3.1.6 (/opt/ros/humble/share/rosidl_generator_cpp/cmake)
[0.373s] -- Using all available rosidl_typesupport_c: rosidl_typesupport_fastrtps_c;rosidl_typesupport_introspection_c
[0.383s] -- Using all available rosidl_typesupport_cpp: rosidl_typesupport_fastrtps_cpp;rosidl_typesupport_introspection_cpp
[0.412s] -- Found rmw_implementation_cmake: 6.1.2 (/opt/ros/humble/share/rmw_implementation_cmake/cmake)
[0.414s] -- Found rmw_fastrtps_cpp: 6.2.7 (/opt/ros/humble/share/rmw_fastrtps_cpp/cmake)
[0.518s] -- Using RMW implementation 'rmw_fastrtps_cpp' as default
[0.573s] -- Found rclpy: 3.3.16 (/opt/ros/humble/share/rclpy/cmake)
[0.573s] -- Found std_srvs: 4.8.0 (/opt/ros/humble/share/std_srvs/cmake)
[0.582s] -- Found geometry_msgs: 4.8.0 (/opt/ros/humble/share/geometry_msgs/cmake)
[0.598s] -- Found rosidl_default_generators: 1.2.0 (/opt/ros/humble/share/rosidl_default_generators/cmake)
[0.880s] [31mCMake Error at /opt/ros/humble/share/rosidl_adapter/cmake/rosidl_adapt_interfaces.cmake:59 (message):
[0.880s]   execute_process(/home/nik/.pyenv/shims/python3 -m rosidl_adapter
[0.880s]   --package-name dis_tutorial3 --arguments-file
[0.880s]   /home/nik/Documents/RIS/risn1/src/dis_tutorial3/build/dis_tutorial3/rosidl_adapter__arguments__dis_tutorial3.json
[0.880s]   --output-dir
[0.880s]   /home/nik/Documents/RIS/risn1/src/dis_tutorial3/build/dis_tutorial3/rosidl_adapter/dis_tutorial3
[0.881s]   --output-file
[0.881s]   /home/nik/Documents/RIS/risn1/src/dis_tutorial3/build/dis_tutorial3/rosidl_adapter/dis_tutorial3.idls)
[0.881s]   returned error code 1:
[0.881s] 
[0.881s]   Traceback (most recent call last):
[0.881s] 
[0.881s]     File "/home/nik/.pyenv/versions/3.10.13/lib/python3.10/runpy.py", line 196, in _run_module_as_main
[0.881s]       return _run_code(code, main_globals, None,
[0.881s]     File "/home/nik/.pyenv/versions/3.10.13/lib/python3.10/runpy.py", line 86, in _run_code
[0.881s]       exec(code, run_globals)
[0.881s]     File "/opt/ros/humble/local/lib/python3.10/dist-packages/rosidl_adapter/__main__.py", line 19, in <module>
[0.881s]       sys.exit(main())
[0.881s]     File "/opt/ros/humble/local/lib/python3.10/dist-packages/rosidl_adapter/main.py", line 53, in main
[0.881s]       abs_idl_file = convert_to_idl(
[0.881s]     File "/opt/ros/humble/local/lib/python3.10/dist-packages/rosidl_adapter/__init__.py", line 18, in convert_to_idl
[0.882s]       from rosidl_adapter.msg import convert_msg_to_idl
[0.882s]     File "/opt/ros/humble/local/lib/python3.10/dist-packages/rosidl_adapter/msg/__init__.py", line 16, in <module>
[0.882s]       from rosidl_adapter.resource import expand_template
[0.882s]     File "/opt/ros/humble/local/lib/python3.10/dist-packages/rosidl_adapter/resource/__init__.py", line 19, in <module>
[0.882s]       import em
[0.882s] 
[0.882s]   ModuleNotFoundError: No module named 'em'
[0.882s] 
[0.882s] Call Stack (most recent call first):
[0.882s]   /opt/ros/humble/share/rosidl_cmake/cmake/rosidl_generate_interfaces.cmake:130 (rosidl_adapt_interfaces)
[0.882s]   CMakeLists.txt:25 (rosidl_generate_interfaces)
[0.882s] 
[0.882s] [0m
[0.882s] -- Configuring incomplete, errors occurred!
[0.882s] See also "/home/nik/Documents/RIS/risn1/src/dis_tutorial3/build/dis_tutorial3/CMakeFiles/CMakeOutput.log".
[0.890s] gmake: *** [Makefile:226: cmake_check_build_system] Error 1
[0.892s] Invoked command in '/home/nik/Documents/RIS/risn1/src/dis_tutorial3/build/dis_tutorial3' returned '2': CMAKE_PREFIX_PATH=${CMAKE_PREFIX_PATH}:/opt/ros/humble /usr/bin/cmake --build /home/nik/Documents/RIS/risn1/src/dis_tutorial3/build/dis_tutorial3 -- -j20 -l20
