[0.007s] Invoking command in '/home/nik/Documents/RIS/risn1/src/dis_tutorial3/build/dis_tutorial3': CMAKE_PREFIX_PATH=/opt/ros/humble /usr/bin/cmake /home/nik/Documents/RIS/risn1/src/dis_tutorial3 -DCMAKE_INSTALL_PREFIX=/home/nik/Documents/RIS/risn1/src/dis_tutorial3/install/dis_tutorial3
[0.014s] -- Found ament_cmake: 1.3.11 (/opt/ros/humble/share/ament_cmake/cmake)
[0.264s] -- Found rclcpp: 16.0.12 (/opt/ros/humble/share/rclcpp/cmake)
[0.280s] -- Found rosidl_generator_c: 3.1.6 (/opt/ros/humble/share/rosidl_generator_c/cmake)
[0.282s] -- Found rosidl_adapter: 3.1.6 (/opt/ros/humble/share/rosidl_adapter/cmake)
[0.287s] -- Found rosidl_generator_cpp: 3.1.6 (/opt/ros/humble/share/rosidl_generator_cpp/cmake)
[0.292s] -- Using all available rosidl_typesupport_c: rosidl_typesupport_fastrtps_c;rosidl_typesupport_introspection_c
[0.299s] -- Using all available rosidl_typesupport_cpp: rosidl_typesupport_fastrtps_cpp;rosidl_typesupport_introspection_cpp
[0.319s] -- Found rmw_implementation_cmake: 6.1.2 (/opt/ros/humble/share/rmw_implementation_cmake/cmake)
[0.320s] -- Found rmw_fastrtps_cpp: 6.2.7 (/opt/ros/humble/share/rmw_fastrtps_cpp/cmake)
[0.381s] -- Using RMW implementation 'rmw_fastrtps_cpp' as default
[0.406s] -- Found rclpy: 3.3.16 (/opt/ros/humble/share/rclpy/cmake)
[0.406s] -- Found std_srvs: 4.8.0 (/opt/ros/humble/share/std_srvs/cmake)
[0.411s] -- Found geometry_msgs: 4.8.0 (/opt/ros/humble/share/geometry_msgs/cmake)
[0.417s] -- Found rosidl_default_generators: 1.2.0 (/opt/ros/humble/share/rosidl_default_generators/cmake)
[0.851s] -- Found ament_cmake_ros: 0.10.0 (/opt/ros/humble/share/ament_cmake_ros/cmake)
[1.377s] -- Using all available rosidl_typesupport_c: rosidl_typesupport_fastrtps_c;rosidl_typesupport_introspection_c
[1.602s] -- Using all available rosidl_typesupport_cpp: rosidl_typesupport_fastrtps_cpp;rosidl_typesupport_introspection_cpp
[1.715s] -- Found PythonInterp: /home/nik/.pyenv/shims/python3 (found suitable version "3.10.13", minimum required is "3.6") 
[1.716s] -- Found python_cmake_module: 0.10.0 (/opt/ros/humble/share/python_cmake_module/cmake)
[1.816s] -- Found PythonLibs: /usr/lib/x86_64-linux-gnu/libpython3.10.so (found suitable version "3.10.12", minimum required is "3.5") 
[1.816s] -- Using PYTHON_EXECUTABLE: /home/nik/.pyenv/shims/python3
[1.816s] -- Using PYTHON_INCLUDE_DIRS: /usr/include/python3.10
[1.816s] -- Using PYTHON_LIBRARIES: /usr/lib/x86_64-linux-gnu/libpython3.10.so
[1.877s] -- Found PythonExtra: .so  
[1.962s] -- Configuring done
[1.980s] -- Generating done
[1.987s] -- Build files have been written to: /home/nik/Documents/RIS/risn1/src/dis_tutorial3/build/dis_tutorial3
[1.993s] Invoked command in '/home/nik/Documents/RIS/risn1/src/dis_tutorial3/build/dis_tutorial3' returned '0': CMAKE_PREFIX_PATH=/opt/ros/humble /usr/bin/cmake /home/nik/Documents/RIS/risn1/src/dis_tutorial3 -DCMAKE_INSTALL_PREFIX=/home/nik/Documents/RIS/risn1/src/dis_tutorial3/install/dis_tutorial3
[1.994s] Invoking command in '/home/nik/Documents/RIS/risn1/src/dis_tutorial3/build/dis_tutorial3': CMAKE_PREFIX_PATH=/opt/ros/humble /usr/bin/cmake --build /home/nik/Documents/RIS/risn1/src/dis_tutorial3/build/dis_tutorial3 -- -j20 -l20
[2.019s] [  3%] [34m[1mGenerating C code for ROS interfaces[0m
[2.024s] [  6%] [34m[1mGenerating C++ code for ROS interfaces[0m
[2.029s] [  6%] Built target ament_cmake_python_copy_dis_tutorial3
[2.097s] Traceback (most recent call last):
[2.097s]   File "/opt/ros/humble/share/rosidl_generator_c/cmake/../../../lib/rosidl_generator_c/rosidl_generator_c", line 8, in <module>
[2.097s]     from rosidl_generator_c import generate_c
[2.097s]   File "/opt/ros/humble/local/lib/python3.10/dist-packages/rosidl_generator_c/__init__.py", line 15, in <module>
[2.097s]     from rosidl_cmake import convert_camel_case_to_lower_case_underscore
[2.097s]   File "/opt/ros/humble/local/lib/python3.10/dist-packages/rosidl_cmake/__init__.py", line 24, in <module>
[2.097s]     from rosidl_parser.parser import parse_idl_file
[2.097s]   File "/opt/ros/humble/local/lib/python3.10/dist-packages/rosidl_parser/parser.py", line 20, in <module>
[2.097s]     from lark import Lark
[2.097s] ModuleNotFoundError: No module named 'lark'
[2.101s] gmake[2]: *** [CMakeFiles/dis_tutorial3__rosidl_generator_c.dir/build.make:147: rosidl_generator_c/dis_tutorial3/msg/task.h] Error 1
[2.101s] gmake[1]: *** [CMakeFiles/Makefile2:212: CMakeFiles/dis_tutorial3__rosidl_generator_c.dir/all] Error 2
[2.101s] gmake[1]: *** Waiting for unfinished jobs....
[2.101s] Traceback (most recent call last):
[2.101s]   File "/opt/ros/humble/share/rosidl_generator_cpp/cmake/../../../lib/rosidl_generator_cpp/rosidl_generator_cpp", line 8, in <module>
[2.101s]     from rosidl_generator_cpp import generate_cpp
[2.101s]   File "/opt/ros/humble/local/lib/python3.10/dist-packages/rosidl_generator_cpp/__init__.py", line 17, in <module>
[2.102s]     from rosidl_cmake import generate_files
[2.102s]   File "/opt/ros/humble/local/lib/python3.10/dist-packages/rosidl_cmake/__init__.py", line 24, in <module>
[2.102s]     from rosidl_parser.parser import parse_idl_file
[2.102s]   File "/opt/ros/humble/local/lib/python3.10/dist-packages/rosidl_parser/parser.py", line 20, in <module>
[2.102s]     from lark import Lark
[2.102s] ModuleNotFoundError: No module named 'lark'
[2.106s] gmake[2]: *** [CMakeFiles/dis_tutorial3__cpp.dir/build.make:153: rosidl_generator_cpp/dis_tutorial3/msg/task.hpp] Error 1
[2.106s] gmake[1]: *** [CMakeFiles/Makefile2:265: CMakeFiles/dis_tutorial3__cpp.dir/all] Error 2
[2.248s] running egg_info
[2.248s] creating dis_tutorial3.egg-info
[2.253s] writing dis_tutorial3.egg-info/PKG-INFO
[2.253s] writing dependency_links to dis_tutorial3.egg-info/dependency_links.txt
[2.253s] writing top-level names to dis_tutorial3.egg-info/top_level.txt
[2.253s] writing manifest file 'dis_tutorial3.egg-info/SOURCES.txt'
[2.267s] reading manifest file 'dis_tutorial3.egg-info/SOURCES.txt'
[2.268s] writing manifest file 'dis_tutorial3.egg-info/SOURCES.txt'
[2.294s] [  6%] Built target ament_cmake_python_build_dis_tutorial3_egg
[2.295s] gmake: *** [Makefile:146: all] Error 2
[2.296s] Invoked command in '/home/nik/Documents/RIS/risn1/src/dis_tutorial3/build/dis_tutorial3' returned '2': CMAKE_PREFIX_PATH=/opt/ros/humble /usr/bin/cmake --build /home/nik/Documents/RIS/risn1/src/dis_tutorial3/build/dis_tutorial3 -- -j20 -l20
