[0.005s] Invoking command in '/home/nik/Documents/RIS/risn1/src/dis_tutorial3/build/dis_tutorial3': CMAKE_PREFIX_PATH=${CMAKE_PREFIX_PATH}:/opt/ros/humble /usr/bin/cmake /home/nik/Documents/RIS/risn1/src/dis_tutorial3 -DCMAKE_INSTALL_PREFIX=/home/nik/Documents/RIS/risn1/src/dis_tutorial3/install/dis_tutorial3
[0.013s] -- Found ament_cmake: 1.3.11 (/opt/ros/humble/share/ament_cmake/cmake)
[0.260s] -- Configuring incomplete, errors occurred!
[0.260s] See also "/home/nik/Documents/RIS/risn1/src/dis_tutorial3/build/dis_tutorial3/CMakeFiles/CMakeOutput.log".
[0.260s] [31mCMake Error at CMakeLists.txt:15 (find_package):
[0.260s]   By not providing "Findrclcpp.cmake" in CMAKE_MODULE_PATH this project has
[0.260s]   asked CMake to find a package configuration file provided by "rclcpp", but
[0.260s]   CMake did not find one.
[0.260s] 
[0.260s]   Could not find a package configuration file provided by "rclcpp" with any
[0.260s]   of the following names:
[0.260s] 
[0.260s]     rclcppConfig.cmake
[0.260s]     rclcpp-config.cmake
[0.260s] 
[0.260s]   Add the installation prefix of "rclcpp" to CMAKE_PREFIX_PATH or set
[0.260s]   "rclcpp_DIR" to a directory containing one of the above files.  If "rclcpp"
[0.260s]   provides a separate development package or SDK, be sure it has been
[0.260s]   installed.
[0.260s] 
[0.260s] [0m
[0.262s] Invoked command in '/home/nik/Documents/RIS/risn1/src/dis_tutorial3/build/dis_tutorial3' returned '1': CMAKE_PREFIX_PATH=${CMAKE_PREFIX_PATH}:/opt/ros/humble /usr/bin/cmake /home/nik/Documents/RIS/risn1/src/dis_tutorial3 -DCMAKE_INSTALL_PREFIX=/home/nik/Documents/RIS/risn1/src/dis_tutorial3/install/dis_tutorial3
