[0.009s] Invoking command in '/home/nik/Documents/RIS/risn1/src/dis_tutorial3/build/dis_tutorial3': /usr/bin/cmake /home/nik/Documents/RIS/risn1/src/dis_tutorial3 -DCMAKE_INSTALL_PREFIX=/home/nik/Documents/RIS/risn1/src/dis_tutorial3/install/dis_tutorial3
[0.045s] -- The C compiler identification is GNU 11.4.0
[0.082s] -- The CXX compiler identification is GNU 11.4.0
[0.090s] -- Detecting C compiler ABI info
[0.140s] -- Detecting C compiler ABI info - done
[0.144s] -- Check for working C compiler: /usr/bin/cc - skipped
[0.144s] -- Detecting C compile features
[0.144s] -- Detecting C compile features - done
[0.146s] -- Detecting CXX compiler ABI info
[0.204s] -- Detecting CXX compiler ABI info - done
[0.210s] -- Check for working CXX compiler: /usr/bin/c++ - skipped
[0.210s] -- Detecting CXX compile features
[0.210s] -- Detecting CXX compile features - done
[0.212s] -- Found ament_cmake: 1.3.11 (/opt/ros/humble/share/ament_cmake/cmake)
[1.066s] -- Found Python3: /home/nik/.pyenv/shims/python3 (found version "3.10.13") found components: Interpreter 
[1.191s] -- Found rclcpp: 16.0.12 (/opt/ros/humble/share/rclcpp/cmake)
[1.208s] -- Found rosidl_generator_c: 3.1.6 (/opt/ros/humble/share/rosidl_generator_c/cmake)
[1.210s] -- Found rosidl_adapter: 3.1.6 (/opt/ros/humble/share/rosidl_adapter/cmake)
[1.214s] -- Found rosidl_generator_cpp: 3.1.6 (/opt/ros/humble/share/rosidl_generator_cpp/cmake)
[1.219s] -- Using all available rosidl_typesupport_c: rosidl_typesupport_fastrtps_c;rosidl_typesupport_introspection_c
[1.226s] -- Using all available rosidl_typesupport_cpp: rosidl_typesupport_fastrtps_cpp;rosidl_typesupport_introspection_cpp
[1.244s] -- Found rmw_implementation_cmake: 6.1.2 (/opt/ros/humble/share/rmw_implementation_cmake/cmake)
[1.245s] -- Found rmw_fastrtps_cpp: 6.2.7 (/opt/ros/humble/share/rmw_fastrtps_cpp/cmake)
[1.300s] -- Found OpenSSL: /usr/lib/x86_64-linux-gnu/libcrypto.so (found version "3.0.2")  
[1.317s] -- Found FastRTPS: /opt/ros/humble/include  
[1.341s] -- Using RMW implementation 'rmw_fastrtps_cpp' as default
[1.347s] -- Looking for pthread.h
[1.398s] -- Looking for pthread.h - found
[1.398s] -- Performing Test CMAKE_HAVE_LIBC_PTHREAD
[1.448s] -- Performing Test CMAKE_HAVE_LIBC_PTHREAD - Success
[1.449s] -- Found Threads: TRUE  
[1.482s] [31mCMake Error at CMakeLists.txt:16 (find_package):
[1.483s]   By not providing "Findrclpy.cmake" in CMAKE_MODULE_PATH this project has
[1.483s]   asked CMake to find a package configuration file provided by "rclpy", but
[1.483s]   CMake did not find one.
[1.483s] 
[1.483s]   Could not find a package configuration file provided by "rclpy" with any of
[1.483s]   the following names:
[1.483s] 
[1.483s]     rclpyConfig.cmake
[1.483s]     rclpy-config.cmake
[1.483s] 
[1.483s]   Add the installation prefix of "rclpy" to CMAKE_PREFIX_PATH or set
[1.483s]   "rclpy_DIR" to a directory containing one of the above files.  If "rclpy"
[1.483s]   provides a separate development package or SDK, be sure it has been
[1.483s]   installed.
[1.483s] 
[1.484s] [0m
[1.484s] -- Configuring incomplete, errors occurred!
[1.484s] See also "/home/nik/Documents/RIS/risn1/src/dis_tutorial3/build/dis_tutorial3/CMakeFiles/CMakeOutput.log".
[1.489s] Invoked command in '/home/nik/Documents/RIS/risn1/src/dis_tutorial3/build/dis_tutorial3' returned '1': /usr/bin/cmake /home/nik/Documents/RIS/risn1/src/dis_tutorial3 -DCMAKE_INSTALL_PREFIX=/home/nik/Documents/RIS/risn1/src/dis_tutorial3/install/dis_tutorial3
