[0.013s] Invoking command in '/home/nik/Documents/RIS/risn1/src/dis_tutorial3/build/dis_tutorial3': CMAKE_PREFIX_PATH=${CMAKE_PREFIX_PATH}:/opt/ros/humble /usr/bin/cmake --build /home/nik/Documents/RIS/risn1/src/dis_tutorial3/build/dis_tutorial3 -- -j20 -l20
[0.041s] -- Found ament_cmake: 1.3.11 (/opt/ros/humble/share/ament_cmake/cmake)
[0.335s] -- Found rclcpp: 16.0.12 (/opt/ros/humble/share/rclcpp/cmake)
[0.368s] -- Found rosidl_generator_c: 3.1.6 (/opt/ros/humble/share/rosidl_generator_c/cmake)
[0.371s] -- Found rosidl_adapter: 3.1.6 (/opt/ros/humble/share/rosidl_adapter/cmake)
[0.378s] -- Found rosidl_generator_cpp: 3.1.6 (/opt/ros/humble/share/rosidl_generator_cpp/cmake)
[0.389s] -- Using all available rosidl_typesupport_c: rosidl_typesupport_fastrtps_c;rosidl_typesupport_introspection_c
[0.403s] -- Using all available rosidl_typesupport_cpp: rosidl_typesupport_fastrtps_cpp;rosidl_typesupport_introspection_cpp
[0.439s] -- Found rmw_implementation_cmake: 6.1.2 (/opt/ros/humble/share/rmw_implementation_cmake/cmake)
[0.440s] -- Found rmw_fastrtps_cpp: 6.2.7 (/opt/ros/humble/share/rmw_fastrtps_cpp/cmake)
[0.550s] -- Using RMW implementation 'rmw_fastrtps_cpp' as default
[0.600s] -- Found rclpy: 3.3.16 (/opt/ros/humble/share/rclpy/cmake)
[0.600s] -- Found std_srvs: 4.8.0 (/opt/ros/humble/share/std_srvs/cmake)
[0.610s] -- Found geometry_msgs: 4.8.0 (/opt/ros/humble/share/geometry_msgs/cmake)
[0.623s] -- Found rosidl_default_generators: 1.2.0 (/opt/ros/humble/share/rosidl_default_generators/cmake)
[1.243s] -- Found ament_cmake_ros: 0.10.0 (/opt/ros/humble/share/ament_cmake_ros/cmake)
[2.016s] -- Using all available rosidl_typesupport_c: rosidl_typesupport_fastrtps_c;rosidl_typesupport_introspection_c
[2.315s] -- Using all available rosidl_typesupport_cpp: rosidl_typesupport_fastrtps_cpp;rosidl_typesupport_introspection_cpp
[2.403s] -- Found python_cmake_module: 0.10.0 (/opt/ros/humble/share/python_cmake_module/cmake)
[2.498s] -- Using PYTHON_EXECUTABLE: /home/nik/.pyenv/shims/python3
[2.498s] -- Using PYTHON_INCLUDE_DIRS: /usr/include/python3.10
[2.499s] -- Using PYTHON_LIBRARIES: /usr/lib/x86_64-linux-gnu/libpython3.10.so
[2.541s] -- Configuring done
[2.577s] -- Generating done
[2.588s] -- Build files have been written to: /home/nik/Documents/RIS/risn1/src/dis_tutorial3/build/dis_tutorial3
[2.618s] [  3%] [34m[1mGenerating C code for ROS interfaces[0m
[2.628s] [  6%] [34m[1mGenerating C++ code for ROS interfaces[0m
[2.639s] [  6%] Built target ament_cmake_python_copy_dis_tutorial3
[3.133s] [35m[1mConsolidate compiler generated dependencies of target dis_tutorial3__rosidl_generator_c[0m
[3.142s] [  6%] Built target dis_tutorial3__cpp
[3.145s] [  9%] [32mBuilding C object CMakeFiles/dis_tutorial3__rosidl_generator_c.dir/rosidl_generator_c/dis_tutorial3/msg/detail/task__functions.c.o[0m
[3.150s] running egg_info
[3.152s] [ 12%] [34m[1mGenerating C++ introspection for ROS interfaces[0m
[3.154s] [ 16%] [34m[1mGenerating C++ type support dispatch for ROS interfaces[0m
[3.154s] [ 19%] [34m[1mGenerating C++ type support for eProsima Fast-RTPS[0m
[3.162s] writing dis_tutorial3.egg-info/PKG-INFO
[3.162s] writing dependency_links to dis_tutorial3.egg-info/dependency_links.txt
[3.163s] writing top-level names to dis_tutorial3.egg-info/top_level.txt
[3.207s] reading manifest file 'dis_tutorial3.egg-info/SOURCES.txt'
[3.208s] writing manifest file 'dis_tutorial3.egg-info/SOURCES.txt'
[3.216s] [ 22%] [32m[1mLinking C shared library libdis_tutorial3__rosidl_generator_c.so[0m
[3.269s] [ 22%] Built target dis_tutorial3__rosidl_generator_c
[3.280s] [ 29%] [34m[1mGenerating C type support for eProsima Fast-RTPS[0m
[3.281s] [ 29%] [34m[1mGenerating C introspection for ROS interfaces[0m
[3.281s] [ 32%] [34m[1mGenerating C type support dispatch for ROS interfaces[0m
[3.284s] [ 32%] Built target ament_cmake_python_build_dis_tutorial3_egg
[3.644s] [35m[1mConsolidate compiler generated dependencies of target dis_tutorial3__rosidl_typesupport_cpp[0m
[3.659s] [ 35%] [32mBuilding CXX object CMakeFiles/dis_tutorial3__rosidl_typesupport_cpp.dir/rosidl_typesupport_cpp/dis_tutorial3/msg/task__type_support.cpp.o[0m
[3.680s] [35m[1mConsolidate compiler generated dependencies of target dis_tutorial3__rosidl_typesupport_introspection_cpp[0m
[3.695s] [ 38%] [32mBuilding CXX object CMakeFiles/dis_tutorial3__rosidl_typesupport_introspection_cpp.dir/rosidl_typesupport_introspection_cpp/dis_tutorial3/msg/detail/task__type_support.cpp.o[0m
[3.779s] [35m[1mConsolidate compiler generated dependencies of target dis_tutorial3__rosidl_typesupport_fastrtps_c[0m
[3.784s] [35m[1mConsolidate compiler generated dependencies of target dis_tutorial3__rosidl_typesupport_fastrtps_cpp[0m
[3.795s] [ 41%] [32mBuilding CXX object CMakeFiles/dis_tutorial3__rosidl_typesupport_fastrtps_c.dir/rosidl_typesupport_fastrtps_c/dis_tutorial3/msg/detail/task__type_support_c.cpp.o[0m
[3.799s] [ 45%] [32mBuilding CXX object CMakeFiles/dis_tutorial3__rosidl_typesupport_fastrtps_cpp.dir/rosidl_typesupport_fastrtps_cpp/dis_tutorial3/msg/detail/dds_fastrtps/task__type_support.cpp.o[0m
[3.815s] [35m[1mConsolidate compiler generated dependencies of target dis_tutorial3__rosidl_typesupport_c[0m
[3.829s] [ 48%] [32mBuilding CXX object CMakeFiles/dis_tutorial3__rosidl_typesupport_c.dir/rosidl_typesupport_c/dis_tutorial3/msg/task__type_support.cpp.o[0m
[3.869s] [ 51%] [32m[1mLinking CXX shared library libdis_tutorial3__rosidl_typesupport_c.so[0m
[3.912s] [35m[1mConsolidate compiler generated dependencies of target dis_tutorial3__rosidl_typesupport_introspection_c[0m
[3.922s] [ 51%] Built target dis_tutorial3__rosidl_typesupport_c
[3.927s] [ 54%] [32mBuilding C object CMakeFiles/dis_tutorial3__rosidl_typesupport_introspection_c.dir/rosidl_typesupport_introspection_c/dis_tutorial3/msg/detail/task__type_support.c.o[0m
[3.963s] [ 58%] [32m[1mLinking C shared library libdis_tutorial3__rosidl_typesupport_introspection_c.so[0m
[4.000s] [ 58%] Built target dis_tutorial3__rosidl_typesupport_introspection_c
[4.030s] [ 61%] [32m[1mLinking CXX shared library libdis_tutorial3__rosidl_typesupport_cpp.so[0m
[4.079s] [ 61%] Built target dis_tutorial3__rosidl_typesupport_cpp
[4.185s] [ 64%] [32m[1mLinking CXX shared library libdis_tutorial3__rosidl_typesupport_introspection_cpp.so[0m
[4.257s] [ 64%] Built target dis_tutorial3__rosidl_typesupport_introspection_cpp
[4.259s] [ 67%] [32m[1mLinking CXX shared library libdis_tutorial3__rosidl_typesupport_fastrtps_c.so[0m
[4.303s] [ 70%] [32m[1mLinking CXX shared library libdis_tutorial3__rosidl_typesupport_fastrtps_cpp.so[0m
[4.343s] [ 70%] Built target dis_tutorial3__rosidl_typesupport_fastrtps_c
[4.391s] [ 70%] Built target dis_tutorial3__rosidl_typesupport_fastrtps_cpp
[4.412s] [ 70%] Built target dis_tutorial3
[4.434s] [ 74%] [34m[1mGenerating Python code for ROS interfaces[0m
[4.954s] [ 74%] Built target dis_tutorial3__py
[4.965s] [35m[1mConsolidate compiler generated dependencies of target dis_tutorial3__rosidl_generator_py[0m
[4.980s] [ 77%] [32mBuilding C object CMakeFiles/dis_tutorial3__rosidl_generator_py.dir/rosidl_generator_py/dis_tutorial3/msg/_task_s.c.o[0m
[5.092s] [ 80%] [32m[1mLinking C shared library rosidl_generator_py/dis_tutorial3/libdis_tutorial3__rosidl_generator_py.so[0m
[5.136s] [ 80%] Built target dis_tutorial3__rosidl_generator_py
[5.144s] [35m[1mConsolidate compiler generated dependencies of target dis_tutorial3__rosidl_typesupport_c__pyext[0m
[5.145s] [35m[1mConsolidate compiler generated dependencies of target dis_tutorial3__rosidl_typesupport_fastrtps_c__pyext[0m
[5.145s] [35m[1mConsolidate compiler generated dependencies of target dis_tutorial3__rosidl_typesupport_introspection_c__pyext[0m
[5.157s] [ 83%] [32mBuilding C object CMakeFiles/dis_tutorial3__rosidl_typesupport_fastrtps_c__pyext.dir/rosidl_generator_py/dis_tutorial3/_dis_tutorial3_s.ep.rosidl_typesupport_fastrtps_c.c.o[0m
[5.158s] [ 87%] [32mBuilding C object CMakeFiles/dis_tutorial3__rosidl_typesupport_introspection_c__pyext.dir/rosidl_generator_py/dis_tutorial3/_dis_tutorial3_s.ep.rosidl_typesupport_introspection_c.c.o[0m
[5.158s] [ 90%] [32mBuilding C object CMakeFiles/dis_tutorial3__rosidl_typesupport_c__pyext.dir/rosidl_generator_py/dis_tutorial3/_dis_tutorial3_s.ep.rosidl_typesupport_c.c.o[0m
[5.270s] [ 93%] [32m[1mLinking C shared library rosidl_generator_py/dis_tutorial3/dis_tutorial3_s__rosidl_typesupport_introspection_c.cpython-310-x86_64-linux-gnu.so[0m
[5.277s] [ 96%] [32m[1mLinking C shared library rosidl_generator_py/dis_tutorial3/dis_tutorial3_s__rosidl_typesupport_c.cpython-310-x86_64-linux-gnu.so[0m
[5.286s] [100%] [32m[1mLinking C shared library rosidl_generator_py/dis_tutorial3/dis_tutorial3_s__rosidl_typesupport_fastrtps_c.cpython-310-x86_64-linux-gnu.so[0m
[5.319s] [100%] Built target dis_tutorial3__rosidl_typesupport_c__pyext
[5.320s] [100%] Built target dis_tutorial3__rosidl_typesupport_introspection_c__pyext
[5.326s] [100%] Built target dis_tutorial3__rosidl_typesupport_fastrtps_c__pyext
[5.339s] Invoked command in '/home/nik/Documents/RIS/risn1/src/dis_tutorial3/build/dis_tutorial3' returned '0': CMAKE_PREFIX_PATH=${CMAKE_PREFIX_PATH}:/opt/ros/humble /usr/bin/cmake --build /home/nik/Documents/RIS/risn1/src/dis_tutorial3/build/dis_tutorial3 -- -j20 -l20
[5.350s] Invoking command in '/home/nik/Documents/RIS/risn1/src/dis_tutorial3/build/dis_tutorial3': CMAKE_PREFIX_PATH=${CMAKE_PREFIX_PATH}:/opt/ros/humble /usr/bin/cmake --install /home/nik/Documents/RIS/risn1/src/dis_tutorial3/build/dis_tutorial3
[5.361s] -- Install configuration: ""
[5.361s] -- Up-to-date: /home/nik/Documents/RIS/risn1/src/dis_tutorial3/install/dis_tutorial3/share/ament_index/resource_index/rosidl_interfaces/dis_tutorial3
[5.361s] -- Up-to-date: /home/nik/Documents/RIS/risn1/src/dis_tutorial3/install/dis_tutorial3/include/dis_tutorial3/dis_tutorial3
[5.362s] -- Up-to-date: /home/nik/Documents/RIS/risn1/src/dis_tutorial3/install/dis_tutorial3/include/dis_tutorial3/dis_tutorial3/msg
[5.362s] -- Installing: /home/nik/Documents/RIS/risn1/src/dis_tutorial3/install/dis_tutorial3/include/dis_tutorial3/dis_tutorial3/msg/task.h
[5.362s] -- Up-to-date: /home/nik/Documents/RIS/risn1/src/dis_tutorial3/install/dis_tutorial3/include/dis_tutorial3/dis_tutorial3/msg/detail
[5.362s] -- Installing: /home/nik/Documents/RIS/risn1/src/dis_tutorial3/install/dis_tutorial3/include/dis_tutorial3/dis_tutorial3/msg/detail/task__struct.h
[5.362s] -- Installing: /home/nik/Documents/RIS/risn1/src/dis_tutorial3/install/dis_tutorial3/include/dis_tutorial3/dis_tutorial3/msg/detail/task__type_support.h
[5.362s] -- Installing: /home/nik/Documents/RIS/risn1/src/dis_tutorial3/install/dis_tutorial3/include/dis_tutorial3/dis_tutorial3/msg/detail/task__functions.c
[5.362s] -- Installing: /home/nik/Documents/RIS/risn1/src/dis_tutorial3/install/dis_tutorial3/include/dis_tutorial3/dis_tutorial3/msg/detail/task__functions.h
[5.362s] -- Up-to-date: /home/nik/Documents/RIS/risn1/src/dis_tutorial3/install/dis_tutorial3/include/dis_tutorial3/dis_tutorial3/msg/rosidl_generator_c__visibility_control.h
[5.362s] -- Up-to-date: /home/nik/Documents/RIS/risn1/src/dis_tutorial3/install/dis_tutorial3/share/dis_tutorial3/environment/library_path.sh
[5.362s] -- Installing: /home/nik/Documents/RIS/risn1/src/dis_tutorial3/install/dis_tutorial3/share/dis_tutorial3/environment/library_path.dsv
[5.363s] -- Installing: /home/nik/Documents/RIS/risn1/src/dis_tutorial3/install/dis_tutorial3/lib/libdis_tutorial3__rosidl_generator_c.so
[5.363s] -- Set runtime path of "/home/nik/Documents/RIS/risn1/src/dis_tutorial3/install/dis_tutorial3/lib/libdis_tutorial3__rosidl_generator_c.so" to ""
[5.363s] -- Up-to-date: /home/nik/Documents/RIS/risn1/src/dis_tutorial3/install/dis_tutorial3/include/dis_tutorial3/dis_tutorial3
[5.363s] -- Up-to-date: /home/nik/Documents/RIS/risn1/src/dis_tutorial3/install/dis_tutorial3/include/dis_tutorial3/dis_tutorial3/msg
[5.363s] -- Up-to-date: /home/nik/Documents/RIS/risn1/src/dis_tutorial3/install/dis_tutorial3/include/dis_tutorial3/dis_tutorial3/msg/rosidl_typesupport_fastrtps_c__visibility_control.h
[5.363s] -- Up-to-date: /home/nik/Documents/RIS/risn1/src/dis_tutorial3/install/dis_tutorial3/include/dis_tutorial3/dis_tutorial3/msg/detail
[5.364s] -- Installing: /home/nik/Documents/RIS/risn1/src/dis_tutorial3/install/dis_tutorial3/include/dis_tutorial3/dis_tutorial3/msg/detail/task__rosidl_typesupport_fastrtps_c.h
[5.364s] -- Installing: /home/nik/Documents/RIS/risn1/src/dis_tutorial3/install/dis_tutorial3/lib/libdis_tutorial3__rosidl_typesupport_fastrtps_c.so
[5.364s] -- Set runtime path of "/home/nik/Documents/RIS/risn1/src/dis_tutorial3/install/dis_tutorial3/lib/libdis_tutorial3__rosidl_typesupport_fastrtps_c.so" to ""
[5.364s] -- Up-to-date: /home/nik/Documents/RIS/risn1/src/dis_tutorial3/install/dis_tutorial3/include/dis_tutorial3/dis_tutorial3
[5.364s] -- Up-to-date: /home/nik/Documents/RIS/risn1/src/dis_tutorial3/install/dis_tutorial3/include/dis_tutorial3/dis_tutorial3/msg
[5.364s] -- Up-to-date: /home/nik/Documents/RIS/risn1/src/dis_tutorial3/install/dis_tutorial3/include/dis_tutorial3/dis_tutorial3/msg/rosidl_generator_cpp__visibility_control.hpp
[5.365s] -- Up-to-date: /home/nik/Documents/RIS/risn1/src/dis_tutorial3/install/dis_tutorial3/include/dis_tutorial3/dis_tutorial3/msg/detail
[5.365s] -- Installing: /home/nik/Documents/RIS/risn1/src/dis_tutorial3/install/dis_tutorial3/include/dis_tutorial3/dis_tutorial3/msg/detail/task__struct.hpp
[5.365s] -- Installing: /home/nik/Documents/RIS/risn1/src/dis_tutorial3/install/dis_tutorial3/include/dis_tutorial3/dis_tutorial3/msg/detail/task__builder.hpp
[5.365s] -- Installing: /home/nik/Documents/RIS/risn1/src/dis_tutorial3/install/dis_tutorial3/include/dis_tutorial3/dis_tutorial3/msg/detail/task__type_support.hpp
[5.365s] -- Installing: /home/nik/Documents/RIS/risn1/src/dis_tutorial3/install/dis_tutorial3/include/dis_tutorial3/dis_tutorial3/msg/detail/task__traits.hpp
[5.366s] -- Installing: /home/nik/Documents/RIS/risn1/src/dis_tutorial3/install/dis_tutorial3/include/dis_tutorial3/dis_tutorial3/msg/task.hpp
[5.366s] -- Up-to-date: /home/nik/Documents/RIS/risn1/src/dis_tutorial3/install/dis_tutorial3/include/dis_tutorial3/dis_tutorial3
[5.366s] -- Up-to-date: /home/nik/Documents/RIS/risn1/src/dis_tutorial3/install/dis_tutorial3/include/dis_tutorial3/dis_tutorial3/msg
[5.366s] -- Up-to-date: /home/nik/Documents/RIS/risn1/src/dis_tutorial3/install/dis_tutorial3/include/dis_tutorial3/dis_tutorial3/msg/detail
[5.366s] -- Installing: /home/nik/Documents/RIS/risn1/src/dis_tutorial3/install/dis_tutorial3/include/dis_tutorial3/dis_tutorial3/msg/detail/task__rosidl_typesupport_fastrtps_cpp.hpp
[5.366s] -- Up-to-date: /home/nik/Documents/RIS/risn1/src/dis_tutorial3/install/dis_tutorial3/include/dis_tutorial3/dis_tutorial3/msg/detail/dds_fastrtps
[5.367s] -- Up-to-date: /home/nik/Documents/RIS/risn1/src/dis_tutorial3/install/dis_tutorial3/include/dis_tutorial3/dis_tutorial3/msg/rosidl_typesupport_fastrtps_cpp__visibility_control.h
[5.367s] -- Installing: /home/nik/Documents/RIS/risn1/src/dis_tutorial3/install/dis_tutorial3/lib/libdis_tutorial3__rosidl_typesupport_fastrtps_cpp.so
[5.367s] -- Set runtime path of "/home/nik/Documents/RIS/risn1/src/dis_tutorial3/install/dis_tutorial3/lib/libdis_tutorial3__rosidl_typesupport_fastrtps_cpp.so" to ""
[5.367s] -- Up-to-date: /home/nik/Documents/RIS/risn1/src/dis_tutorial3/install/dis_tutorial3/include/dis_tutorial3/dis_tutorial3
[5.367s] -- Up-to-date: /home/nik/Documents/RIS/risn1/src/dis_tutorial3/install/dis_tutorial3/include/dis_tutorial3/dis_tutorial3/msg
[5.367s] -- Up-to-date: /home/nik/Documents/RIS/risn1/src/dis_tutorial3/install/dis_tutorial3/include/dis_tutorial3/dis_tutorial3/msg/rosidl_typesupport_introspection_c__visibility_control.h
[5.367s] -- Up-to-date: /home/nik/Documents/RIS/risn1/src/dis_tutorial3/install/dis_tutorial3/include/dis_tutorial3/dis_tutorial3/msg/detail
[5.368s] -- Installing: /home/nik/Documents/RIS/risn1/src/dis_tutorial3/install/dis_tutorial3/include/dis_tutorial3/dis_tutorial3/msg/detail/task__type_support.c
[5.368s] -- Installing: /home/nik/Documents/RIS/risn1/src/dis_tutorial3/install/dis_tutorial3/include/dis_tutorial3/dis_tutorial3/msg/detail/task__rosidl_typesupport_introspection_c.h
[5.368s] -- Installing: /home/nik/Documents/RIS/risn1/src/dis_tutorial3/install/dis_tutorial3/lib/libdis_tutorial3__rosidl_typesupport_introspection_c.so
[5.368s] -- Set runtime path of "/home/nik/Documents/RIS/risn1/src/dis_tutorial3/install/dis_tutorial3/lib/libdis_tutorial3__rosidl_typesupport_introspection_c.so" to ""
[5.368s] -- Installing: /home/nik/Documents/RIS/risn1/src/dis_tutorial3/install/dis_tutorial3/lib/libdis_tutorial3__rosidl_typesupport_c.so
[5.368s] -- Set runtime path of "/home/nik/Documents/RIS/risn1/src/dis_tutorial3/install/dis_tutorial3/lib/libdis_tutorial3__rosidl_typesupport_c.so" to ""
[5.368s] -- Up-to-date: /home/nik/Documents/RIS/risn1/src/dis_tutorial3/install/dis_tutorial3/include/dis_tutorial3/dis_tutorial3
[5.368s] -- Up-to-date: /home/nik/Documents/RIS/risn1/src/dis_tutorial3/install/dis_tutorial3/include/dis_tutorial3/dis_tutorial3/msg
[5.369s] -- Up-to-date: /home/nik/Documents/RIS/risn1/src/dis_tutorial3/install/dis_tutorial3/include/dis_tutorial3/dis_tutorial3/msg/detail
[5.369s] -- Installing: /home/nik/Documents/RIS/risn1/src/dis_tutorial3/install/dis_tutorial3/include/dis_tutorial3/dis_tutorial3/msg/detail/task__type_support.cpp
[5.369s] -- Installing: /home/nik/Documents/RIS/risn1/src/dis_tutorial3/install/dis_tutorial3/include/dis_tutorial3/dis_tutorial3/msg/detail/task__rosidl_typesupport_introspection_cpp.hpp
[5.369s] -- Installing: /home/nik/Documents/RIS/risn1/src/dis_tutorial3/install/dis_tutorial3/lib/libdis_tutorial3__rosidl_typesupport_introspection_cpp.so
[5.369s] -- Set runtime path of "/home/nik/Documents/RIS/risn1/src/dis_tutorial3/install/dis_tutorial3/lib/libdis_tutorial3__rosidl_typesupport_introspection_cpp.so" to ""
[5.369s] -- Installing: /home/nik/Documents/RIS/risn1/src/dis_tutorial3/install/dis_tutorial3/lib/libdis_tutorial3__rosidl_typesupport_cpp.so
[5.369s] -- Set runtime path of "/home/nik/Documents/RIS/risn1/src/dis_tutorial3/install/dis_tutorial3/lib/libdis_tutorial3__rosidl_typesupport_cpp.so" to ""
[5.370s] -- Up-to-date: /home/nik/Documents/RIS/risn1/src/dis_tutorial3/install/dis_tutorial3/share/dis_tutorial3/environment/pythonpath.sh
[5.370s] -- Installing: /home/nik/Documents/RIS/risn1/src/dis_tutorial3/install/dis_tutorial3/share/dis_tutorial3/environment/pythonpath.dsv
[5.370s] -- Up-to-date: /home/nik/Documents/RIS/risn1/src/dis_tutorial3/install/dis_tutorial3/lib/python3.10/site-packages/dis_tutorial3-0.0.1-py3.10.egg-info
[5.370s] -- Installing: /home/nik/Documents/RIS/risn1/src/dis_tutorial3/install/dis_tutorial3/lib/python3.10/site-packages/dis_tutorial3-0.0.1-py3.10.egg-info/SOURCES.txt
[5.370s] -- Installing: /home/nik/Documents/RIS/risn1/src/dis_tutorial3/install/dis_tutorial3/lib/python3.10/site-packages/dis_tutorial3-0.0.1-py3.10.egg-info/top_level.txt
[5.370s] -- Installing: /home/nik/Documents/RIS/risn1/src/dis_tutorial3/install/dis_tutorial3/lib/python3.10/site-packages/dis_tutorial3-0.0.1-py3.10.egg-info/dependency_links.txt
[5.370s] -- Installing: /home/nik/Documents/RIS/risn1/src/dis_tutorial3/install/dis_tutorial3/lib/python3.10/site-packages/dis_tutorial3-0.0.1-py3.10.egg-info/PKG-INFO
[5.370s] -- Up-to-date: /home/nik/Documents/RIS/risn1/src/dis_tutorial3/install/dis_tutorial3/lib/python3.10/site-packages/dis_tutorial3
[5.371s] -- Installing: /home/nik/Documents/RIS/risn1/src/dis_tutorial3/install/dis_tutorial3/lib/python3.10/site-packages/dis_tutorial3/_dis_tutorial3_s.ep.rosidl_typesupport_c.c
[5.371s] -- Installing: /home/nik/Documents/RIS/risn1/src/dis_tutorial3/install/dis_tutorial3/lib/python3.10/site-packages/dis_tutorial3/_dis_tutorial3_s.ep.rosidl_typesupport_introspection_c.c
[5.371s] -- Installing: /home/nik/Documents/RIS/risn1/src/dis_tutorial3/install/dis_tutorial3/lib/python3.10/site-packages/dis_tutorial3/libdis_tutorial3__rosidl_generator_py.so
[5.371s] -- Installing: /home/nik/Documents/RIS/risn1/src/dis_tutorial3/install/dis_tutorial3/lib/python3.10/site-packages/dis_tutorial3/__init__.py
[5.371s] -- Up-to-date: /home/nik/Documents/RIS/risn1/src/dis_tutorial3/install/dis_tutorial3/lib/python3.10/site-packages/dis_tutorial3/msg
[5.371s] -- Installing: /home/nik/Documents/RIS/risn1/src/dis_tutorial3/install/dis_tutorial3/lib/python3.10/site-packages/dis_tutorial3/msg/__init__.py
[5.371s] -- Installing: /home/nik/Documents/RIS/risn1/src/dis_tutorial3/install/dis_tutorial3/lib/python3.10/site-packages/dis_tutorial3/msg/_task_s.c
[5.371s] -- Installing: /home/nik/Documents/RIS/risn1/src/dis_tutorial3/install/dis_tutorial3/lib/python3.10/site-packages/dis_tutorial3/msg/_task.py
[5.371s] -- Installing: /home/nik/Documents/RIS/risn1/src/dis_tutorial3/install/dis_tutorial3/lib/python3.10/site-packages/dis_tutorial3/dis_tutorial3_s__rosidl_typesupport_c.cpython-310-x86_64-linux-gnu.so
[5.371s] -- Installing: /home/nik/Documents/RIS/risn1/src/dis_tutorial3/install/dis_tutorial3/lib/python3.10/site-packages/dis_tutorial3/dis_tutorial3_s__rosidl_typesupport_introspection_c.cpython-310-x86_64-linux-gnu.so
[5.372s] -- Installing: /home/nik/Documents/RIS/risn1/src/dis_tutorial3/install/dis_tutorial3/lib/python3.10/site-packages/dis_tutorial3/_dis_tutorial3_s.ep.rosidl_typesupport_fastrtps_c.c
[5.372s] -- Installing: /home/nik/Documents/RIS/risn1/src/dis_tutorial3/install/dis_tutorial3/lib/python3.10/site-packages/dis_tutorial3/dis_tutorial3_s__rosidl_typesupport_fastrtps_c.cpython-310-x86_64-linux-gnu.so
[5.495s] Listing '/home/nik/Documents/RIS/risn1/src/dis_tutorial3/install/dis_tutorial3/lib/python3.10/site-packages/dis_tutorial3'...
[5.495s] Compiling '/home/nik/Documents/RIS/risn1/src/dis_tutorial3/install/dis_tutorial3/lib/python3.10/site-packages/dis_tutorial3/__init__.py'...
[5.495s] Listing '/home/nik/Documents/RIS/risn1/src/dis_tutorial3/install/dis_tutorial3/lib/python3.10/site-packages/dis_tutorial3/msg'...
[5.495s] Compiling '/home/nik/Documents/RIS/risn1/src/dis_tutorial3/install/dis_tutorial3/lib/python3.10/site-packages/dis_tutorial3/msg/__init__.py'...
[5.496s] Compiling '/home/nik/Documents/RIS/risn1/src/dis_tutorial3/install/dis_tutorial3/lib/python3.10/site-packages/dis_tutorial3/msg/_task.py'...
[5.501s] -- Installing: /home/nik/Documents/RIS/risn1/src/dis_tutorial3/install/dis_tutorial3/lib/python3.10/site-packages/dis_tutorial3/dis_tutorial3_s__rosidl_typesupport_fastrtps_c.cpython-310-x86_64-linux-gnu.so
[5.501s] -- Set runtime path of "/home/nik/Documents/RIS/risn1/src/dis_tutorial3/install/dis_tutorial3/lib/python3.10/site-packages/dis_tutorial3/dis_tutorial3_s__rosidl_typesupport_fastrtps_c.cpython-310-x86_64-linux-gnu.so" to ""
[5.501s] -- Installing: /home/nik/Documents/RIS/risn1/src/dis_tutorial3/install/dis_tutorial3/lib/python3.10/site-packages/dis_tutorial3/dis_tutorial3_s__rosidl_typesupport_introspection_c.cpython-310-x86_64-linux-gnu.so
[5.501s] -- Set runtime path of "/home/nik/Documents/RIS/risn1/src/dis_tutorial3/install/dis_tutorial3/lib/python3.10/site-packages/dis_tutorial3/dis_tutorial3_s__rosidl_typesupport_introspection_c.cpython-310-x86_64-linux-gnu.so" to ""
[5.502s] -- Installing: /home/nik/Documents/RIS/risn1/src/dis_tutorial3/install/dis_tutorial3/lib/python3.10/site-packages/dis_tutorial3/dis_tutorial3_s__rosidl_typesupport_c.cpython-310-x86_64-linux-gnu.so
[5.502s] -- Set runtime path of "/home/nik/Documents/RIS/risn1/src/dis_tutorial3/install/dis_tutorial3/lib/python3.10/site-packages/dis_tutorial3/dis_tutorial3_s__rosidl_typesupport_c.cpython-310-x86_64-linux-gnu.so" to ""
[5.502s] -- Installing: /home/nik/Documents/RIS/risn1/src/dis_tutorial3/install/dis_tutorial3/lib/libdis_tutorial3__rosidl_generator_py.so
[5.503s] -- Set runtime path of "/home/nik/Documents/RIS/risn1/src/dis_tutorial3/install/dis_tutorial3/lib/libdis_tutorial3__rosidl_generator_py.so" to ""
[5.503s] -- Installing: /home/nik/Documents/RIS/risn1/src/dis_tutorial3/install/dis_tutorial3/share/dis_tutorial3/msg/Task.idl
[5.503s] -- Installing: /home/nik/Documents/RIS/risn1/src/dis_tutorial3/install/dis_tutorial3/share/dis_tutorial3/msg/Task.msg
[5.503s] -- Up-to-date: /home/nik/Documents/RIS/risn1/src/dis_tutorial3/install/dis_tutorial3/share/dis_tutorial3//launch
[5.503s] -- Up-to-date: /home/nik/Documents/RIS/risn1/src/dis_tutorial3/install/dis_tutorial3/share/dis_tutorial3//launch/turtlebot4_spawn_nav.launch.py
[5.503s] -- Up-to-date: /home/nik/Documents/RIS/risn1/src/dis_tutorial3/install/dis_tutorial3/share/dis_tutorial3//launch/dis_sim.launch.py
[5.503s] -- Up-to-date: /home/nik/Documents/RIS/risn1/src/dis_tutorial3/install/dis_tutorial3/share/dis_tutorial3//launch/create3_nodes.launch.py
[5.504s] -- Up-to-date: /home/nik/Documents/RIS/risn1/src/dis_tutorial3/install/dis_tutorial3/share/dis_tutorial3//launch/sim_turtlebot_nav.launch.py
[5.504s] -- Up-to-date: /home/nik/Documents/RIS/risn1/src/dis_tutorial3/install/dis_tutorial3/share/dis_tutorial3//launch/slam.launch.py
[5.504s] -- Up-to-date: /home/nik/Documents/RIS/risn1/src/dis_tutorial3/install/dis_tutorial3/share/dis_tutorial3//launch/turtlebot4_spawn.launch.py
[5.504s] -- Up-to-date: /home/nik/Documents/RIS/risn1/src/dis_tutorial3/install/dis_tutorial3/share/dis_tutorial3//launch/ignition.launch.py
[5.504s] -- Up-to-date: /home/nik/Documents/RIS/risn1/src/dis_tutorial3/install/dis_tutorial3/share/dis_tutorial3//launch/localization.launch.py
[5.505s] -- Up-to-date: /home/nik/Documents/RIS/risn1/src/dis_tutorial3/install/dis_tutorial3/share/dis_tutorial3//launch/sim_turtlebot_slam.launch.py
[5.505s] -- Up-to-date: /home/nik/Documents/RIS/risn1/src/dis_tutorial3/install/dis_tutorial3/share/dis_tutorial3//launch/nav2.launch.py
[5.505s] -- Up-to-date: /home/nik/Documents/RIS/risn1/src/dis_tutorial3/install/dis_tutorial3/share/dis_tutorial3//config
[5.505s] -- Up-to-date: /home/nik/Documents/RIS/risn1/src/dis_tutorial3/install/dis_tutorial3/share/dis_tutorial3//config/slam.yaml
[5.506s] -- Up-to-date: /home/nik/Documents/RIS/risn1/src/dis_tutorial3/install/dis_tutorial3/share/dis_tutorial3//config/nav2.yaml
[5.506s] -- Up-to-date: /home/nik/Documents/RIS/risn1/src/dis_tutorial3/install/dis_tutorial3/share/dis_tutorial3//config/laser_filter_chain.yaml
[5.506s] -- Up-to-date: /home/nik/Documents/RIS/risn1/src/dis_tutorial3/install/dis_tutorial3/share/dis_tutorial3//config/localization.yaml
[5.506s] -- Up-to-date: /home/nik/Documents/RIS/risn1/src/dis_tutorial3/install/dis_tutorial3/share/dis_tutorial3//worlds
[5.506s] -- Up-to-date: /home/nik/Documents/RIS/risn1/src/dis_tutorial3/install/dis_tutorial3/share/dis_tutorial3//worlds/demo4_meshes
[5.506s] -- Up-to-date: /home/nik/Documents/RIS/risn1/src/dis_tutorial3/install/dis_tutorial3/share/dis_tutorial3//worlds/demo4_meshes/qr2.jpg
[5.506s] -- Up-to-date: /home/nik/Documents/RIS/risn1/src/dis_tutorial3/install/dis_tutorial3/share/dis_tutorial3//worlds/demo4_meshes/parking_space.jpg
[5.507s] -- Up-to-date: /home/nik/Documents/RIS/risn1/src/dis_tutorial3/install/dis_tutorial3/share/dis_tutorial3//worlds/demo4_meshes/person4.png.001.png
[5.507s] -- Up-to-date: /home/nik/Documents/RIS/risn1/src/dis_tutorial3/install/dis_tutorial3/share/dis_tutorial3//worlds/demo4_meshes/person5.png.001.png
[5.507s] -- Up-to-date: /home/nik/Documents/RIS/risn1/src/dis_tutorial3/install/dis_tutorial3/share/dis_tutorial3//worlds/demo4_meshes/objects.jpg
[5.507s] -- Up-to-date: /home/nik/Documents/RIS/risn1/src/dis_tutorial3/install/dis_tutorial3/share/dis_tutorial3//worlds/demo4_meshes/person3.png.001.png
[5.507s] -- Up-to-date: /home/nik/Documents/RIS/risn1/src/dis_tutorial3/install/dis_tutorial3/share/dis_tutorial3//worlds/demo4_meshes/ground.jpg
[5.507s] -- Up-to-date: /home/nik/Documents/RIS/risn1/src/dis_tutorial3/install/dis_tutorial3/share/dis_tutorial3//worlds/demo4_meshes/red.jpg
[5.508s] -- Up-to-date: /home/nik/Documents/RIS/risn1/src/dis_tutorial3/install/dis_tutorial3/share/dis_tutorial3//worlds/demo4_meshes/fakering3.jpg
[5.508s] -- Up-to-date: /home/nik/Documents/RIS/risn1/src/dis_tutorial3/install/dis_tutorial3/share/dis_tutorial3//worlds/demo4_meshes/map_colliders.dae
[5.508s] -- Up-to-date: /home/nik/Documents/RIS/risn1/src/dis_tutorial3/install/dis_tutorial3/share/dis_tutorial3//worlds/demo4_meshes/map.dae
[5.508s] -- Up-to-date: /home/nik/Documents/RIS/risn1/src/dis_tutorial3/install/dis_tutorial3/share/dis_tutorial3//worlds/demo4_meshes/black.jpg
[5.508s] -- Up-to-date: /home/nik/Documents/RIS/risn1/src/dis_tutorial3/install/dis_tutorial3/share/dis_tutorial3//worlds/demo4_meshes/qr1.jpg
[5.508s] -- Up-to-date: /home/nik/Documents/RIS/risn1/src/dis_tutorial3/install/dis_tutorial3/share/dis_tutorial3//worlds/demo4_meshes/person6.png
[5.508s] -- Up-to-date: /home/nik/Documents/RIS/risn1/src/dis_tutorial3/install/dis_tutorial3/share/dis_tutorial3//worlds/demo4_meshes/person2.png.001.png
[5.508s] -- Up-to-date: /home/nik/Documents/RIS/risn1/src/dis_tutorial3/install/dis_tutorial3/share/dis_tutorial3//worlds/demo4_meshes/green.jpg
[5.509s] -- Up-to-date: /home/nik/Documents/RIS/risn1/src/dis_tutorial3/install/dis_tutorial3/share/dis_tutorial3//worlds/demo4_meshes/person13.png
[5.509s] -- Up-to-date: /home/nik/Documents/RIS/risn1/src/dis_tutorial3/install/dis_tutorial3/share/dis_tutorial3//worlds/demo4_meshes/fakering1.jpg
[5.509s] -- Up-to-date: /home/nik/Documents/RIS/risn1/src/dis_tutorial3/install/dis_tutorial3/share/dis_tutorial3//worlds/demo4_meshes/fakering2.jpg
[5.509s] -- Up-to-date: /home/nik/Documents/RIS/risn1/src/dis_tutorial3/install/dis_tutorial3/share/dis_tutorial3//worlds/demo4_meshes/blue.jpg
[5.509s] -- Up-to-date: /home/nik/Documents/RIS/risn1/src/dis_tutorial3/install/dis_tutorial3/share/dis_tutorial3//worlds/demo4_meshes/yellow.jpg
[5.509s] -- Up-to-date: /home/nik/Documents/RIS/risn1/src/dis_tutorial3/install/dis_tutorial3/share/dis_tutorial3//worlds/empty.sdf
[5.509s] -- Up-to-date: /home/nik/Documents/RIS/risn1/src/dis_tutorial3/install/dis_tutorial3/share/dis_tutorial3//worlds/2024
[5.509s] -- Up-to-date: /home/nik/Documents/RIS/risn1/src/dis_tutorial3/install/dis_tutorial3/share/dis_tutorial3//worlds/2024/task2_demo1_meshes
[5.509s] -- Up-to-date: /home/nik/Documents/RIS/risn1/src/dis_tutorial3/install/dis_tutorial3/share/dis_tutorial3//worlds/2024/task2_demo1_meshes/parking_space.jpg
[5.509s] -- Up-to-date: /home/nik/Documents/RIS/risn1/src/dis_tutorial3/install/dis_tutorial3/share/dis_tutorial3//worlds/2024/task2_demo1_meshes/objects.jpg
[5.509s] -- Up-to-date: /home/nik/Documents/RIS/risn1/src/dis_tutorial3/install/dis_tutorial3/share/dis_tutorial3//worlds/2024/task2_demo1_meshes/ground.jpg
[5.510s] -- Up-to-date: /home/nik/Documents/RIS/risn1/src/dis_tutorial3/install/dis_tutorial3/share/dis_tutorial3//worlds/2024/task2_demo1_meshes/fakering3.jpg
[5.510s] -- Up-to-date: /home/nik/Documents/RIS/risn1/src/dis_tutorial3/install/dis_tutorial3/share/dis_tutorial3//worlds/2024/task2_demo1_meshes/map_colliders.dae
[5.510s] -- Up-to-date: /home/nik/Documents/RIS/risn1/src/dis_tutorial3/install/dis_tutorial3/share/dis_tutorial3//worlds/2024/task2_demo1_meshes/map.dae
[5.510s] -- Up-to-date: /home/nik/Documents/RIS/risn1/src/dis_tutorial3/install/dis_tutorial3/share/dis_tutorial3//worlds/2024/task2_demo1_meshes/cylinders.jpg
[5.510s] -- Up-to-date: /home/nik/Documents/RIS/risn1/src/dis_tutorial3/install/dis_tutorial3/share/dis_tutorial3//worlds/2024/task2_demo1_meshes/fakering1.jpg
[5.510s] -- Up-to-date: /home/nik/Documents/RIS/risn1/src/dis_tutorial3/install/dis_tutorial3/share/dis_tutorial3//worlds/2024/task2_demo1_meshes/fakering2.jpg
[5.510s] -- Up-to-date: /home/nik/Documents/RIS/risn1/src/dis_tutorial3/install/dis_tutorial3/share/dis_tutorial3//worlds/2024/task2_demo2_meshes
[5.510s] -- Up-to-date: /home/nik/Documents/RIS/risn1/src/dis_tutorial3/install/dis_tutorial3/share/dis_tutorial3//worlds/2024/task2_demo2_meshes/parking_space.jpg
[5.511s] -- Up-to-date: /home/nik/Documents/RIS/risn1/src/dis_tutorial3/install/dis_tutorial3/share/dis_tutorial3//worlds/2024/task2_demo2_meshes/objects.jpg
[5.511s] -- Up-to-date: /home/nik/Documents/RIS/risn1/src/dis_tutorial3/install/dis_tutorial3/share/dis_tutorial3//worlds/2024/task2_demo2_meshes/ground.jpg
[5.512s] -- Up-to-date: /home/nik/Documents/RIS/risn1/src/dis_tutorial3/install/dis_tutorial3/share/dis_tutorial3//worlds/2024/task2_demo2_meshes/fakering3.jpg
[5.512s] -- Up-to-date: /home/nik/Documents/RIS/risn1/src/dis_tutorial3/install/dis_tutorial3/share/dis_tutorial3//worlds/2024/task2_demo2_meshes/map_colliders.dae
[5.512s] -- Up-to-date: /home/nik/Documents/RIS/risn1/src/dis_tutorial3/install/dis_tutorial3/share/dis_tutorial3//worlds/2024/task2_demo2_meshes/map.dae
[5.512s] -- Up-to-date: /home/nik/Documents/RIS/risn1/src/dis_tutorial3/install/dis_tutorial3/share/dis_tutorial3//worlds/2024/task2_demo2_meshes/cylinders.jpg
[5.512s] -- Up-to-date: /home/nik/Documents/RIS/risn1/src/dis_tutorial3/install/dis_tutorial3/share/dis_tutorial3//worlds/2024/task2_demo2_meshes/fakering1.jpg
[5.512s] -- Up-to-date: /home/nik/Documents/RIS/risn1/src/dis_tutorial3/install/dis_tutorial3/share/dis_tutorial3//worlds/2024/task2_demo2_meshes/fakering2.jpg
[5.512s] -- Up-to-date: /home/nik/Documents/RIS/risn1/src/dis_tutorial3/install/dis_tutorial3/share/dis_tutorial3//worlds/2024/task2_demo1.sdf
[5.512s] -- Up-to-date: /home/nik/Documents/RIS/risn1/src/dis_tutorial3/install/dis_tutorial3/share/dis_tutorial3//worlds/2024/task2_demo2.sdf
[5.512s] -- Up-to-date: /home/nik/Documents/RIS/risn1/src/dis_tutorial3/install/dis_tutorial3/share/dis_tutorial3//worlds/2024/task3.sdf
[5.513s] -- Up-to-date: /home/nik/Documents/RIS/risn1/src/dis_tutorial3/install/dis_tutorial3/share/dis_tutorial3//worlds/2024/task3_meshes
[5.513s] -- Up-to-date: /home/nik/Documents/RIS/risn1/src/dis_tutorial3/install/dis_tutorial3/share/dis_tutorial3//worlds/2024/task3_meshes/parking_space.jpg
[5.513s] -- Up-to-date: /home/nik/Documents/RIS/risn1/src/dis_tutorial3/install/dis_tutorial3/share/dis_tutorial3//worlds/2024/task3_meshes/easy_anomona_4.png
[5.513s] -- Up-to-date: /home/nik/Documents/RIS/risn1/src/dis_tutorial3/install/dis_tutorial3/share/dis_tutorial3//worlds/2024/task3_meshes/villager1.png
[5.513s] -- Up-to-date: /home/nik/Documents/RIS/risn1/src/dis_tutorial3/install/dis_tutorial3/share/dis_tutorial3//worlds/2024/task3_meshes/objects.jpg
[5.513s] -- Up-to-date: /home/nik/Documents/RIS/risn1/src/dis_tutorial3/install/dis_tutorial3/share/dis_tutorial3//worlds/2024/task3_meshes/easy_anomona_0.png
[5.514s] -- Up-to-date: /home/nik/Documents/RIS/risn1/src/dis_tutorial3/install/dis_tutorial3/share/dis_tutorial3//worlds/2024/task3_meshes/villager2.png
[5.514s] -- Up-to-date: /home/nik/Documents/RIS/risn1/src/dis_tutorial3/install/dis_tutorial3/share/dis_tutorial3//worlds/2024/task3_meshes/anomona_3.png
[5.514s] -- Up-to-date: /home/nik/Documents/RIS/risn1/src/dis_tutorial3/install/dis_tutorial3/share/dis_tutorial3//worlds/2024/task3_meshes/ground.jpg
[5.514s] -- Up-to-date: /home/nik/Documents/RIS/risn1/src/dis_tutorial3/install/dis_tutorial3/share/dis_tutorial3//worlds/2024/task3_meshes/mona.png
[5.514s] -- Up-to-date: /home/nik/Documents/RIS/risn1/src/dis_tutorial3/install/dis_tutorial3/share/dis_tutorial3//worlds/2024/task3_meshes/easy_anomona_1.png
[5.514s] -- Up-to-date: /home/nik/Documents/RIS/risn1/src/dis_tutorial3/install/dis_tutorial3/share/dis_tutorial3//worlds/2024/task3_meshes/qr_wrong.png
[5.514s] -- Up-to-date: /home/nik/Documents/RIS/risn1/src/dis_tutorial3/install/dis_tutorial3/share/dis_tutorial3//worlds/2024/task3_meshes/easy_anomona_2.png
[5.515s] -- Up-to-date: /home/nik/Documents/RIS/risn1/src/dis_tutorial3/install/dis_tutorial3/share/dis_tutorial3//worlds/2024/task3_meshes/fakering3.jpg
[5.515s] -- Up-to-date: /home/nik/Documents/RIS/risn1/src/dis_tutorial3/install/dis_tutorial3/share/dis_tutorial3//worlds/2024/task3_meshes/anomona_1.png
[5.515s] -- Up-to-date: /home/nik/Documents/RIS/risn1/src/dis_tutorial3/install/dis_tutorial3/share/dis_tutorial3//worlds/2024/task3_meshes/map_colliders.dae
[5.515s] -- Up-to-date: /home/nik/Documents/RIS/risn1/src/dis_tutorial3/install/dis_tutorial3/share/dis_tutorial3//worlds/2024/task3_meshes/villager4.png
[5.515s] -- Up-to-date: /home/nik/Documents/RIS/risn1/src/dis_tutorial3/install/dis_tutorial3/share/dis_tutorial3//worlds/2024/task3_meshes/qr_cheat.png
[5.515s] -- Up-to-date: /home/nik/Documents/RIS/risn1/src/dis_tutorial3/install/dis_tutorial3/share/dis_tutorial3//worlds/2024/task3_meshes/villager3.png
[5.516s] -- Up-to-date: /home/nik/Documents/RIS/risn1/src/dis_tutorial3/install/dis_tutorial3/share/dis_tutorial3//worlds/2024/task3_meshes/anomona_0.png
[5.516s] -- Up-to-date: /home/nik/Documents/RIS/risn1/src/dis_tutorial3/install/dis_tutorial3/share/dis_tutorial3//worlds/2024/task3_meshes/anomona_2.png
[5.516s] -- Up-to-date: /home/nik/Documents/RIS/risn1/src/dis_tutorial3/install/dis_tutorial3/share/dis_tutorial3//worlds/2024/task3_meshes/map.dae
[5.516s] -- Up-to-date: /home/nik/Documents/RIS/risn1/src/dis_tutorial3/install/dis_tutorial3/share/dis_tutorial3//worlds/2024/task3_meshes/anomona_4.png
[5.516s] -- Up-to-date: /home/nik/Documents/RIS/risn1/src/dis_tutorial3/install/dis_tutorial3/share/dis_tutorial3//worlds/2024/task3_meshes/cylinders.jpg
[5.516s] -- Up-to-date: /home/nik/Documents/RIS/risn1/src/dis_tutorial3/install/dis_tutorial3/share/dis_tutorial3//worlds/2024/task3_meshes/qr_url.png
[5.516s] -- Up-to-date: /home/nik/Documents/RIS/risn1/src/dis_tutorial3/install/dis_tutorial3/share/dis_tutorial3//worlds/2024/task3_meshes/villager5.png
[5.516s] -- Up-to-date: /home/nik/Documents/RIS/risn1/src/dis_tutorial3/install/dis_tutorial3/share/dis_tutorial3//worlds/2024/task3_meshes/fakering1.jpg
[5.517s] -- Up-to-date: /home/nik/Documents/RIS/risn1/src/dis_tutorial3/install/dis_tutorial3/share/dis_tutorial3//worlds/2024/task3_meshes/fakering2.jpg
[5.517s] -- Up-to-date: /home/nik/Documents/RIS/risn1/src/dis_tutorial3/install/dis_tutorial3/share/dis_tutorial3//worlds/2024/task3_meshes/easy_anomona_3.png
[5.517s] -- Up-to-date: /home/nik/Documents/RIS/risn1/src/dis_tutorial3/install/dis_tutorial3/share/dis_tutorial3//worlds/demo4.sdf
[5.517s] -- Up-to-date: /home/nik/Documents/RIS/risn1/src/dis_tutorial3/install/dis_tutorial3/share/dis_tutorial3//worlds/demo2_meshes
[5.517s] -- Up-to-date: /home/nik/Documents/RIS/risn1/src/dis_tutorial3/install/dis_tutorial3/share/dis_tutorial3//worlds/demo2_meshes/qr2.jpg
[5.517s] -- Up-to-date: /home/nik/Documents/RIS/risn1/src/dis_tutorial3/install/dis_tutorial3/share/dis_tutorial3//worlds/demo2_meshes/parking_space.jpg
[5.517s] -- Up-to-date: /home/nik/Documents/RIS/risn1/src/dis_tutorial3/install/dis_tutorial3/share/dis_tutorial3//worlds/demo2_meshes/person18.png
[5.517s] -- Up-to-date: /home/nik/Documents/RIS/risn1/src/dis_tutorial3/install/dis_tutorial3/share/dis_tutorial3//worlds/demo2_meshes/objects.jpg
[5.517s] -- Up-to-date: /home/nik/Documents/RIS/risn1/src/dis_tutorial3/install/dis_tutorial3/share/dis_tutorial3//worlds/demo2_meshes/person20.png
[5.517s] -- Up-to-date: /home/nik/Documents/RIS/risn1/src/dis_tutorial3/install/dis_tutorial3/share/dis_tutorial3//worlds/demo2_meshes/person8.png
[5.517s] -- Up-to-date: /home/nik/Documents/RIS/risn1/src/dis_tutorial3/install/dis_tutorial3/share/dis_tutorial3//worlds/demo2_meshes/ground.jpg
[5.517s] -- Up-to-date: /home/nik/Documents/RIS/risn1/src/dis_tutorial3/install/dis_tutorial3/share/dis_tutorial3//worlds/demo2_meshes/person9.png
[5.517s] -- Up-to-date: /home/nik/Documents/RIS/risn1/src/dis_tutorial3/install/dis_tutorial3/share/dis_tutorial3//worlds/demo2_meshes/fakering3.jpg
[5.517s] -- Up-to-date: /home/nik/Documents/RIS/risn1/src/dis_tutorial3/install/dis_tutorial3/share/dis_tutorial3//worlds/demo2_meshes/map_colliders.dae
[5.517s] -- Up-to-date: /home/nik/Documents/RIS/risn1/src/dis_tutorial3/install/dis_tutorial3/share/dis_tutorial3//worlds/demo2_meshes/map.dae
[5.517s] -- Up-to-date: /home/nik/Documents/RIS/risn1/src/dis_tutorial3/install/dis_tutorial3/share/dis_tutorial3//worlds/demo2_meshes/person7.png
[5.517s] -- Up-to-date: /home/nik/Documents/RIS/risn1/src/dis_tutorial3/install/dis_tutorial3/share/dis_tutorial3//worlds/demo2_meshes/qr1.jpg
[5.517s] -- Up-to-date: /home/nik/Documents/RIS/risn1/src/dis_tutorial3/install/dis_tutorial3/share/dis_tutorial3//worlds/demo2_meshes/person6.png
[5.517s] -- Up-to-date: /home/nik/Documents/RIS/risn1/src/dis_tutorial3/install/dis_tutorial3/share/dis_tutorial3//worlds/demo2_meshes/cylinders.jpg
[5.517s] -- Up-to-date: /home/nik/Documents/RIS/risn1/src/dis_tutorial3/install/dis_tutorial3/share/dis_tutorial3//worlds/demo2_meshes/fakering1.jpg
[5.518s] -- Up-to-date: /home/nik/Documents/RIS/risn1/src/dis_tutorial3/install/dis_tutorial3/share/dis_tutorial3//worlds/demo2_meshes/fakering2.jpg
[5.518s] -- Up-to-date: /home/nik/Documents/RIS/risn1/src/dis_tutorial3/install/dis_tutorial3/share/dis_tutorial3//worlds/dis_meshes
[5.518s] -- Up-to-date: /home/nik/Documents/RIS/risn1/src/dis_tutorial3/install/dis_tutorial3/share/dis_tutorial3//worlds/dis_meshes/qr2.jpg
[5.518s] -- Up-to-date: /home/nik/Documents/RIS/risn1/src/dis_tutorial3/install/dis_tutorial3/share/dis_tutorial3//worlds/dis_meshes/person5.jpg
[5.518s] -- Up-to-date: /home/nik/Documents/RIS/risn1/src/dis_tutorial3/install/dis_tutorial3/share/dis_tutorial3//worlds/dis_meshes/parking_space.jpg
[5.518s] -- Up-to-date: /home/nik/Documents/RIS/risn1/src/dis_tutorial3/install/dis_tutorial3/share/dis_tutorial3//worlds/dis_meshes/person1.jpg
[5.518s] -- Up-to-date: /home/nik/Documents/RIS/risn1/src/dis_tutorial3/install/dis_tutorial3/share/dis_tutorial3//worlds/dis_meshes/person3.jpg
[5.518s] -- Up-to-date: /home/nik/Documents/RIS/risn1/src/dis_tutorial3/install/dis_tutorial3/share/dis_tutorial3//worlds/dis_meshes/objects.jpg
[5.518s] -- Up-to-date: /home/nik/Documents/RIS/risn1/src/dis_tutorial3/install/dis_tutorial3/share/dis_tutorial3//worlds/dis_meshes/person4.jpg
[5.518s] -- Up-to-date: /home/nik/Documents/RIS/risn1/src/dis_tutorial3/install/dis_tutorial3/share/dis_tutorial3//worlds/dis_meshes/ground.jpg
[5.518s] -- Up-to-date: /home/nik/Documents/RIS/risn1/src/dis_tutorial3/install/dis_tutorial3/share/dis_tutorial3//worlds/dis_meshes/person2.jpg
[5.518s] -- Up-to-date: /home/nik/Documents/RIS/risn1/src/dis_tutorial3/install/dis_tutorial3/share/dis_tutorial3//worlds/dis_meshes/fakering3.jpg
[5.518s] -- Up-to-date: /home/nik/Documents/RIS/risn1/src/dis_tutorial3/install/dis_tutorial3/share/dis_tutorial3//worlds/dis_meshes/map_colliders.dae
[5.518s] -- Up-to-date: /home/nik/Documents/RIS/risn1/src/dis_tutorial3/install/dis_tutorial3/share/dis_tutorial3//worlds/dis_meshes/map.dae
[5.518s] -- Up-to-date: /home/nik/Documents/RIS/risn1/src/dis_tutorial3/install/dis_tutorial3/share/dis_tutorial3//worlds/dis_meshes/mona1.jpg
[5.518s] -- Up-to-date: /home/nik/Documents/RIS/risn1/src/dis_tutorial3/install/dis_tutorial3/share/dis_tutorial3//worlds/dis_meshes/davinci.jpg
[5.518s] -- Up-to-date: /home/nik/Documents/RIS/risn1/src/dis_tutorial3/install/dis_tutorial3/share/dis_tutorial3//worlds/dis_meshes/qr1.jpg
[5.518s] -- Up-to-date: /home/nik/Documents/RIS/risn1/src/dis_tutorial3/install/dis_tutorial3/share/dis_tutorial3//worlds/dis_meshes/cylinders.jpg
[5.518s] -- Up-to-date: /home/nik/Documents/RIS/risn1/src/dis_tutorial3/install/dis_tutorial3/share/dis_tutorial3//worlds/dis_meshes/fakering1.jpg
[5.518s] -- Up-to-date: /home/nik/Documents/RIS/risn1/src/dis_tutorial3/install/dis_tutorial3/share/dis_tutorial3//worlds/dis_meshes/fakering2.jpg
[5.518s] -- Up-to-date: /home/nik/Documents/RIS/risn1/src/dis_tutorial3/install/dis_tutorial3/share/dis_tutorial3//worlds/dis_meshes/wood.jpg
[5.518s] -- Up-to-date: /home/nik/Documents/RIS/risn1/src/dis_tutorial3/install/dis_tutorial3/share/dis_tutorial3//worlds/task1.sdf
[5.519s] -- Up-to-date: /home/nik/Documents/RIS/risn1/src/dis_tutorial3/install/dis_tutorial3/share/dis_tutorial3//worlds/demo3_meshes
[5.519s] -- Up-to-date: /home/nik/Documents/RIS/risn1/src/dis_tutorial3/install/dis_tutorial3/share/dis_tutorial3//worlds/demo3_meshes/qr2.jpg
[5.519s] -- Up-to-date: /home/nik/Documents/RIS/risn1/src/dis_tutorial3/install/dis_tutorial3/share/dis_tutorial3//worlds/demo3_meshes/parking_space.jpg
[5.519s] -- Up-to-date: /home/nik/Documents/RIS/risn1/src/dis_tutorial3/install/dis_tutorial3/share/dis_tutorial3//worlds/demo3_meshes/objects.jpg
[5.519s] -- Up-to-date: /home/nik/Documents/RIS/risn1/src/dis_tutorial3/install/dis_tutorial3/share/dis_tutorial3//worlds/demo3_meshes/ground.jpg
[5.519s] -- Up-to-date: /home/nik/Documents/RIS/risn1/src/dis_tutorial3/install/dis_tutorial3/share/dis_tutorial3//worlds/demo3_meshes/red.jpg
[5.519s] -- Up-to-date: /home/nik/Documents/RIS/risn1/src/dis_tutorial3/install/dis_tutorial3/share/dis_tutorial3//worlds/demo3_meshes/person15.png
[5.519s] -- Up-to-date: /home/nik/Documents/RIS/risn1/src/dis_tutorial3/install/dis_tutorial3/share/dis_tutorial3//worlds/demo3_meshes/fakering3.jpg
[5.519s] -- Up-to-date: /home/nik/Documents/RIS/risn1/src/dis_tutorial3/install/dis_tutorial3/share/dis_tutorial3//worlds/demo3_meshes/map_colliders.dae
[5.520s] -- Up-to-date: /home/nik/Documents/RIS/risn1/src/dis_tutorial3/install/dis_tutorial3/share/dis_tutorial3//worlds/demo3_meshes/map.dae
[5.520s] -- Up-to-date: /home/nik/Documents/RIS/risn1/src/dis_tutorial3/install/dis_tutorial3/share/dis_tutorial3//worlds/demo3_meshes/person22.png
[5.520s] -- Up-to-date: /home/nik/Documents/RIS/risn1/src/dis_tutorial3/install/dis_tutorial3/share/dis_tutorial3//worlds/demo3_meshes/black.jpg
[5.520s] -- Up-to-date: /home/nik/Documents/RIS/risn1/src/dis_tutorial3/install/dis_tutorial3/share/dis_tutorial3//worlds/demo3_meshes/person24.png
[5.520s] -- Up-to-date: /home/nik/Documents/RIS/risn1/src/dis_tutorial3/install/dis_tutorial3/share/dis_tutorial3//worlds/demo3_meshes/qr1.jpg
[5.520s] -- Up-to-date: /home/nik/Documents/RIS/risn1/src/dis_tutorial3/install/dis_tutorial3/share/dis_tutorial3//worlds/demo3_meshes/person17.png
[5.520s] -- Up-to-date: /home/nik/Documents/RIS/risn1/src/dis_tutorial3/install/dis_tutorial3/share/dis_tutorial3//worlds/demo3_meshes/green.jpg
[5.520s] -- Up-to-date: /home/nik/Documents/RIS/risn1/src/dis_tutorial3/install/dis_tutorial3/share/dis_tutorial3//worlds/demo3_meshes/fakering1.jpg
[5.520s] -- Up-to-date: /home/nik/Documents/RIS/risn1/src/dis_tutorial3/install/dis_tutorial3/share/dis_tutorial3//worlds/demo3_meshes/fakering2.jpg
[5.520s] -- Up-to-date: /home/nik/Documents/RIS/risn1/src/dis_tutorial3/install/dis_tutorial3/share/dis_tutorial3//worlds/demo3_meshes/person21.png
[5.520s] -- Up-to-date: /home/nik/Documents/RIS/risn1/src/dis_tutorial3/install/dis_tutorial3/share/dis_tutorial3//worlds/demo3_meshes/blue.jpg
[5.520s] -- Up-to-date: /home/nik/Documents/RIS/risn1/src/dis_tutorial3/install/dis_tutorial3/share/dis_tutorial3//worlds/demo3_meshes/yellow.jpg
[5.520s] -- Up-to-date: /home/nik/Documents/RIS/risn1/src/dis_tutorial3/install/dis_tutorial3/share/dis_tutorial3//worlds/dis.sdf
[5.520s] -- Up-to-date: /home/nik/Documents/RIS/risn1/src/dis_tutorial3/install/dis_tutorial3/share/dis_tutorial3//worlds/demo1_meshes
[5.520s] -- Up-to-date: /home/nik/Documents/RIS/risn1/src/dis_tutorial3/install/dis_tutorial3/share/dis_tutorial3//worlds/demo1_meshes/qr2.jpg
[5.520s] -- Up-to-date: /home/nik/Documents/RIS/risn1/src/dis_tutorial3/install/dis_tutorial3/share/dis_tutorial3//worlds/demo1_meshes/parking_space.jpg
[5.521s] -- Up-to-date: /home/nik/Documents/RIS/risn1/src/dis_tutorial3/install/dis_tutorial3/share/dis_tutorial3//worlds/demo1_meshes/objects.jpg
[5.521s] -- Up-to-date: /home/nik/Documents/RIS/risn1/src/dis_tutorial3/install/dis_tutorial3/share/dis_tutorial3//worlds/demo1_meshes/person11.png
[5.521s] -- Up-to-date: /home/nik/Documents/RIS/risn1/src/dis_tutorial3/install/dis_tutorial3/share/dis_tutorial3//worlds/demo1_meshes/ground.jpg
[5.521s] -- Up-to-date: /home/nik/Documents/RIS/risn1/src/dis_tutorial3/install/dis_tutorial3/share/dis_tutorial3//worlds/demo1_meshes/person4.png
[5.521s] -- Up-to-date: /home/nik/Documents/RIS/risn1/src/dis_tutorial3/install/dis_tutorial3/share/dis_tutorial3//worlds/demo1_meshes/fakering3.jpg
[5.521s] -- Up-to-date: /home/nik/Documents/RIS/risn1/src/dis_tutorial3/install/dis_tutorial3/share/dis_tutorial3//worlds/demo1_meshes/map_colliders.dae
[5.521s] -- Up-to-date: /home/nik/Documents/RIS/risn1/src/dis_tutorial3/install/dis_tutorial3/share/dis_tutorial3//worlds/demo1_meshes/map.dae
[5.521s] -- Up-to-date: /home/nik/Documents/RIS/risn1/src/dis_tutorial3/install/dis_tutorial3/share/dis_tutorial3//worlds/demo1_meshes/person2.png
[5.521s] -- Up-to-date: /home/nik/Documents/RIS/risn1/src/dis_tutorial3/install/dis_tutorial3/share/dis_tutorial3//worlds/demo1_meshes/qr1.jpg
[5.521s] -- Up-to-date: /home/nik/Documents/RIS/risn1/src/dis_tutorial3/install/dis_tutorial3/share/dis_tutorial3//worlds/demo1_meshes/cylinders.jpg
[5.521s] -- Up-to-date: /home/nik/Documents/RIS/risn1/src/dis_tutorial3/install/dis_tutorial3/share/dis_tutorial3//worlds/demo1_meshes/person3.png
[5.521s] -- Up-to-date: /home/nik/Documents/RIS/risn1/src/dis_tutorial3/install/dis_tutorial3/share/dis_tutorial3//worlds/demo1_meshes/fakering1.jpg
[5.521s] -- Up-to-date: /home/nik/Documents/RIS/risn1/src/dis_tutorial3/install/dis_tutorial3/share/dis_tutorial3//worlds/demo1_meshes/fakering2.jpg
[5.521s] -- Up-to-date: /home/nik/Documents/RIS/risn1/src/dis_tutorial3/install/dis_tutorial3/share/dis_tutorial3//worlds/demo1_meshes/person1.png
[5.521s] -- Up-to-date: /home/nik/Documents/RIS/risn1/src/dis_tutorial3/install/dis_tutorial3/share/dis_tutorial3//worlds/demo1_meshes/person5.png
[5.522s] -- Up-to-date: /home/nik/Documents/RIS/risn1/src/dis_tutorial3/install/dis_tutorial3/share/dis_tutorial3//worlds/demo2.sdf
[5.522s] -- Up-to-date: /home/nik/Documents/RIS/risn1/src/dis_tutorial3/install/dis_tutorial3/share/dis_tutorial3//worlds/demo1.sdf
[5.522s] -- Up-to-date: /home/nik/Documents/RIS/risn1/src/dis_tutorial3/install/dis_tutorial3/share/dis_tutorial3//worlds/demo3.sdf
[5.522s] -- Up-to-date: /home/nik/Documents/RIS/risn1/src/dis_tutorial3/install/dis_tutorial3/share/dis_tutorial3//worlds/task1_meshes
[5.522s] -- Up-to-date: /home/nik/Documents/RIS/risn1/src/dis_tutorial3/install/dis_tutorial3/share/dis_tutorial3//worlds/task1_meshes/qr2.jpg
[5.522s] -- Up-to-date: /home/nik/Documents/RIS/risn1/src/dis_tutorial3/install/dis_tutorial3/share/dis_tutorial3//worlds/task1_meshes/parking_space.jpg
[5.522s] -- Up-to-date: /home/nik/Documents/RIS/risn1/src/dis_tutorial3/install/dis_tutorial3/share/dis_tutorial3//worlds/task1_meshes/person5.png.001.png
[5.522s] -- Up-to-date: /home/nik/Documents/RIS/risn1/src/dis_tutorial3/install/dis_tutorial3/share/dis_tutorial3//worlds/task1_meshes/objects.jpg
[5.522s] -- Up-to-date: /home/nik/Documents/RIS/risn1/src/dis_tutorial3/install/dis_tutorial3/share/dis_tutorial3//worlds/task1_meshes/person8.png
[5.522s] -- Up-to-date: /home/nik/Documents/RIS/risn1/src/dis_tutorial3/install/dis_tutorial3/share/dis_tutorial3//worlds/task1_meshes/person3.png.001.png
[5.522s] -- Up-to-date: /home/nik/Documents/RIS/risn1/src/dis_tutorial3/install/dis_tutorial3/share/dis_tutorial3//worlds/task1_meshes/ground.jpg
[5.522s] -- Up-to-date: /home/nik/Documents/RIS/risn1/src/dis_tutorial3/install/dis_tutorial3/share/dis_tutorial3//worlds/task1_meshes/red.jpg
[5.522s] -- Up-to-date: /home/nik/Documents/RIS/risn1/src/dis_tutorial3/install/dis_tutorial3/share/dis_tutorial3//worlds/task1_meshes/fakering3.jpg
[5.522s] -- Up-to-date: /home/nik/Documents/RIS/risn1/src/dis_tutorial3/install/dis_tutorial3/share/dis_tutorial3//worlds/task1_meshes/map_colliders.dae
[5.522s] -- Up-to-date: /home/nik/Documents/RIS/risn1/src/dis_tutorial3/install/dis_tutorial3/share/dis_tutorial3//worlds/task1_meshes/map.dae
[5.522s] -- Up-to-date: /home/nik/Documents/RIS/risn1/src/dis_tutorial3/install/dis_tutorial3/share/dis_tutorial3//worlds/task1_meshes/black.jpg
[5.523s] -- Up-to-date: /home/nik/Documents/RIS/risn1/src/dis_tutorial3/install/dis_tutorial3/share/dis_tutorial3//worlds/task1_meshes/qr1.jpg
[5.523s] -- Up-to-date: /home/nik/Documents/RIS/risn1/src/dis_tutorial3/install/dis_tutorial3/share/dis_tutorial3//worlds/task1_meshes/person6.png
[5.523s] -- Up-to-date: /home/nik/Documents/RIS/risn1/src/dis_tutorial3/install/dis_tutorial3/share/dis_tutorial3//worlds/task1_meshes/person2.png.001.png
[5.523s] -- Up-to-date: /home/nik/Documents/RIS/risn1/src/dis_tutorial3/install/dis_tutorial3/share/dis_tutorial3//worlds/task1_meshes/green.jpg
[5.523s] -- Up-to-date: /home/nik/Documents/RIS/risn1/src/dis_tutorial3/install/dis_tutorial3/share/dis_tutorial3//worlds/task1_meshes/person13.png
[5.523s] -- Up-to-date: /home/nik/Documents/RIS/risn1/src/dis_tutorial3/install/dis_tutorial3/share/dis_tutorial3//worlds/task1_meshes/fakering1.jpg
[5.523s] -- Up-to-date: /home/nik/Documents/RIS/risn1/src/dis_tutorial3/install/dis_tutorial3/share/dis_tutorial3//worlds/task1_meshes/fakering2.jpg
[5.523s] -- Up-to-date: /home/nik/Documents/RIS/risn1/src/dis_tutorial3/install/dis_tutorial3/share/dis_tutorial3//worlds/task1_meshes/blue.jpg
[5.523s] -- Up-to-date: /home/nik/Documents/RIS/risn1/src/dis_tutorial3/install/dis_tutorial3/share/dis_tutorial3//worlds/task1_meshes/yellow.jpg
[5.523s] -- Up-to-date: /home/nik/Documents/RIS/risn1/src/dis_tutorial3/install/dis_tutorial3/share/dis_tutorial3//maps
[5.523s] -- Up-to-date: /home/nik/Documents/RIS/risn1/src/dis_tutorial3/install/dis_tutorial3/share/dis_tutorial3//maps/nasamapa.yaml
[5.523s] -- Up-to-date: /home/nik/Documents/RIS/risn1/src/dis_tutorial3/install/dis_tutorial3/share/dis_tutorial3//maps/map.pgm
[5.523s] -- Up-to-date: /home/nik/Documents/RIS/risn1/src/dis_tutorial3/install/dis_tutorial3/share/dis_tutorial3//maps/my_map.yaml
[5.523s] -- Up-to-date: /home/nik/Documents/RIS/risn1/src/dis_tutorial3/install/dis_tutorial3/share/dis_tutorial3//maps/map.yaml
[5.523s] -- Up-to-date: /home/nik/Documents/RIS/risn1/src/dis_tutorial3/install/dis_tutorial3/share/dis_tutorial3//maps/nasamapa.pgm
[5.523s] -- Up-to-date: /home/nik/Documents/RIS/risn1/src/dis_tutorial3/install/dis_tutorial3/share/dis_tutorial3//maps/my_map.pgm
[5.523s] -- Up-to-date: /home/nik/Documents/RIS/risn1/src/dis_tutorial3/install/dis_tutorial3/lib/dis_tutorial3/detect_people.py
[5.523s] -- Up-to-date: /home/nik/Documents/RIS/risn1/src/dis_tutorial3/install/dis_tutorial3/lib/dis_tutorial3/robot_commander.py
[5.524s] -- Up-to-date: /home/nik/Documents/RIS/risn1/src/dis_tutorial3/install/dis_tutorial3/lib/dis_tutorial3/robot_commander_custom.py
[5.524s] -- Up-to-date: /home/nik/Documents/RIS/risn1/src/dis_tutorial3/install/dis_tutorial3/lib/dis_tutorial3/dp2.py
[5.524s] -- Up-to-date: /home/nik/Documents/RIS/risn1/src/dis_tutorial3/install/dis_tutorial3/lib/dis_tutorial3/clicked_point_listener.py
[5.524s] -- Up-to-date: /home/nik/Documents/RIS/risn1/src/dis_tutorial3/install/dis_tutorial3/lib/dis_tutorial3/start_round.py
[5.524s] -- Up-to-date: /home/nik/Documents/RIS/risn1/src/dis_tutorial3/install/dis_tutorial3/lib/dis_tutorial3/get_coords.py
[5.524s] -- Up-to-date: /home/nik/Documents/RIS/risn1/src/dis_tutorial3/install/dis_tutorial3/lib/dis_tutorial3/detect_rings.py
[5.524s] -- Up-to-date: /home/nik/Documents/RIS/risn1/src/dis_tutorial3/install/dis_tutorial3/lib/dis_tutorial3/detect_people_custom.py
[5.524s] -- Up-to-date: /home/nik/Documents/RIS/risn1/src/dis_tutorial3/install/dis_tutorial3/lib/dis_tutorial3/face_filter.py
[5.524s] -- Installing: /home/nik/Documents/RIS/risn1/src/dis_tutorial3/install/dis_tutorial3/lib/dis_tutorial3/face_filter1.py
[5.524s] -- Up-to-date: /home/nik/Documents/RIS/risn1/src/dis_tutorial3/install/dis_tutorial3/lib/dis_tutorial3/detect_rings_mod.py
[5.524s] -- Up-to-date: /home/nik/Documents/RIS/risn1/src/dis_tutorial3/install/dis_tutorial3/lib/dis_tutorial3/main.py
[5.524s] -- Installing: /home/nik/Documents/RIS/risn1/src/dis_tutorial3/install/dis_tutorial3/lib/dis_tutorial3/main1.py
[5.524s] -- Up-to-date: /home/nik/Documents/RIS/risn1/src/dis_tutorial3/install/dis_tutorial3/lib/dis_tutorial3/get_rings.py
[5.524s] -- Up-to-date: /home/nik/Documents/RIS/risn1/src/dis_tutorial3/install/dis_tutorial3/lib/dis_tutorial3/rings_filter.py
[5.524s] -- Up-to-date: /home/nik/Documents/RIS/risn1/src/dis_tutorial3/install/dis_tutorial3/share/ament_index/resource_index/package_run_dependencies/dis_tutorial3
[5.524s] -- Installing: /home/nik/Documents/RIS/risn1/src/dis_tutorial3/install/dis_tutorial3/share/ament_index/resource_index/parent_prefix_path/dis_tutorial3
[5.524s] -- Up-to-date: /home/nik/Documents/RIS/risn1/src/dis_tutorial3/install/dis_tutorial3/share/dis_tutorial3/environment/ament_prefix_path.sh
[5.524s] -- Installing: /home/nik/Documents/RIS/risn1/src/dis_tutorial3/install/dis_tutorial3/share/dis_tutorial3/environment/ament_prefix_path.dsv
[5.524s] -- Up-to-date: /home/nik/Documents/RIS/risn1/src/dis_tutorial3/install/dis_tutorial3/share/dis_tutorial3/environment/path.sh
[5.524s] -- Installing: /home/nik/Documents/RIS/risn1/src/dis_tutorial3/install/dis_tutorial3/share/dis_tutorial3/environment/path.dsv
[5.524s] -- Up-to-date: /home/nik/Documents/RIS/risn1/src/dis_tutorial3/install/dis_tutorial3/share/dis_tutorial3/local_setup.bash
[5.524s] -- Up-to-date: /home/nik/Documents/RIS/risn1/src/dis_tutorial3/install/dis_tutorial3/share/dis_tutorial3/local_setup.sh
[5.524s] -- Up-to-date: /home/nik/Documents/RIS/risn1/src/dis_tutorial3/install/dis_tutorial3/share/dis_tutorial3/local_setup.zsh
[5.524s] -- Installing: /home/nik/Documents/RIS/risn1/src/dis_tutorial3/install/dis_tutorial3/share/dis_tutorial3/local_setup.dsv
[5.524s] -- Installing: /home/nik/Documents/RIS/risn1/src/dis_tutorial3/install/dis_tutorial3/share/dis_tutorial3/package.dsv
[5.524s] -- Up-to-date: /home/nik/Documents/RIS/risn1/src/dis_tutorial3/install/dis_tutorial3/share/ament_index/resource_index/packages/dis_tutorial3
[5.524s] -- Up-to-date: /home/nik/Documents/RIS/risn1/src/dis_tutorial3/install/dis_tutorial3/share/dis_tutorial3/cmake/export_dis_tutorial3__rosidl_generator_cExport.cmake
[5.525s] -- Up-to-date: /home/nik/Documents/RIS/risn1/src/dis_tutorial3/install/dis_tutorial3/share/dis_tutorial3/cmake/export_dis_tutorial3__rosidl_generator_cExport-noconfig.cmake
[5.525s] -- Up-to-date: /home/nik/Documents/RIS/risn1/src/dis_tutorial3/install/dis_tutorial3/share/dis_tutorial3/cmake/export_dis_tutorial3__rosidl_typesupport_fastrtps_cExport.cmake
[5.525s] -- Up-to-date: /home/nik/Documents/RIS/risn1/src/dis_tutorial3/install/dis_tutorial3/share/dis_tutorial3/cmake/export_dis_tutorial3__rosidl_typesupport_fastrtps_cExport-noconfig.cmake
[5.526s] -- Up-to-date: /home/nik/Documents/RIS/risn1/src/dis_tutorial3/install/dis_tutorial3/share/dis_tutorial3/cmake/export_dis_tutorial3__rosidl_generator_cppExport.cmake
[5.526s] -- Up-to-date: /home/nik/Documents/RIS/risn1/src/dis_tutorial3/install/dis_tutorial3/share/dis_tutorial3/cmake/export_dis_tutorial3__rosidl_typesupport_fastrtps_cppExport.cmake
[5.526s] -- Up-to-date: /home/nik/Documents/RIS/risn1/src/dis_tutorial3/install/dis_tutorial3/share/dis_tutorial3/cmake/export_dis_tutorial3__rosidl_typesupport_fastrtps_cppExport-noconfig.cmake
[5.526s] -- Up-to-date: /home/nik/Documents/RIS/risn1/src/dis_tutorial3/install/dis_tutorial3/share/dis_tutorial3/cmake/dis_tutorial3__rosidl_typesupport_introspection_cExport.cmake
[5.526s] -- Up-to-date: /home/nik/Documents/RIS/risn1/src/dis_tutorial3/install/dis_tutorial3/share/dis_tutorial3/cmake/dis_tutorial3__rosidl_typesupport_introspection_cExport-noconfig.cmake
[5.526s] -- Up-to-date: /home/nik/Documents/RIS/risn1/src/dis_tutorial3/install/dis_tutorial3/share/dis_tutorial3/cmake/dis_tutorial3__rosidl_typesupport_cExport.cmake
[5.526s] -- Up-to-date: /home/nik/Documents/RIS/risn1/src/dis_tutorial3/install/dis_tutorial3/share/dis_tutorial3/cmake/dis_tutorial3__rosidl_typesupport_cExport-noconfig.cmake
[5.526s] -- Up-to-date: /home/nik/Documents/RIS/risn1/src/dis_tutorial3/install/dis_tutorial3/share/dis_tutorial3/cmake/dis_tutorial3__rosidl_typesupport_introspection_cppExport.cmake
[5.526s] -- Up-to-date: /home/nik/Documents/RIS/risn1/src/dis_tutorial3/install/dis_tutorial3/share/dis_tutorial3/cmake/dis_tutorial3__rosidl_typesupport_introspection_cppExport-noconfig.cmake
[5.526s] -- Up-to-date: /home/nik/Documents/RIS/risn1/src/dis_tutorial3/install/dis_tutorial3/share/dis_tutorial3/cmake/dis_tutorial3__rosidl_typesupport_cppExport.cmake
[5.526s] -- Up-to-date: /home/nik/Documents/RIS/risn1/src/dis_tutorial3/install/dis_tutorial3/share/dis_tutorial3/cmake/dis_tutorial3__rosidl_typesupport_cppExport-noconfig.cmake
[5.526s] -- Up-to-date: /home/nik/Documents/RIS/risn1/src/dis_tutorial3/install/dis_tutorial3/share/dis_tutorial3/cmake/export_dis_tutorial3__rosidl_generator_pyExport.cmake
[5.526s] -- Up-to-date: /home/nik/Documents/RIS/risn1/src/dis_tutorial3/install/dis_tutorial3/share/dis_tutorial3/cmake/export_dis_tutorial3__rosidl_generator_pyExport-noconfig.cmake
[5.526s] -- Up-to-date: /home/nik/Documents/RIS/risn1/src/dis_tutorial3/install/dis_tutorial3/share/dis_tutorial3/cmake/rosidl_cmake-extras.cmake
[5.526s] -- Up-to-date: /home/nik/Documents/RIS/risn1/src/dis_tutorial3/install/dis_tutorial3/share/dis_tutorial3/cmake/ament_cmake_export_dependencies-extras.cmake
[5.527s] -- Up-to-date: /home/nik/Documents/RIS/risn1/src/dis_tutorial3/install/dis_tutorial3/share/dis_tutorial3/cmake/ament_cmake_export_include_directories-extras.cmake
[5.527s] -- Up-to-date: /home/nik/Documents/RIS/risn1/src/dis_tutorial3/install/dis_tutorial3/share/dis_tutorial3/cmake/ament_cmake_export_libraries-extras.cmake
[5.527s] -- Up-to-date: /home/nik/Documents/RIS/risn1/src/dis_tutorial3/install/dis_tutorial3/share/dis_tutorial3/cmake/ament_cmake_export_targets-extras.cmake
[5.527s] -- Up-to-date: /home/nik/Documents/RIS/risn1/src/dis_tutorial3/install/dis_tutorial3/share/dis_tutorial3/cmake/rosidl_cmake_export_typesupport_targets-extras.cmake
[5.527s] -- Up-to-date: /home/nik/Documents/RIS/risn1/src/dis_tutorial3/install/dis_tutorial3/share/dis_tutorial3/cmake/rosidl_cmake_export_typesupport_libraries-extras.cmake
[5.527s] -- Up-to-date: /home/nik/Documents/RIS/risn1/src/dis_tutorial3/install/dis_tutorial3/share/dis_tutorial3/cmake/dis_tutorial3Config.cmake
[5.527s] -- Up-to-date: /home/nik/Documents/RIS/risn1/src/dis_tutorial3/install/dis_tutorial3/share/dis_tutorial3/cmake/dis_tutorial3Config-version.cmake
[5.527s] -- Up-to-date: /home/nik/Documents/RIS/risn1/src/dis_tutorial3/install/dis_tutorial3/share/dis_tutorial3/package.xml
[5.528s] Invoked command in '/home/nik/Documents/RIS/risn1/src/dis_tutorial3/build/dis_tutorial3' returned '0': CMAKE_PREFIX_PATH=${CMAKE_PREFIX_PATH}:/opt/ros/humble /usr/bin/cmake --install /home/nik/Documents/RIS/risn1/src/dis_tutorial3/build/dis_tutorial3
