[0.013s] Invoking command in '/home/nik/Documents/RIS/risn1/src/dis_tutorial3/build/dis_tutorial3': CMAKE_PREFIX_PATH=${CMAKE_PREFIX_PATH}:/opt/ros/humble /usr/bin/cmake --build /home/nik/Documents/RIS/risn1/src/dis_tutorial3/build/dis_tutorial3 -- -j20 -l20
[0.065s] [  9%] Built target dis_tutorial3__rosidl_generator_c
[0.066s] [ 12%] Built target dis_tutorial3__cpp
[0.076s] [ 12%] Built target ament_cmake_python_copy_dis_tutorial3
[0.087s] [ 22%] Built target dis_tutorial3__rosidl_typesupport_fastrtps_cpp
[0.088s] [ 32%] Built target dis_tutorial3__rosidl_typesupport_fastrtps_c
[0.088s] [ 41%] Built target dis_tutorial3__rosidl_typesupport_cpp
[0.088s] [ 51%] Built target dis_tutorial3__rosidl_typesupport_c
[0.090s] [ 61%] Built target dis_tutorial3__rosidl_typesupport_introspection_c
[0.094s] [ 70%] Built target dis_tutorial3__rosidl_typesupport_introspection_cpp
[0.116s] [ 70%] Built target dis_tutorial3
[0.139s] [ 74%] Built target dis_tutorial3__py
[0.163s] [ 80%] Built target dis_tutorial3__rosidl_generator_py
[0.187s] [ 87%] Built target dis_tutorial3__rosidl_typesupport_fastrtps_c__pyext
[0.187s] [ 93%] Built target dis_tutorial3__rosidl_typesupport_c__pyext
[0.188s] [100%] Built target dis_tutorial3__rosidl_typesupport_introspection_c__pyext
[0.576s] running egg_info
[0.590s] writing dis_tutorial3.egg-info/PKG-INFO
[0.590s] writing dependency_links to dis_tutorial3.egg-info/dependency_links.txt
[0.591s] writing top-level names to dis_tutorial3.egg-info/top_level.txt
[0.622s] reading manifest file 'dis_tutorial3.egg-info/SOURCES.txt'
[0.623s] writing manifest file 'dis_tutorial3.egg-info/SOURCES.txt'
[0.679s] [100%] Built target ament_cmake_python_build_dis_tutorial3_egg
[0.691s] Invoked command in '/home/nik/Documents/RIS/risn1/src/dis_tutorial3/build/dis_tutorial3' returned '0': CMAKE_PREFIX_PATH=${CMAKE_PREFIX_PATH}:/opt/ros/humble /usr/bin/cmake --build /home/nik/Documents/RIS/risn1/src/dis_tutorial3/build/dis_tutorial3 -- -j20 -l20
[0.702s] Invoking command in '/home/nik/Documents/RIS/risn1/src/dis_tutorial3/build/dis_tutorial3': CMAKE_PREFIX_PATH=${CMAKE_PREFIX_PATH}:/opt/ros/humble /usr/bin/cmake --install /home/nik/Documents/RIS/risn1/src/dis_tutorial3/build/dis_tutorial3
[0.711s] -- Install configuration: ""
[0.712s] -- Up-to-date: /home/nik/Documents/RIS/risn1/src/dis_tutorial3/install/dis_tutorial3/share/ament_index/resource_index/rosidl_interfaces/dis_tutorial3
[0.712s] -- Up-to-date: /home/nik/Documents/RIS/risn1/src/dis_tutorial3/install/dis_tutorial3/include/dis_tutorial3/dis_tutorial3
[0.712s] -- Up-to-date: /home/nik/Documents/RIS/risn1/src/dis_tutorial3/install/dis_tutorial3/include/dis_tutorial3/dis_tutorial3/msg
[0.712s] -- Up-to-date: /home/nik/Documents/RIS/risn1/src/dis_tutorial3/install/dis_tutorial3/include/dis_tutorial3/dis_tutorial3/msg/task.h
[0.712s] -- Up-to-date: /home/nik/Documents/RIS/risn1/src/dis_tutorial3/install/dis_tutorial3/include/dis_tutorial3/dis_tutorial3/msg/detail
[0.713s] -- Up-to-date: /home/nik/Documents/RIS/risn1/src/dis_tutorial3/install/dis_tutorial3/include/dis_tutorial3/dis_tutorial3/msg/detail/task__struct.h
[0.713s] -- Up-to-date: /home/nik/Documents/RIS/risn1/src/dis_tutorial3/install/dis_tutorial3/include/dis_tutorial3/dis_tutorial3/msg/detail/task__type_support.h
[0.713s] -- Up-to-date: /home/nik/Documents/RIS/risn1/src/dis_tutorial3/install/dis_tutorial3/include/dis_tutorial3/dis_tutorial3/msg/detail/task__functions.c
[0.713s] -- Up-to-date: /home/nik/Documents/RIS/risn1/src/dis_tutorial3/install/dis_tutorial3/include/dis_tutorial3/dis_tutorial3/msg/detail/task__functions.h
[0.713s] -- Up-to-date: /home/nik/Documents/RIS/risn1/src/dis_tutorial3/install/dis_tutorial3/include/dis_tutorial3/dis_tutorial3/msg/rosidl_generator_c__visibility_control.h
[0.713s] -- Up-to-date: /home/nik/Documents/RIS/risn1/src/dis_tutorial3/install/dis_tutorial3/share/dis_tutorial3/environment/library_path.sh
[0.713s] -- Up-to-date: /home/nik/Documents/RIS/risn1/src/dis_tutorial3/install/dis_tutorial3/share/dis_tutorial3/environment/library_path.dsv
[0.714s] -- Up-to-date: /home/nik/Documents/RIS/risn1/src/dis_tutorial3/install/dis_tutorial3/lib/libdis_tutorial3__rosidl_generator_c.so
[0.714s] -- Up-to-date: /home/nik/Documents/RIS/risn1/src/dis_tutorial3/install/dis_tutorial3/include/dis_tutorial3/dis_tutorial3
[0.714s] -- Up-to-date: /home/nik/Documents/RIS/risn1/src/dis_tutorial3/install/dis_tutorial3/include/dis_tutorial3/dis_tutorial3/msg
[0.714s] -- Up-to-date: /home/nik/Documents/RIS/risn1/src/dis_tutorial3/install/dis_tutorial3/include/dis_tutorial3/dis_tutorial3/msg/rosidl_typesupport_fastrtps_c__visibility_control.h
[0.714s] -- Up-to-date: /home/nik/Documents/RIS/risn1/src/dis_tutorial3/install/dis_tutorial3/include/dis_tutorial3/dis_tutorial3/msg/detail
[0.714s] -- Up-to-date: /home/nik/Documents/RIS/risn1/src/dis_tutorial3/install/dis_tutorial3/include/dis_tutorial3/dis_tutorial3/msg/detail/task__rosidl_typesupport_fastrtps_c.h
[0.714s] -- Up-to-date: /home/nik/Documents/RIS/risn1/src/dis_tutorial3/install/dis_tutorial3/lib/libdis_tutorial3__rosidl_typesupport_fastrtps_c.so
[0.714s] -- Up-to-date: /home/nik/Documents/RIS/risn1/src/dis_tutorial3/install/dis_tutorial3/include/dis_tutorial3/dis_tutorial3
[0.714s] -- Up-to-date: /home/nik/Documents/RIS/risn1/src/dis_tutorial3/install/dis_tutorial3/include/dis_tutorial3/dis_tutorial3/msg
[0.714s] -- Up-to-date: /home/nik/Documents/RIS/risn1/src/dis_tutorial3/install/dis_tutorial3/include/dis_tutorial3/dis_tutorial3/msg/rosidl_generator_cpp__visibility_control.hpp
[0.714s] -- Up-to-date: /home/nik/Documents/RIS/risn1/src/dis_tutorial3/install/dis_tutorial3/include/dis_tutorial3/dis_tutorial3/msg/detail
[0.714s] -- Up-to-date: /home/nik/Documents/RIS/risn1/src/dis_tutorial3/install/dis_tutorial3/include/dis_tutorial3/dis_tutorial3/msg/detail/task__struct.hpp
[0.714s] -- Up-to-date: /home/nik/Documents/RIS/risn1/src/dis_tutorial3/install/dis_tutorial3/include/dis_tutorial3/dis_tutorial3/msg/detail/task__builder.hpp
[0.714s] -- Up-to-date: /home/nik/Documents/RIS/risn1/src/dis_tutorial3/install/dis_tutorial3/include/dis_tutorial3/dis_tutorial3/msg/detail/task__type_support.hpp
[0.714s] -- Up-to-date: /home/nik/Documents/RIS/risn1/src/dis_tutorial3/install/dis_tutorial3/include/dis_tutorial3/dis_tutorial3/msg/detail/task__traits.hpp
[0.715s] -- Up-to-date: /home/nik/Documents/RIS/risn1/src/dis_tutorial3/install/dis_tutorial3/include/dis_tutorial3/dis_tutorial3/msg/task.hpp
[0.715s] -- Up-to-date: /home/nik/Documents/RIS/risn1/src/dis_tutorial3/install/dis_tutorial3/include/dis_tutorial3/dis_tutorial3
[0.715s] -- Up-to-date: /home/nik/Documents/RIS/risn1/src/dis_tutorial3/install/dis_tutorial3/include/dis_tutorial3/dis_tutorial3/msg
[0.715s] -- Up-to-date: /home/nik/Documents/RIS/risn1/src/dis_tutorial3/install/dis_tutorial3/include/dis_tutorial3/dis_tutorial3/msg/detail
[0.715s] -- Up-to-date: /home/nik/Documents/RIS/risn1/src/dis_tutorial3/install/dis_tutorial3/include/dis_tutorial3/dis_tutorial3/msg/detail/task__rosidl_typesupport_fastrtps_cpp.hpp
[0.715s] -- Up-to-date: /home/nik/Documents/RIS/risn1/src/dis_tutorial3/install/dis_tutorial3/include/dis_tutorial3/dis_tutorial3/msg/detail/dds_fastrtps
[0.715s] -- Up-to-date: /home/nik/Documents/RIS/risn1/src/dis_tutorial3/install/dis_tutorial3/include/dis_tutorial3/dis_tutorial3/msg/rosidl_typesupport_fastrtps_cpp__visibility_control.h
[0.715s] -- Up-to-date: /home/nik/Documents/RIS/risn1/src/dis_tutorial3/install/dis_tutorial3/lib/libdis_tutorial3__rosidl_typesupport_fastrtps_cpp.so
[0.715s] -- Up-to-date: /home/nik/Documents/RIS/risn1/src/dis_tutorial3/install/dis_tutorial3/include/dis_tutorial3/dis_tutorial3
[0.715s] -- Up-to-date: /home/nik/Documents/RIS/risn1/src/dis_tutorial3/install/dis_tutorial3/include/dis_tutorial3/dis_tutorial3/msg
[0.715s] -- Up-to-date: /home/nik/Documents/RIS/risn1/src/dis_tutorial3/install/dis_tutorial3/include/dis_tutorial3/dis_tutorial3/msg/rosidl_typesupport_introspection_c__visibility_control.h
[0.715s] -- Up-to-date: /home/nik/Documents/RIS/risn1/src/dis_tutorial3/install/dis_tutorial3/include/dis_tutorial3/dis_tutorial3/msg/detail
[0.715s] -- Up-to-date: /home/nik/Documents/RIS/risn1/src/dis_tutorial3/install/dis_tutorial3/include/dis_tutorial3/dis_tutorial3/msg/detail/task__type_support.c
[0.715s] -- Up-to-date: /home/nik/Documents/RIS/risn1/src/dis_tutorial3/install/dis_tutorial3/include/dis_tutorial3/dis_tutorial3/msg/detail/task__rosidl_typesupport_introspection_c.h
[0.715s] -- Up-to-date: /home/nik/Documents/RIS/risn1/src/dis_tutorial3/install/dis_tutorial3/lib/libdis_tutorial3__rosidl_typesupport_introspection_c.so
[0.715s] -- Up-to-date: /home/nik/Documents/RIS/risn1/src/dis_tutorial3/install/dis_tutorial3/lib/libdis_tutorial3__rosidl_typesupport_c.so
[0.715s] -- Up-to-date: /home/nik/Documents/RIS/risn1/src/dis_tutorial3/install/dis_tutorial3/include/dis_tutorial3/dis_tutorial3
[0.715s] -- Up-to-date: /home/nik/Documents/RIS/risn1/src/dis_tutorial3/install/dis_tutorial3/include/dis_tutorial3/dis_tutorial3/msg
[0.715s] -- Up-to-date: /home/nik/Documents/RIS/risn1/src/dis_tutorial3/install/dis_tutorial3/include/dis_tutorial3/dis_tutorial3/msg/detail
[0.715s] -- Up-to-date: /home/nik/Documents/RIS/risn1/src/dis_tutorial3/install/dis_tutorial3/include/dis_tutorial3/dis_tutorial3/msg/detail/task__type_support.cpp
[0.715s] -- Up-to-date: /home/nik/Documents/RIS/risn1/src/dis_tutorial3/install/dis_tutorial3/include/dis_tutorial3/dis_tutorial3/msg/detail/task__rosidl_typesupport_introspection_cpp.hpp
[0.715s] -- Up-to-date: /home/nik/Documents/RIS/risn1/src/dis_tutorial3/install/dis_tutorial3/lib/libdis_tutorial3__rosidl_typesupport_introspection_cpp.so
[0.715s] -- Up-to-date: /home/nik/Documents/RIS/risn1/src/dis_tutorial3/install/dis_tutorial3/lib/libdis_tutorial3__rosidl_typesupport_cpp.so
[0.715s] -- Up-to-date: /home/nik/Documents/RIS/risn1/src/dis_tutorial3/install/dis_tutorial3/share/dis_tutorial3/environment/pythonpath.sh
[0.715s] -- Up-to-date: /home/nik/Documents/RIS/risn1/src/dis_tutorial3/install/dis_tutorial3/share/dis_tutorial3/environment/pythonpath.dsv
[0.716s] -- Up-to-date: /home/nik/Documents/RIS/risn1/src/dis_tutorial3/install/dis_tutorial3/lib/python3.10/site-packages/dis_tutorial3-0.0.1-py3.10.egg-info
[0.716s] -- Installing: /home/nik/Documents/RIS/risn1/src/dis_tutorial3/install/dis_tutorial3/lib/python3.10/site-packages/dis_tutorial3-0.0.1-py3.10.egg-info/SOURCES.txt
[0.716s] -- Installing: /home/nik/Documents/RIS/risn1/src/dis_tutorial3/install/dis_tutorial3/lib/python3.10/site-packages/dis_tutorial3-0.0.1-py3.10.egg-info/top_level.txt
[0.716s] -- Installing: /home/nik/Documents/RIS/risn1/src/dis_tutorial3/install/dis_tutorial3/lib/python3.10/site-packages/dis_tutorial3-0.0.1-py3.10.egg-info/dependency_links.txt
[0.716s] -- Installing: /home/nik/Documents/RIS/risn1/src/dis_tutorial3/install/dis_tutorial3/lib/python3.10/site-packages/dis_tutorial3-0.0.1-py3.10.egg-info/PKG-INFO
[0.716s] -- Up-to-date: /home/nik/Documents/RIS/risn1/src/dis_tutorial3/install/dis_tutorial3/lib/python3.10/site-packages/dis_tutorial3
[0.716s] -- Up-to-date: /home/nik/Documents/RIS/risn1/src/dis_tutorial3/install/dis_tutorial3/lib/python3.10/site-packages/dis_tutorial3/_dis_tutorial3_s.ep.rosidl_typesupport_c.c
[0.716s] -- Up-to-date: /home/nik/Documents/RIS/risn1/src/dis_tutorial3/install/dis_tutorial3/lib/python3.10/site-packages/dis_tutorial3/_dis_tutorial3_s.ep.rosidl_typesupport_introspection_c.c
[0.716s] -- Up-to-date: /home/nik/Documents/RIS/risn1/src/dis_tutorial3/install/dis_tutorial3/lib/python3.10/site-packages/dis_tutorial3/libdis_tutorial3__rosidl_generator_py.so
[0.716s] -- Up-to-date: /home/nik/Documents/RIS/risn1/src/dis_tutorial3/install/dis_tutorial3/lib/python3.10/site-packages/dis_tutorial3/__init__.py
[0.716s] -- Up-to-date: /home/nik/Documents/RIS/risn1/src/dis_tutorial3/install/dis_tutorial3/lib/python3.10/site-packages/dis_tutorial3/msg
[0.716s] -- Up-to-date: /home/nik/Documents/RIS/risn1/src/dis_tutorial3/install/dis_tutorial3/lib/python3.10/site-packages/dis_tutorial3/msg/__init__.py
[0.716s] -- Up-to-date: /home/nik/Documents/RIS/risn1/src/dis_tutorial3/install/dis_tutorial3/lib/python3.10/site-packages/dis_tutorial3/msg/_task_s.c
[0.716s] -- Up-to-date: /home/nik/Documents/RIS/risn1/src/dis_tutorial3/install/dis_tutorial3/lib/python3.10/site-packages/dis_tutorial3/msg/_task.py
[0.716s] -- Up-to-date: /home/nik/Documents/RIS/risn1/src/dis_tutorial3/install/dis_tutorial3/lib/python3.10/site-packages/dis_tutorial3/dis_tutorial3_s__rosidl_typesupport_c.cpython-310-x86_64-linux-gnu.so
[0.716s] -- Up-to-date: /home/nik/Documents/RIS/risn1/src/dis_tutorial3/install/dis_tutorial3/lib/python3.10/site-packages/dis_tutorial3/dis_tutorial3_s__rosidl_typesupport_introspection_c.cpython-310-x86_64-linux-gnu.so
[0.716s] -- Up-to-date: /home/nik/Documents/RIS/risn1/src/dis_tutorial3/install/dis_tutorial3/lib/python3.10/site-packages/dis_tutorial3/_dis_tutorial3_s.ep.rosidl_typesupport_fastrtps_c.c
[0.716s] -- Up-to-date: /home/nik/Documents/RIS/risn1/src/dis_tutorial3/install/dis_tutorial3/lib/python3.10/site-packages/dis_tutorial3/dis_tutorial3_s__rosidl_typesupport_fastrtps_c.cpython-310-x86_64-linux-gnu.so
[0.837s] Listing '/home/nik/Documents/RIS/risn1/src/dis_tutorial3/install/dis_tutorial3/lib/python3.10/site-packages/dis_tutorial3'...
[0.837s] Listing '/home/nik/Documents/RIS/risn1/src/dis_tutorial3/install/dis_tutorial3/lib/python3.10/site-packages/dis_tutorial3/msg'...
[0.842s] -- Up-to-date: /home/nik/Documents/RIS/risn1/src/dis_tutorial3/install/dis_tutorial3/lib/python3.10/site-packages/dis_tutorial3/dis_tutorial3_s__rosidl_typesupport_fastrtps_c.cpython-310-x86_64-linux-gnu.so
[0.843s] -- Up-to-date: /home/nik/Documents/RIS/risn1/src/dis_tutorial3/install/dis_tutorial3/lib/python3.10/site-packages/dis_tutorial3/dis_tutorial3_s__rosidl_typesupport_introspection_c.cpython-310-x86_64-linux-gnu.so
[0.843s] -- Up-to-date: /home/nik/Documents/RIS/risn1/src/dis_tutorial3/install/dis_tutorial3/lib/python3.10/site-packages/dis_tutorial3/dis_tutorial3_s__rosidl_typesupport_c.cpython-310-x86_64-linux-gnu.so
[0.843s] -- Up-to-date: /home/nik/Documents/RIS/risn1/src/dis_tutorial3/install/dis_tutorial3/lib/libdis_tutorial3__rosidl_generator_py.so
[0.843s] -- Up-to-date: /home/nik/Documents/RIS/risn1/src/dis_tutorial3/install/dis_tutorial3/share/dis_tutorial3/msg/Task.idl
[0.843s] -- Up-to-date: /home/nik/Documents/RIS/risn1/src/dis_tutorial3/install/dis_tutorial3/share/dis_tutorial3/msg/Task.msg
[0.843s] -- Up-to-date: /home/nik/Documents/RIS/risn1/src/dis_tutorial3/install/dis_tutorial3/share/dis_tutorial3//launch
[0.843s] -- Up-to-date: /home/nik/Documents/RIS/risn1/src/dis_tutorial3/install/dis_tutorial3/share/dis_tutorial3//launch/turtlebot4_spawn_nav.launch.py
[0.843s] -- Up-to-date: /home/nik/Documents/RIS/risn1/src/dis_tutorial3/install/dis_tutorial3/share/dis_tutorial3//launch/dis_sim.launch.py
[0.843s] -- Up-to-date: /home/nik/Documents/RIS/risn1/src/dis_tutorial3/install/dis_tutorial3/share/dis_tutorial3//launch/create3_nodes.launch.py
[0.843s] -- Up-to-date: /home/nik/Documents/RIS/risn1/src/dis_tutorial3/install/dis_tutorial3/share/dis_tutorial3//launch/sim_turtlebot_nav.launch.py
[0.843s] -- Up-to-date: /home/nik/Documents/RIS/risn1/src/dis_tutorial3/install/dis_tutorial3/share/dis_tutorial3//launch/slam.launch.py
[0.843s] -- Up-to-date: /home/nik/Documents/RIS/risn1/src/dis_tutorial3/install/dis_tutorial3/share/dis_tutorial3//launch/turtlebot4_spawn.launch.py
[0.844s] -- Up-to-date: /home/nik/Documents/RIS/risn1/src/dis_tutorial3/install/dis_tutorial3/share/dis_tutorial3//launch/ignition.launch.py
[0.844s] -- Up-to-date: /home/nik/Documents/RIS/risn1/src/dis_tutorial3/install/dis_tutorial3/share/dis_tutorial3//launch/localization.launch.py
[0.844s] -- Up-to-date: /home/nik/Documents/RIS/risn1/src/dis_tutorial3/install/dis_tutorial3/share/dis_tutorial3//launch/sim_turtlebot_slam.launch.py
[0.844s] -- Up-to-date: /home/nik/Documents/RIS/risn1/src/dis_tutorial3/install/dis_tutorial3/share/dis_tutorial3//launch/nav2.launch.py
[0.844s] -- Up-to-date: /home/nik/Documents/RIS/risn1/src/dis_tutorial3/install/dis_tutorial3/share/dis_tutorial3//config
[0.844s] -- Up-to-date: /home/nik/Documents/RIS/risn1/src/dis_tutorial3/install/dis_tutorial3/share/dis_tutorial3//config/slam.yaml
[0.844s] -- Up-to-date: /home/nik/Documents/RIS/risn1/src/dis_tutorial3/install/dis_tutorial3/share/dis_tutorial3//config/nav2.yaml
[0.844s] -- Up-to-date: /home/nik/Documents/RIS/risn1/src/dis_tutorial3/install/dis_tutorial3/share/dis_tutorial3//config/laser_filter_chain.yaml
[0.844s] -- Up-to-date: /home/nik/Documents/RIS/risn1/src/dis_tutorial3/install/dis_tutorial3/share/dis_tutorial3//config/localization.yaml
[0.845s] -- Up-to-date: /home/nik/Documents/RIS/risn1/src/dis_tutorial3/install/dis_tutorial3/share/dis_tutorial3//worlds
[0.845s] -- Up-to-date: /home/nik/Documents/RIS/risn1/src/dis_tutorial3/install/dis_tutorial3/share/dis_tutorial3//worlds/demo4_meshes
[0.845s] -- Up-to-date: /home/nik/Documents/RIS/risn1/src/dis_tutorial3/install/dis_tutorial3/share/dis_tutorial3//worlds/demo4_meshes/qr2.jpg
[0.845s] -- Up-to-date: /home/nik/Documents/RIS/risn1/src/dis_tutorial3/install/dis_tutorial3/share/dis_tutorial3//worlds/demo4_meshes/parking_space.jpg
[0.845s] -- Up-to-date: /home/nik/Documents/RIS/risn1/src/dis_tutorial3/install/dis_tutorial3/share/dis_tutorial3//worlds/demo4_meshes/person4.png.001.png
[0.845s] -- Up-to-date: /home/nik/Documents/RIS/risn1/src/dis_tutorial3/install/dis_tutorial3/share/dis_tutorial3//worlds/demo4_meshes/person5.png.001.png
[0.845s] -- Up-to-date: /home/nik/Documents/RIS/risn1/src/dis_tutorial3/install/dis_tutorial3/share/dis_tutorial3//worlds/demo4_meshes/objects.jpg
[0.845s] -- Up-to-date: /home/nik/Documents/RIS/risn1/src/dis_tutorial3/install/dis_tutorial3/share/dis_tutorial3//worlds/demo4_meshes/person3.png.001.png
[0.845s] -- Up-to-date: /home/nik/Documents/RIS/risn1/src/dis_tutorial3/install/dis_tutorial3/share/dis_tutorial3//worlds/demo4_meshes/ground.jpg
[0.845s] -- Up-to-date: /home/nik/Documents/RIS/risn1/src/dis_tutorial3/install/dis_tutorial3/share/dis_tutorial3//worlds/demo4_meshes/red.jpg
[0.846s] -- Up-to-date: /home/nik/Documents/RIS/risn1/src/dis_tutorial3/install/dis_tutorial3/share/dis_tutorial3//worlds/demo4_meshes/fakering3.jpg
[0.846s] -- Up-to-date: /home/nik/Documents/RIS/risn1/src/dis_tutorial3/install/dis_tutorial3/share/dis_tutorial3//worlds/demo4_meshes/map_colliders.dae
[0.846s] -- Up-to-date: /home/nik/Documents/RIS/risn1/src/dis_tutorial3/install/dis_tutorial3/share/dis_tutorial3//worlds/demo4_meshes/map.dae
[0.846s] -- Up-to-date: /home/nik/Documents/RIS/risn1/src/dis_tutorial3/install/dis_tutorial3/share/dis_tutorial3//worlds/demo4_meshes/black.jpg
[0.846s] -- Up-to-date: /home/nik/Documents/RIS/risn1/src/dis_tutorial3/install/dis_tutorial3/share/dis_tutorial3//worlds/demo4_meshes/qr1.jpg
[0.846s] -- Up-to-date: /home/nik/Documents/RIS/risn1/src/dis_tutorial3/install/dis_tutorial3/share/dis_tutorial3//worlds/demo4_meshes/person6.png
[0.846s] -- Up-to-date: /home/nik/Documents/RIS/risn1/src/dis_tutorial3/install/dis_tutorial3/share/dis_tutorial3//worlds/demo4_meshes/person2.png.001.png
[0.846s] -- Up-to-date: /home/nik/Documents/RIS/risn1/src/dis_tutorial3/install/dis_tutorial3/share/dis_tutorial3//worlds/demo4_meshes/green.jpg
[0.846s] -- Up-to-date: /home/nik/Documents/RIS/risn1/src/dis_tutorial3/install/dis_tutorial3/share/dis_tutorial3//worlds/demo4_meshes/person13.png
[0.846s] -- Up-to-date: /home/nik/Documents/RIS/risn1/src/dis_tutorial3/install/dis_tutorial3/share/dis_tutorial3//worlds/demo4_meshes/fakering1.jpg
[0.846s] -- Up-to-date: /home/nik/Documents/RIS/risn1/src/dis_tutorial3/install/dis_tutorial3/share/dis_tutorial3//worlds/demo4_meshes/fakering2.jpg
[0.847s] -- Up-to-date: /home/nik/Documents/RIS/risn1/src/dis_tutorial3/install/dis_tutorial3/share/dis_tutorial3//worlds/demo4_meshes/blue.jpg
[0.847s] -- Up-to-date: /home/nik/Documents/RIS/risn1/src/dis_tutorial3/install/dis_tutorial3/share/dis_tutorial3//worlds/demo4_meshes/yellow.jpg
[0.847s] -- Up-to-date: /home/nik/Documents/RIS/risn1/src/dis_tutorial3/install/dis_tutorial3/share/dis_tutorial3//worlds/empty.sdf
[0.847s] -- Up-to-date: /home/nik/Documents/RIS/risn1/src/dis_tutorial3/install/dis_tutorial3/share/dis_tutorial3//worlds/2024
[0.847s] -- Up-to-date: /home/nik/Documents/RIS/risn1/src/dis_tutorial3/install/dis_tutorial3/share/dis_tutorial3//worlds/2024/task2_demo1_meshes
[0.847s] -- Up-to-date: /home/nik/Documents/RIS/risn1/src/dis_tutorial3/install/dis_tutorial3/share/dis_tutorial3//worlds/2024/task2_demo1_meshes/parking_space.jpg
[0.848s] -- Up-to-date: /home/nik/Documents/RIS/risn1/src/dis_tutorial3/install/dis_tutorial3/share/dis_tutorial3//worlds/2024/task2_demo1_meshes/objects.jpg
[0.848s] -- Up-to-date: /home/nik/Documents/RIS/risn1/src/dis_tutorial3/install/dis_tutorial3/share/dis_tutorial3//worlds/2024/task2_demo1_meshes/ground.jpg
[0.848s] -- Up-to-date: /home/nik/Documents/RIS/risn1/src/dis_tutorial3/install/dis_tutorial3/share/dis_tutorial3//worlds/2024/task2_demo1_meshes/fakering3.jpg
[0.848s] -- Up-to-date: /home/nik/Documents/RIS/risn1/src/dis_tutorial3/install/dis_tutorial3/share/dis_tutorial3//worlds/2024/task2_demo1_meshes/map_colliders.dae
[0.848s] -- Up-to-date: /home/nik/Documents/RIS/risn1/src/dis_tutorial3/install/dis_tutorial3/share/dis_tutorial3//worlds/2024/task2_demo1_meshes/map.dae
[0.848s] -- Up-to-date: /home/nik/Documents/RIS/risn1/src/dis_tutorial3/install/dis_tutorial3/share/dis_tutorial3//worlds/2024/task2_demo1_meshes/cylinders.jpg
[0.848s] -- Up-to-date: /home/nik/Documents/RIS/risn1/src/dis_tutorial3/install/dis_tutorial3/share/dis_tutorial3//worlds/2024/task2_demo1_meshes/fakering1.jpg
[0.848s] -- Up-to-date: /home/nik/Documents/RIS/risn1/src/dis_tutorial3/install/dis_tutorial3/share/dis_tutorial3//worlds/2024/task2_demo1_meshes/fakering2.jpg
[0.848s] -- Up-to-date: /home/nik/Documents/RIS/risn1/src/dis_tutorial3/install/dis_tutorial3/share/dis_tutorial3//worlds/2024/task2_demo2_meshes
[0.848s] -- Up-to-date: /home/nik/Documents/RIS/risn1/src/dis_tutorial3/install/dis_tutorial3/share/dis_tutorial3//worlds/2024/task2_demo2_meshes/parking_space.jpg
[0.848s] -- Up-to-date: /home/nik/Documents/RIS/risn1/src/dis_tutorial3/install/dis_tutorial3/share/dis_tutorial3//worlds/2024/task2_demo2_meshes/objects.jpg
[0.848s] -- Up-to-date: /home/nik/Documents/RIS/risn1/src/dis_tutorial3/install/dis_tutorial3/share/dis_tutorial3//worlds/2024/task2_demo2_meshes/ground.jpg
[0.848s] -- Up-to-date: /home/nik/Documents/RIS/risn1/src/dis_tutorial3/install/dis_tutorial3/share/dis_tutorial3//worlds/2024/task2_demo2_meshes/fakering3.jpg
[0.848s] -- Up-to-date: /home/nik/Documents/RIS/risn1/src/dis_tutorial3/install/dis_tutorial3/share/dis_tutorial3//worlds/2024/task2_demo2_meshes/map_colliders.dae
[0.848s] -- Up-to-date: /home/nik/Documents/RIS/risn1/src/dis_tutorial3/install/dis_tutorial3/share/dis_tutorial3//worlds/2024/task2_demo2_meshes/map.dae
[0.848s] -- Up-to-date: /home/nik/Documents/RIS/risn1/src/dis_tutorial3/install/dis_tutorial3/share/dis_tutorial3//worlds/2024/task2_demo2_meshes/cylinders.jpg
[0.848s] -- Up-to-date: /home/nik/Documents/RIS/risn1/src/dis_tutorial3/install/dis_tutorial3/share/dis_tutorial3//worlds/2024/task2_demo2_meshes/fakering1.jpg
[0.849s] -- Up-to-date: /home/nik/Documents/RIS/risn1/src/dis_tutorial3/install/dis_tutorial3/share/dis_tutorial3//worlds/2024/task2_demo2_meshes/fakering2.jpg
[0.849s] -- Up-to-date: /home/nik/Documents/RIS/risn1/src/dis_tutorial3/install/dis_tutorial3/share/dis_tutorial3//worlds/2024/task2_demo1.sdf
[0.849s] -- Up-to-date: /home/nik/Documents/RIS/risn1/src/dis_tutorial3/install/dis_tutorial3/share/dis_tutorial3//worlds/2024/task2_demo2.sdf
[0.849s] -- Up-to-date: /home/nik/Documents/RIS/risn1/src/dis_tutorial3/install/dis_tutorial3/share/dis_tutorial3//worlds/2024/task3.sdf
[0.849s] -- Up-to-date: /home/nik/Documents/RIS/risn1/src/dis_tutorial3/install/dis_tutorial3/share/dis_tutorial3//worlds/2024/task3_meshes
[0.849s] -- Up-to-date: /home/nik/Documents/RIS/risn1/src/dis_tutorial3/install/dis_tutorial3/share/dis_tutorial3//worlds/2024/task3_meshes/parking_space.jpg
[0.849s] -- Up-to-date: /home/nik/Documents/RIS/risn1/src/dis_tutorial3/install/dis_tutorial3/share/dis_tutorial3//worlds/2024/task3_meshes/easy_anomona_4.png
[0.849s] -- Up-to-date: /home/nik/Documents/RIS/risn1/src/dis_tutorial3/install/dis_tutorial3/share/dis_tutorial3//worlds/2024/task3_meshes/villager1.png
[0.849s] -- Up-to-date: /home/nik/Documents/RIS/risn1/src/dis_tutorial3/install/dis_tutorial3/share/dis_tutorial3//worlds/2024/task3_meshes/objects.jpg
[0.849s] -- Up-to-date: /home/nik/Documents/RIS/risn1/src/dis_tutorial3/install/dis_tutorial3/share/dis_tutorial3//worlds/2024/task3_meshes/easy_anomona_0.png
[0.849s] -- Up-to-date: /home/nik/Documents/RIS/risn1/src/dis_tutorial3/install/dis_tutorial3/share/dis_tutorial3//worlds/2024/task3_meshes/villager2.png
[0.849s] -- Up-to-date: /home/nik/Documents/RIS/risn1/src/dis_tutorial3/install/dis_tutorial3/share/dis_tutorial3//worlds/2024/task3_meshes/anomona_3.png
[0.849s] -- Up-to-date: /home/nik/Documents/RIS/risn1/src/dis_tutorial3/install/dis_tutorial3/share/dis_tutorial3//worlds/2024/task3_meshes/ground.jpg
[0.849s] -- Up-to-date: /home/nik/Documents/RIS/risn1/src/dis_tutorial3/install/dis_tutorial3/share/dis_tutorial3//worlds/2024/task3_meshes/mona.png
[0.849s] -- Up-to-date: /home/nik/Documents/RIS/risn1/src/dis_tutorial3/install/dis_tutorial3/share/dis_tutorial3//worlds/2024/task3_meshes/easy_anomona_1.png
[0.849s] -- Up-to-date: /home/nik/Documents/RIS/risn1/src/dis_tutorial3/install/dis_tutorial3/share/dis_tutorial3//worlds/2024/task3_meshes/qr_wrong.png
[0.849s] -- Up-to-date: /home/nik/Documents/RIS/risn1/src/dis_tutorial3/install/dis_tutorial3/share/dis_tutorial3//worlds/2024/task3_meshes/easy_anomona_2.png
[0.849s] -- Up-to-date: /home/nik/Documents/RIS/risn1/src/dis_tutorial3/install/dis_tutorial3/share/dis_tutorial3//worlds/2024/task3_meshes/fakering3.jpg
[0.849s] -- Up-to-date: /home/nik/Documents/RIS/risn1/src/dis_tutorial3/install/dis_tutorial3/share/dis_tutorial3//worlds/2024/task3_meshes/anomona_1.png
[0.849s] -- Up-to-date: /home/nik/Documents/RIS/risn1/src/dis_tutorial3/install/dis_tutorial3/share/dis_tutorial3//worlds/2024/task3_meshes/map_colliders.dae
[0.849s] -- Up-to-date: /home/nik/Documents/RIS/risn1/src/dis_tutorial3/install/dis_tutorial3/share/dis_tutorial3//worlds/2024/task3_meshes/villager4.png
[0.849s] -- Up-to-date: /home/nik/Documents/RIS/risn1/src/dis_tutorial3/install/dis_tutorial3/share/dis_tutorial3//worlds/2024/task3_meshes/qr_cheat.png
[0.849s] -- Up-to-date: /home/nik/Documents/RIS/risn1/src/dis_tutorial3/install/dis_tutorial3/share/dis_tutorial3//worlds/2024/task3_meshes/villager3.png
[0.849s] -- Up-to-date: /home/nik/Documents/RIS/risn1/src/dis_tutorial3/install/dis_tutorial3/share/dis_tutorial3//worlds/2024/task3_meshes/anomona_0.png
[0.849s] -- Up-to-date: /home/nik/Documents/RIS/risn1/src/dis_tutorial3/install/dis_tutorial3/share/dis_tutorial3//worlds/2024/task3_meshes/anomona_2.png
[0.849s] -- Up-to-date: /home/nik/Documents/RIS/risn1/src/dis_tutorial3/install/dis_tutorial3/share/dis_tutorial3//worlds/2024/task3_meshes/map.dae
[0.849s] -- Up-to-date: /home/nik/Documents/RIS/risn1/src/dis_tutorial3/install/dis_tutorial3/share/dis_tutorial3//worlds/2024/task3_meshes/anomona_4.png
[0.849s] -- Up-to-date: /home/nik/Documents/RIS/risn1/src/dis_tutorial3/install/dis_tutorial3/share/dis_tutorial3//worlds/2024/task3_meshes/cylinders.jpg
[0.849s] -- Up-to-date: /home/nik/Documents/RIS/risn1/src/dis_tutorial3/install/dis_tutorial3/share/dis_tutorial3//worlds/2024/task3_meshes/qr_url.png
[0.849s] -- Up-to-date: /home/nik/Documents/RIS/risn1/src/dis_tutorial3/install/dis_tutorial3/share/dis_tutorial3//worlds/2024/task3_meshes/villager5.png
[0.849s] -- Up-to-date: /home/nik/Documents/RIS/risn1/src/dis_tutorial3/install/dis_tutorial3/share/dis_tutorial3//worlds/2024/task3_meshes/fakering1.jpg
[0.850s] -- Up-to-date: /home/nik/Documents/RIS/risn1/src/dis_tutorial3/install/dis_tutorial3/share/dis_tutorial3//worlds/2024/task3_meshes/fakering2.jpg
[0.850s] -- Up-to-date: /home/nik/Documents/RIS/risn1/src/dis_tutorial3/install/dis_tutorial3/share/dis_tutorial3//worlds/2024/task3_meshes/easy_anomona_3.png
[0.850s] -- Up-to-date: /home/nik/Documents/RIS/risn1/src/dis_tutorial3/install/dis_tutorial3/share/dis_tutorial3//worlds/demo4.sdf
[0.850s] -- Up-to-date: /home/nik/Documents/RIS/risn1/src/dis_tutorial3/install/dis_tutorial3/share/dis_tutorial3//worlds/demo2_meshes
[0.850s] -- Up-to-date: /home/nik/Documents/RIS/risn1/src/dis_tutorial3/install/dis_tutorial3/share/dis_tutorial3//worlds/demo2_meshes/qr2.jpg
[0.850s] -- Up-to-date: /home/nik/Documents/RIS/risn1/src/dis_tutorial3/install/dis_tutorial3/share/dis_tutorial3//worlds/demo2_meshes/parking_space.jpg
[0.850s] -- Up-to-date: /home/nik/Documents/RIS/risn1/src/dis_tutorial3/install/dis_tutorial3/share/dis_tutorial3//worlds/demo2_meshes/person18.png
[0.850s] -- Up-to-date: /home/nik/Documents/RIS/risn1/src/dis_tutorial3/install/dis_tutorial3/share/dis_tutorial3//worlds/demo2_meshes/objects.jpg
[0.850s] -- Up-to-date: /home/nik/Documents/RIS/risn1/src/dis_tutorial3/install/dis_tutorial3/share/dis_tutorial3//worlds/demo2_meshes/person20.png
[0.851s] -- Up-to-date: /home/nik/Documents/RIS/risn1/src/dis_tutorial3/install/dis_tutorial3/share/dis_tutorial3//worlds/demo2_meshes/person8.png
[0.852s] -- Up-to-date: /home/nik/Documents/RIS/risn1/src/dis_tutorial3/install/dis_tutorial3/share/dis_tutorial3//worlds/demo2_meshes/ground.jpg
[0.852s] -- Up-to-date: /home/nik/Documents/RIS/risn1/src/dis_tutorial3/install/dis_tutorial3/share/dis_tutorial3//worlds/demo2_meshes/person9.png
[0.852s] -- Up-to-date: /home/nik/Documents/RIS/risn1/src/dis_tutorial3/install/dis_tutorial3/share/dis_tutorial3//worlds/demo2_meshes/fakering3.jpg
[0.852s] -- Up-to-date: /home/nik/Documents/RIS/risn1/src/dis_tutorial3/install/dis_tutorial3/share/dis_tutorial3//worlds/demo2_meshes/map_colliders.dae
[0.852s] -- Up-to-date: /home/nik/Documents/RIS/risn1/src/dis_tutorial3/install/dis_tutorial3/share/dis_tutorial3//worlds/demo2_meshes/map.dae
[0.852s] -- Up-to-date: /home/nik/Documents/RIS/risn1/src/dis_tutorial3/install/dis_tutorial3/share/dis_tutorial3//worlds/demo2_meshes/person7.png
[0.852s] -- Up-to-date: /home/nik/Documents/RIS/risn1/src/dis_tutorial3/install/dis_tutorial3/share/dis_tutorial3//worlds/demo2_meshes/qr1.jpg
[0.852s] -- Up-to-date: /home/nik/Documents/RIS/risn1/src/dis_tutorial3/install/dis_tutorial3/share/dis_tutorial3//worlds/demo2_meshes/person6.png
[0.852s] -- Up-to-date: /home/nik/Documents/RIS/risn1/src/dis_tutorial3/install/dis_tutorial3/share/dis_tutorial3//worlds/demo2_meshes/cylinders.jpg
[0.852s] -- Up-to-date: /home/nik/Documents/RIS/risn1/src/dis_tutorial3/install/dis_tutorial3/share/dis_tutorial3//worlds/demo2_meshes/fakering1.jpg
[0.852s] -- Up-to-date: /home/nik/Documents/RIS/risn1/src/dis_tutorial3/install/dis_tutorial3/share/dis_tutorial3//worlds/demo2_meshes/fakering2.jpg
[0.853s] -- Up-to-date: /home/nik/Documents/RIS/risn1/src/dis_tutorial3/install/dis_tutorial3/share/dis_tutorial3//worlds/dis_meshes
[0.853s] -- Up-to-date: /home/nik/Documents/RIS/risn1/src/dis_tutorial3/install/dis_tutorial3/share/dis_tutorial3//worlds/dis_meshes/qr2.jpg
[0.854s] -- Up-to-date: /home/nik/Documents/RIS/risn1/src/dis_tutorial3/install/dis_tutorial3/share/dis_tutorial3//worlds/dis_meshes/person5.jpg
[0.854s] -- Up-to-date: /home/nik/Documents/RIS/risn1/src/dis_tutorial3/install/dis_tutorial3/share/dis_tutorial3//worlds/dis_meshes/parking_space.jpg
[0.854s] -- Up-to-date: /home/nik/Documents/RIS/risn1/src/dis_tutorial3/install/dis_tutorial3/share/dis_tutorial3//worlds/dis_meshes/person1.jpg
[0.854s] -- Up-to-date: /home/nik/Documents/RIS/risn1/src/dis_tutorial3/install/dis_tutorial3/share/dis_tutorial3//worlds/dis_meshes/person3.jpg
[0.854s] -- Up-to-date: /home/nik/Documents/RIS/risn1/src/dis_tutorial3/install/dis_tutorial3/share/dis_tutorial3//worlds/dis_meshes/objects.jpg
[0.854s] -- Up-to-date: /home/nik/Documents/RIS/risn1/src/dis_tutorial3/install/dis_tutorial3/share/dis_tutorial3//worlds/dis_meshes/person4.jpg
[0.854s] -- Up-to-date: /home/nik/Documents/RIS/risn1/src/dis_tutorial3/install/dis_tutorial3/share/dis_tutorial3//worlds/dis_meshes/ground.jpg
[0.854s] -- Up-to-date: /home/nik/Documents/RIS/risn1/src/dis_tutorial3/install/dis_tutorial3/share/dis_tutorial3//worlds/dis_meshes/person2.jpg
[0.854s] -- Up-to-date: /home/nik/Documents/RIS/risn1/src/dis_tutorial3/install/dis_tutorial3/share/dis_tutorial3//worlds/dis_meshes/fakering3.jpg
[0.854s] -- Up-to-date: /home/nik/Documents/RIS/risn1/src/dis_tutorial3/install/dis_tutorial3/share/dis_tutorial3//worlds/dis_meshes/map_colliders.dae
[0.854s] -- Up-to-date: /home/nik/Documents/RIS/risn1/src/dis_tutorial3/install/dis_tutorial3/share/dis_tutorial3//worlds/dis_meshes/map.dae
[0.854s] -- Up-to-date: /home/nik/Documents/RIS/risn1/src/dis_tutorial3/install/dis_tutorial3/share/dis_tutorial3//worlds/dis_meshes/mona1.jpg
[0.854s] -- Up-to-date: /home/nik/Documents/RIS/risn1/src/dis_tutorial3/install/dis_tutorial3/share/dis_tutorial3//worlds/dis_meshes/davinci.jpg
[0.855s] -- Up-to-date: /home/nik/Documents/RIS/risn1/src/dis_tutorial3/install/dis_tutorial3/share/dis_tutorial3//worlds/dis_meshes/qr1.jpg
[0.855s] -- Up-to-date: /home/nik/Documents/RIS/risn1/src/dis_tutorial3/install/dis_tutorial3/share/dis_tutorial3//worlds/dis_meshes/cylinders.jpg
[0.855s] -- Up-to-date: /home/nik/Documents/RIS/risn1/src/dis_tutorial3/install/dis_tutorial3/share/dis_tutorial3//worlds/dis_meshes/fakering1.jpg
[0.855s] -- Up-to-date: /home/nik/Documents/RIS/risn1/src/dis_tutorial3/install/dis_tutorial3/share/dis_tutorial3//worlds/dis_meshes/fakering2.jpg
[0.855s] -- Up-to-date: /home/nik/Documents/RIS/risn1/src/dis_tutorial3/install/dis_tutorial3/share/dis_tutorial3//worlds/dis_meshes/wood.jpg
[0.855s] -- Up-to-date: /home/nik/Documents/RIS/risn1/src/dis_tutorial3/install/dis_tutorial3/share/dis_tutorial3//worlds/task1.sdf
[0.855s] -- Up-to-date: /home/nik/Documents/RIS/risn1/src/dis_tutorial3/install/dis_tutorial3/share/dis_tutorial3//worlds/demo3_meshes
[0.855s] -- Up-to-date: /home/nik/Documents/RIS/risn1/src/dis_tutorial3/install/dis_tutorial3/share/dis_tutorial3//worlds/demo3_meshes/qr2.jpg
[0.856s] -- Up-to-date: /home/nik/Documents/RIS/risn1/src/dis_tutorial3/install/dis_tutorial3/share/dis_tutorial3//worlds/demo3_meshes/parking_space.jpg
[0.856s] -- Up-to-date: /home/nik/Documents/RIS/risn1/src/dis_tutorial3/install/dis_tutorial3/share/dis_tutorial3//worlds/demo3_meshes/objects.jpg
[0.856s] -- Up-to-date: /home/nik/Documents/RIS/risn1/src/dis_tutorial3/install/dis_tutorial3/share/dis_tutorial3//worlds/demo3_meshes/ground.jpg
[0.856s] -- Up-to-date: /home/nik/Documents/RIS/risn1/src/dis_tutorial3/install/dis_tutorial3/share/dis_tutorial3//worlds/demo3_meshes/red.jpg
[0.856s] -- Up-to-date: /home/nik/Documents/RIS/risn1/src/dis_tutorial3/install/dis_tutorial3/share/dis_tutorial3//worlds/demo3_meshes/person15.png
[0.856s] -- Up-to-date: /home/nik/Documents/RIS/risn1/src/dis_tutorial3/install/dis_tutorial3/share/dis_tutorial3//worlds/demo3_meshes/fakering3.jpg
[0.856s] -- Up-to-date: /home/nik/Documents/RIS/risn1/src/dis_tutorial3/install/dis_tutorial3/share/dis_tutorial3//worlds/demo3_meshes/map_colliders.dae
[0.856s] -- Up-to-date: /home/nik/Documents/RIS/risn1/src/dis_tutorial3/install/dis_tutorial3/share/dis_tutorial3//worlds/demo3_meshes/map.dae
[0.856s] -- Up-to-date: /home/nik/Documents/RIS/risn1/src/dis_tutorial3/install/dis_tutorial3/share/dis_tutorial3//worlds/demo3_meshes/person22.png
[0.857s] -- Up-to-date: /home/nik/Documents/RIS/risn1/src/dis_tutorial3/install/dis_tutorial3/share/dis_tutorial3//worlds/demo3_meshes/black.jpg
[0.857s] -- Up-to-date: /home/nik/Documents/RIS/risn1/src/dis_tutorial3/install/dis_tutorial3/share/dis_tutorial3//worlds/demo3_meshes/person24.png
[0.857s] -- Up-to-date: /home/nik/Documents/RIS/risn1/src/dis_tutorial3/install/dis_tutorial3/share/dis_tutorial3//worlds/demo3_meshes/qr1.jpg
[0.857s] -- Up-to-date: /home/nik/Documents/RIS/risn1/src/dis_tutorial3/install/dis_tutorial3/share/dis_tutorial3//worlds/demo3_meshes/person17.png
[0.857s] -- Up-to-date: /home/nik/Documents/RIS/risn1/src/dis_tutorial3/install/dis_tutorial3/share/dis_tutorial3//worlds/demo3_meshes/green.jpg
[0.857s] -- Up-to-date: /home/nik/Documents/RIS/risn1/src/dis_tutorial3/install/dis_tutorial3/share/dis_tutorial3//worlds/demo3_meshes/fakering1.jpg
[0.857s] -- Up-to-date: /home/nik/Documents/RIS/risn1/src/dis_tutorial3/install/dis_tutorial3/share/dis_tutorial3//worlds/demo3_meshes/fakering2.jpg
[0.857s] -- Up-to-date: /home/nik/Documents/RIS/risn1/src/dis_tutorial3/install/dis_tutorial3/share/dis_tutorial3//worlds/demo3_meshes/person21.png
[0.857s] -- Up-to-date: /home/nik/Documents/RIS/risn1/src/dis_tutorial3/install/dis_tutorial3/share/dis_tutorial3//worlds/demo3_meshes/blue.jpg
[0.857s] -- Up-to-date: /home/nik/Documents/RIS/risn1/src/dis_tutorial3/install/dis_tutorial3/share/dis_tutorial3//worlds/demo3_meshes/yellow.jpg
[0.857s] -- Up-to-date: /home/nik/Documents/RIS/risn1/src/dis_tutorial3/install/dis_tutorial3/share/dis_tutorial3//worlds/dis.sdf
[0.857s] -- Up-to-date: /home/nik/Documents/RIS/risn1/src/dis_tutorial3/install/dis_tutorial3/share/dis_tutorial3//worlds/demo1_meshes
[0.858s] -- Up-to-date: /home/nik/Documents/RIS/risn1/src/dis_tutorial3/install/dis_tutorial3/share/dis_tutorial3//worlds/demo1_meshes/qr2.jpg
[0.858s] -- Up-to-date: /home/nik/Documents/RIS/risn1/src/dis_tutorial3/install/dis_tutorial3/share/dis_tutorial3//worlds/demo1_meshes/parking_space.jpg
[0.858s] -- Up-to-date: /home/nik/Documents/RIS/risn1/src/dis_tutorial3/install/dis_tutorial3/share/dis_tutorial3//worlds/demo1_meshes/objects.jpg
[0.858s] -- Up-to-date: /home/nik/Documents/RIS/risn1/src/dis_tutorial3/install/dis_tutorial3/share/dis_tutorial3//worlds/demo1_meshes/person11.png
[0.858s] -- Up-to-date: /home/nik/Documents/RIS/risn1/src/dis_tutorial3/install/dis_tutorial3/share/dis_tutorial3//worlds/demo1_meshes/ground.jpg
[0.858s] -- Up-to-date: /home/nik/Documents/RIS/risn1/src/dis_tutorial3/install/dis_tutorial3/share/dis_tutorial3//worlds/demo1_meshes/person4.png
[0.858s] -- Up-to-date: /home/nik/Documents/RIS/risn1/src/dis_tutorial3/install/dis_tutorial3/share/dis_tutorial3//worlds/demo1_meshes/fakering3.jpg
[0.858s] -- Up-to-date: /home/nik/Documents/RIS/risn1/src/dis_tutorial3/install/dis_tutorial3/share/dis_tutorial3//worlds/demo1_meshes/map_colliders.dae
[0.858s] -- Up-to-date: /home/nik/Documents/RIS/risn1/src/dis_tutorial3/install/dis_tutorial3/share/dis_tutorial3//worlds/demo1_meshes/map.dae
[0.858s] -- Up-to-date: /home/nik/Documents/RIS/risn1/src/dis_tutorial3/install/dis_tutorial3/share/dis_tutorial3//worlds/demo1_meshes/person2.png
[0.859s] -- Up-to-date: /home/nik/Documents/RIS/risn1/src/dis_tutorial3/install/dis_tutorial3/share/dis_tutorial3//worlds/demo1_meshes/qr1.jpg
[0.859s] -- Up-to-date: /home/nik/Documents/RIS/risn1/src/dis_tutorial3/install/dis_tutorial3/share/dis_tutorial3//worlds/demo1_meshes/cylinders.jpg
[0.859s] -- Up-to-date: /home/nik/Documents/RIS/risn1/src/dis_tutorial3/install/dis_tutorial3/share/dis_tutorial3//worlds/demo1_meshes/person3.png
[0.859s] -- Up-to-date: /home/nik/Documents/RIS/risn1/src/dis_tutorial3/install/dis_tutorial3/share/dis_tutorial3//worlds/demo1_meshes/fakering1.jpg
[0.859s] -- Up-to-date: /home/nik/Documents/RIS/risn1/src/dis_tutorial3/install/dis_tutorial3/share/dis_tutorial3//worlds/demo1_meshes/fakering2.jpg
[0.859s] -- Up-to-date: /home/nik/Documents/RIS/risn1/src/dis_tutorial3/install/dis_tutorial3/share/dis_tutorial3//worlds/demo1_meshes/person1.png
[0.860s] -- Up-to-date: /home/nik/Documents/RIS/risn1/src/dis_tutorial3/install/dis_tutorial3/share/dis_tutorial3//worlds/demo1_meshes/person5.png
[0.860s] -- Up-to-date: /home/nik/Documents/RIS/risn1/src/dis_tutorial3/install/dis_tutorial3/share/dis_tutorial3//worlds/demo2.sdf
[0.860s] -- Up-to-date: /home/nik/Documents/RIS/risn1/src/dis_tutorial3/install/dis_tutorial3/share/dis_tutorial3//worlds/demo1.sdf
[0.860s] -- Up-to-date: /home/nik/Documents/RIS/risn1/src/dis_tutorial3/install/dis_tutorial3/share/dis_tutorial3//worlds/demo3.sdf
[0.860s] -- Up-to-date: /home/nik/Documents/RIS/risn1/src/dis_tutorial3/install/dis_tutorial3/share/dis_tutorial3//worlds/task1_meshes
[0.860s] -- Up-to-date: /home/nik/Documents/RIS/risn1/src/dis_tutorial3/install/dis_tutorial3/share/dis_tutorial3//worlds/task1_meshes/qr2.jpg
[0.860s] -- Up-to-date: /home/nik/Documents/RIS/risn1/src/dis_tutorial3/install/dis_tutorial3/share/dis_tutorial3//worlds/task1_meshes/parking_space.jpg
[0.861s] -- Up-to-date: /home/nik/Documents/RIS/risn1/src/dis_tutorial3/install/dis_tutorial3/share/dis_tutorial3//worlds/task1_meshes/person5.png.001.png
[0.861s] -- Up-to-date: /home/nik/Documents/RIS/risn1/src/dis_tutorial3/install/dis_tutorial3/share/dis_tutorial3//worlds/task1_meshes/objects.jpg
[0.861s] -- Up-to-date: /home/nik/Documents/RIS/risn1/src/dis_tutorial3/install/dis_tutorial3/share/dis_tutorial3//worlds/task1_meshes/person8.png
[0.861s] -- Up-to-date: /home/nik/Documents/RIS/risn1/src/dis_tutorial3/install/dis_tutorial3/share/dis_tutorial3//worlds/task1_meshes/person3.png.001.png
[0.861s] -- Up-to-date: /home/nik/Documents/RIS/risn1/src/dis_tutorial3/install/dis_tutorial3/share/dis_tutorial3//worlds/task1_meshes/ground.jpg
[0.861s] -- Up-to-date: /home/nik/Documents/RIS/risn1/src/dis_tutorial3/install/dis_tutorial3/share/dis_tutorial3//worlds/task1_meshes/red.jpg
[0.861s] -- Up-to-date: /home/nik/Documents/RIS/risn1/src/dis_tutorial3/install/dis_tutorial3/share/dis_tutorial3//worlds/task1_meshes/fakering3.jpg
[0.861s] -- Up-to-date: /home/nik/Documents/RIS/risn1/src/dis_tutorial3/install/dis_tutorial3/share/dis_tutorial3//worlds/task1_meshes/map_colliders.dae
[0.861s] -- Up-to-date: /home/nik/Documents/RIS/risn1/src/dis_tutorial3/install/dis_tutorial3/share/dis_tutorial3//worlds/task1_meshes/map.dae
[0.861s] -- Up-to-date: /home/nik/Documents/RIS/risn1/src/dis_tutorial3/install/dis_tutorial3/share/dis_tutorial3//worlds/task1_meshes/black.jpg
[0.861s] -- Up-to-date: /home/nik/Documents/RIS/risn1/src/dis_tutorial3/install/dis_tutorial3/share/dis_tutorial3//worlds/task1_meshes/qr1.jpg
[0.861s] -- Up-to-date: /home/nik/Documents/RIS/risn1/src/dis_tutorial3/install/dis_tutorial3/share/dis_tutorial3//worlds/task1_meshes/person6.png
[0.861s] -- Up-to-date: /home/nik/Documents/RIS/risn1/src/dis_tutorial3/install/dis_tutorial3/share/dis_tutorial3//worlds/task1_meshes/person2.png.001.png
[0.861s] -- Up-to-date: /home/nik/Documents/RIS/risn1/src/dis_tutorial3/install/dis_tutorial3/share/dis_tutorial3//worlds/task1_meshes/green.jpg
[0.861s] -- Up-to-date: /home/nik/Documents/RIS/risn1/src/dis_tutorial3/install/dis_tutorial3/share/dis_tutorial3//worlds/task1_meshes/person13.png
[0.861s] -- Up-to-date: /home/nik/Documents/RIS/risn1/src/dis_tutorial3/install/dis_tutorial3/share/dis_tutorial3//worlds/task1_meshes/fakering1.jpg
[0.861s] -- Up-to-date: /home/nik/Documents/RIS/risn1/src/dis_tutorial3/install/dis_tutorial3/share/dis_tutorial3//worlds/task1_meshes/fakering2.jpg
[0.861s] -- Up-to-date: /home/nik/Documents/RIS/risn1/src/dis_tutorial3/install/dis_tutorial3/share/dis_tutorial3//worlds/task1_meshes/blue.jpg
[0.861s] -- Up-to-date: /home/nik/Documents/RIS/risn1/src/dis_tutorial3/install/dis_tutorial3/share/dis_tutorial3//worlds/task1_meshes/yellow.jpg
[0.861s] -- Up-to-date: /home/nik/Documents/RIS/risn1/src/dis_tutorial3/install/dis_tutorial3/share/dis_tutorial3//maps
[0.861s] -- Up-to-date: /home/nik/Documents/RIS/risn1/src/dis_tutorial3/install/dis_tutorial3/share/dis_tutorial3//maps/nasamapa.yaml
[0.861s] -- Up-to-date: /home/nik/Documents/RIS/risn1/src/dis_tutorial3/install/dis_tutorial3/share/dis_tutorial3//maps/map.pgm
[0.861s] -- Up-to-date: /home/nik/Documents/RIS/risn1/src/dis_tutorial3/install/dis_tutorial3/share/dis_tutorial3//maps/my_map.yaml
[0.862s] -- Up-to-date: /home/nik/Documents/RIS/risn1/src/dis_tutorial3/install/dis_tutorial3/share/dis_tutorial3//maps/map.yaml
[0.862s] -- Up-to-date: /home/nik/Documents/RIS/risn1/src/dis_tutorial3/install/dis_tutorial3/share/dis_tutorial3//maps/nasamapa.pgm
[0.862s] -- Up-to-date: /home/nik/Documents/RIS/risn1/src/dis_tutorial3/install/dis_tutorial3/share/dis_tutorial3//maps/my_map.pgm
[0.862s] -- Installing: /home/nik/Documents/RIS/risn1/src/dis_tutorial3/install/dis_tutorial3/lib/dis_tutorial3/detect_people.py
[0.862s] -- Up-to-date: /home/nik/Documents/RIS/risn1/src/dis_tutorial3/install/dis_tutorial3/lib/dis_tutorial3/robot_commander.py
[0.862s] -- Up-to-date: /home/nik/Documents/RIS/risn1/src/dis_tutorial3/install/dis_tutorial3/lib/dis_tutorial3/robot_commander_custom.py
[0.862s] -- Up-to-date: /home/nik/Documents/RIS/risn1/src/dis_tutorial3/install/dis_tutorial3/lib/dis_tutorial3/dp2.py
[0.862s] -- Up-to-date: /home/nik/Documents/RIS/risn1/src/dis_tutorial3/install/dis_tutorial3/lib/dis_tutorial3/clicked_point_listener.py
[0.862s] -- Up-to-date: /home/nik/Documents/RIS/risn1/src/dis_tutorial3/install/dis_tutorial3/lib/dis_tutorial3/start_round.py
[0.862s] -- Up-to-date: /home/nik/Documents/RIS/risn1/src/dis_tutorial3/install/dis_tutorial3/lib/dis_tutorial3/get_coords.py
[0.862s] -- Up-to-date: /home/nik/Documents/RIS/risn1/src/dis_tutorial3/install/dis_tutorial3/lib/dis_tutorial3/detect_rings.py
[0.862s] -- Up-to-date: /home/nik/Documents/RIS/risn1/src/dis_tutorial3/install/dis_tutorial3/lib/dis_tutorial3/detect_people_custom.py
[0.863s] -- Up-to-date: /home/nik/Documents/RIS/risn1/src/dis_tutorial3/install/dis_tutorial3/lib/dis_tutorial3/face_filter.py
[0.863s] -- Installing: /home/nik/Documents/RIS/risn1/src/dis_tutorial3/install/dis_tutorial3/lib/dis_tutorial3/face_filter1.py
[0.864s] -- Up-to-date: /home/nik/Documents/RIS/risn1/src/dis_tutorial3/install/dis_tutorial3/lib/dis_tutorial3/detect_rings_mod.py
[0.864s] -- Up-to-date: /home/nik/Documents/RIS/risn1/src/dis_tutorial3/install/dis_tutorial3/lib/dis_tutorial3/main.py
[0.864s] -- Up-to-date: /home/nik/Documents/RIS/risn1/src/dis_tutorial3/install/dis_tutorial3/lib/dis_tutorial3/main1.py
[0.864s] -- Up-to-date: /home/nik/Documents/RIS/risn1/src/dis_tutorial3/install/dis_tutorial3/lib/dis_tutorial3/get_rings.py
[0.864s] -- Up-to-date: /home/nik/Documents/RIS/risn1/src/dis_tutorial3/install/dis_tutorial3/lib/dis_tutorial3/rings_filter.py
[0.865s] -- Up-to-date: /home/nik/Documents/RIS/risn1/src/dis_tutorial3/install/dis_tutorial3/share/ament_index/resource_index/package_run_dependencies/dis_tutorial3
[0.865s] -- Up-to-date: /home/nik/Documents/RIS/risn1/src/dis_tutorial3/install/dis_tutorial3/share/ament_index/resource_index/parent_prefix_path/dis_tutorial3
[0.865s] -- Up-to-date: /home/nik/Documents/RIS/risn1/src/dis_tutorial3/install/dis_tutorial3/share/dis_tutorial3/environment/ament_prefix_path.sh
[0.865s] -- Up-to-date: /home/nik/Documents/RIS/risn1/src/dis_tutorial3/install/dis_tutorial3/share/dis_tutorial3/environment/ament_prefix_path.dsv
[0.865s] -- Up-to-date: /home/nik/Documents/RIS/risn1/src/dis_tutorial3/install/dis_tutorial3/share/dis_tutorial3/environment/path.sh
[0.865s] -- Up-to-date: /home/nik/Documents/RIS/risn1/src/dis_tutorial3/install/dis_tutorial3/share/dis_tutorial3/environment/path.dsv
[0.865s] -- Up-to-date: /home/nik/Documents/RIS/risn1/src/dis_tutorial3/install/dis_tutorial3/share/dis_tutorial3/local_setup.bash
[0.865s] -- Up-to-date: /home/nik/Documents/RIS/risn1/src/dis_tutorial3/install/dis_tutorial3/share/dis_tutorial3/local_setup.sh
[0.865s] -- Up-to-date: /home/nik/Documents/RIS/risn1/src/dis_tutorial3/install/dis_tutorial3/share/dis_tutorial3/local_setup.zsh
[0.865s] -- Up-to-date: /home/nik/Documents/RIS/risn1/src/dis_tutorial3/install/dis_tutorial3/share/dis_tutorial3/local_setup.dsv
[0.866s] -- Installing: /home/nik/Documents/RIS/risn1/src/dis_tutorial3/install/dis_tutorial3/share/dis_tutorial3/package.dsv
[0.866s] -- Up-to-date: /home/nik/Documents/RIS/risn1/src/dis_tutorial3/install/dis_tutorial3/share/ament_index/resource_index/packages/dis_tutorial3
[0.866s] -- Up-to-date: /home/nik/Documents/RIS/risn1/src/dis_tutorial3/install/dis_tutorial3/share/dis_tutorial3/cmake/export_dis_tutorial3__rosidl_generator_cExport.cmake
[0.866s] -- Up-to-date: /home/nik/Documents/RIS/risn1/src/dis_tutorial3/install/dis_tutorial3/share/dis_tutorial3/cmake/export_dis_tutorial3__rosidl_generator_cExport-noconfig.cmake
[0.866s] -- Up-to-date: /home/nik/Documents/RIS/risn1/src/dis_tutorial3/install/dis_tutorial3/share/dis_tutorial3/cmake/export_dis_tutorial3__rosidl_typesupport_fastrtps_cExport.cmake
[0.866s] -- Up-to-date: /home/nik/Documents/RIS/risn1/src/dis_tutorial3/install/dis_tutorial3/share/dis_tutorial3/cmake/export_dis_tutorial3__rosidl_typesupport_fastrtps_cExport-noconfig.cmake
[0.866s] -- Up-to-date: /home/nik/Documents/RIS/risn1/src/dis_tutorial3/install/dis_tutorial3/share/dis_tutorial3/cmake/export_dis_tutorial3__rosidl_generator_cppExport.cmake
[0.866s] -- Up-to-date: /home/nik/Documents/RIS/risn1/src/dis_tutorial3/install/dis_tutorial3/share/dis_tutorial3/cmake/export_dis_tutorial3__rosidl_typesupport_fastrtps_cppExport.cmake
[0.866s] -- Up-to-date: /home/nik/Documents/RIS/risn1/src/dis_tutorial3/install/dis_tutorial3/share/dis_tutorial3/cmake/export_dis_tutorial3__rosidl_typesupport_fastrtps_cppExport-noconfig.cmake
[0.866s] -- Up-to-date: /home/nik/Documents/RIS/risn1/src/dis_tutorial3/install/dis_tutorial3/share/dis_tutorial3/cmake/dis_tutorial3__rosidl_typesupport_introspection_cExport.cmake
[0.866s] -- Up-to-date: /home/nik/Documents/RIS/risn1/src/dis_tutorial3/install/dis_tutorial3/share/dis_tutorial3/cmake/dis_tutorial3__rosidl_typesupport_introspection_cExport-noconfig.cmake
[0.866s] -- Up-to-date: /home/nik/Documents/RIS/risn1/src/dis_tutorial3/install/dis_tutorial3/share/dis_tutorial3/cmake/dis_tutorial3__rosidl_typesupport_cExport.cmake
[0.867s] -- Up-to-date: /home/nik/Documents/RIS/risn1/src/dis_tutorial3/install/dis_tutorial3/share/dis_tutorial3/cmake/dis_tutorial3__rosidl_typesupport_cExport-noconfig.cmake
[0.867s] -- Up-to-date: /home/nik/Documents/RIS/risn1/src/dis_tutorial3/install/dis_tutorial3/share/dis_tutorial3/cmake/dis_tutorial3__rosidl_typesupport_introspection_cppExport.cmake
[0.867s] -- Up-to-date: /home/nik/Documents/RIS/risn1/src/dis_tutorial3/install/dis_tutorial3/share/dis_tutorial3/cmake/dis_tutorial3__rosidl_typesupport_introspection_cppExport-noconfig.cmake
[0.867s] -- Up-to-date: /home/nik/Documents/RIS/risn1/src/dis_tutorial3/install/dis_tutorial3/share/dis_tutorial3/cmake/dis_tutorial3__rosidl_typesupport_cppExport.cmake
[0.867s] -- Up-to-date: /home/nik/Documents/RIS/risn1/src/dis_tutorial3/install/dis_tutorial3/share/dis_tutorial3/cmake/dis_tutorial3__rosidl_typesupport_cppExport-noconfig.cmake
[0.867s] -- Up-to-date: /home/nik/Documents/RIS/risn1/src/dis_tutorial3/install/dis_tutorial3/share/dis_tutorial3/cmake/export_dis_tutorial3__rosidl_generator_pyExport.cmake
[0.867s] -- Up-to-date: /home/nik/Documents/RIS/risn1/src/dis_tutorial3/install/dis_tutorial3/share/dis_tutorial3/cmake/export_dis_tutorial3__rosidl_generator_pyExport-noconfig.cmake
[0.867s] -- Up-to-date: /home/nik/Documents/RIS/risn1/src/dis_tutorial3/install/dis_tutorial3/share/dis_tutorial3/cmake/rosidl_cmake-extras.cmake
[0.867s] -- Up-to-date: /home/nik/Documents/RIS/risn1/src/dis_tutorial3/install/dis_tutorial3/share/dis_tutorial3/cmake/ament_cmake_export_dependencies-extras.cmake
[0.867s] -- Up-to-date: /home/nik/Documents/RIS/risn1/src/dis_tutorial3/install/dis_tutorial3/share/dis_tutorial3/cmake/ament_cmake_export_include_directories-extras.cmake
[0.867s] -- Up-to-date: /home/nik/Documents/RIS/risn1/src/dis_tutorial3/install/dis_tutorial3/share/dis_tutorial3/cmake/ament_cmake_export_libraries-extras.cmake
[0.867s] -- Up-to-date: /home/nik/Documents/RIS/risn1/src/dis_tutorial3/install/dis_tutorial3/share/dis_tutorial3/cmake/ament_cmake_export_targets-extras.cmake
[0.868s] -- Up-to-date: /home/nik/Documents/RIS/risn1/src/dis_tutorial3/install/dis_tutorial3/share/dis_tutorial3/cmake/rosidl_cmake_export_typesupport_targets-extras.cmake
[0.868s] -- Up-to-date: /home/nik/Documents/RIS/risn1/src/dis_tutorial3/install/dis_tutorial3/share/dis_tutorial3/cmake/rosidl_cmake_export_typesupport_libraries-extras.cmake
[0.868s] -- Up-to-date: /home/nik/Documents/RIS/risn1/src/dis_tutorial3/install/dis_tutorial3/share/dis_tutorial3/cmake/dis_tutorial3Config.cmake
[0.868s] -- Up-to-date: /home/nik/Documents/RIS/risn1/src/dis_tutorial3/install/dis_tutorial3/share/dis_tutorial3/cmake/dis_tutorial3Config-version.cmake
[0.868s] -- Up-to-date: /home/nik/Documents/RIS/risn1/src/dis_tutorial3/install/dis_tutorial3/share/dis_tutorial3/package.xml
[0.868s] Invoked command in '/home/nik/Documents/RIS/risn1/src/dis_tutorial3/build/dis_tutorial3' returned '0': CMAKE_PREFIX_PATH=${CMAKE_PREFIX_PATH}:/opt/ros/humble /usr/bin/cmake --install /home/nik/Documents/RIS/risn1/src/dis_tutorial3/build/dis_tutorial3
