[0.006s] Invoking command in '/home/nik/Documents/RIS/risn1/src/dis_tutorial3/build/dis_tutorial3': CMAKE_PREFIX_PATH=${CMAKE_PREFIX_PATH}:/opt/ros/humble /usr/bin/cmake /home/nik/Documents/RIS/risn1/src/dis_tutorial3 -DCMAKE_INSTALL_PREFIX=/home/nik/Documents/RIS/risn1/src/dis_tutorial3/install/dis_tutorial3
[0.043s] -- The C compiler identification is GNU 11.4.0
[0.085s] -- The CXX compiler identification is GNU 11.4.0
[0.089s] -- Detecting C compiler ABI info
[0.137s] -- Detecting C compiler ABI info - done
[0.141s] -- Check for working C compiler: /usr/bin/cc - skipped
[0.141s] -- Detecting C compile features
[0.141s] -- Detecting C compile features - done
[0.143s] -- Detecting CXX compiler ABI info
[0.195s] -- Detecting CXX compiler ABI info - done
[0.199s] -- Check for working CXX compiler: /usr/bin/c++ - skipped
[0.199s] -- Detecting CXX compile features
[0.199s] -- Detecting CXX compile features - done
[0.200s] -- Found ament_cmake: 1.3.11 (/opt/ros/humble/share/ament_cmake/cmake)
[0.881s] -- Found Python3: /home/nik/.pyenv/shims/python3 (found version "3.10.13") found components: Interpreter 
[1.016s] [31mCMake Error at CMakeLists.txt:15 (find_package):
[1.016s]   By not providing "Findrclcpp.cmake" in CMAKE_MODULE_PATH this project has
[1.016s]   asked CMake to find a package configuration file provided by "rclcpp", but
[1.016s]   CMake did not find one.
[1.016s] 
[1.017s]   Could not find a package configuration file provided by "rclcpp" with any
[1.017s]   of the following names:
[1.017s] 
[1.017s]     rclcppConfig.cmake
[1.017s]     rclcpp-config.cmake
[1.017s] 
[1.017s]   Add the installation prefix of "rclcpp" to CMAKE_PREFIX_PATH or set
[1.017s]   "rclcpp_DIR" to a directory containing one of the above files.  If "rclcpp"
[1.017s]   provides a separate development package or SDK, be sure it has been
[1.017s]   installed.
[1.017s] 
[1.017s] [0m
[1.017s] -- Configuring incomplete, errors occurred!
[1.017s] See also "/home/nik/Documents/RIS/risn1/src/dis_tutorial3/build/dis_tutorial3/CMakeFiles/CMakeOutput.log".
[1.019s] Invoked command in '/home/nik/Documents/RIS/risn1/src/dis_tutorial3/build/dis_tutorial3' returned '1': CMAKE_PREFIX_PATH=${CMAKE_PREFIX_PATH}:/opt/ros/humble /usr/bin/cmake /home/nik/Documents/RIS/risn1/src/dis_tutorial3 -DCMAKE_INSTALL_PREFIX=/home/nik/Documents/RIS/risn1/src/dis_tutorial3/install/dis_tutorial3
