[0.005s] Invoking command in '/home/nik/Documents/RIS/risn1/src/dis_tutorial3/build/dis_tutorial3': CMAKE_PREFIX_PATH=/opt/ros/humble /usr/bin/cmake /home/nik/Documents/RIS/risn1/src/dis_tutorial3 -DCMAKE_INSTALL_PREFIX=/home/nik/Documents/RIS/risn1/src/dis_tutorial3/install/dis_tutorial3
[0.100s] -- The C compiler identification is GNU 11.4.0
[0.199s] -- The CXX compiler identification is GNU 11.4.0
[0.203s] -- Detecting C compiler ABI info
[0.248s] -- Detecting C compiler ABI info - done
[0.253s] -- Check for working C compiler: /usr/bin/cc - skipped
[0.253s] -- Detecting C compile features
[0.253s] -- Detecting C compile features - done
[0.255s] -- Detecting CXX compiler ABI info
[0.305s] -- Detecting CXX compiler ABI info - done
[0.310s] -- Check for working CXX compiler: /usr/bin/c++ - skipped
[0.310s] -- Detecting CXX compile features
[0.310s] -- Detecting CXX compile features - done
[0.311s] -- Found ament_cmake: 1.3.11 (/opt/ros/humble/share/ament_cmake/cmake)
[0.927s] -- Found Python3: /home/nik/.pyenv/shims/python3 (found version "3.12.5") found components: Interpreter 
[1.094s] -- Found rclcpp: 16.0.12 (/opt/ros/humble/share/rclcpp/cmake)
[1.116s] -- Found rosidl_generator_c: 3.1.6 (/opt/ros/humble/share/rosidl_generator_c/cmake)
[1.118s] -- Found rosidl_adapter: 3.1.6 (/opt/ros/humble/share/rosidl_adapter/cmake)
[1.122s] -- Found rosidl_generator_cpp: 3.1.6 (/opt/ros/humble/share/rosidl_generator_cpp/cmake)
[1.129s] -- Using all available rosidl_typesupport_c: rosidl_typesupport_fastrtps_c;rosidl_typesupport_introspection_c
[1.137s] -- Using all available rosidl_typesupport_cpp: rosidl_typesupport_fastrtps_cpp;rosidl_typesupport_introspection_cpp
[1.160s] -- Found rmw_implementation_cmake: 6.1.2 (/opt/ros/humble/share/rmw_implementation_cmake/cmake)
[1.162s] -- Found rmw_fastrtps_cpp: 6.2.7 (/opt/ros/humble/share/rmw_fastrtps_cpp/cmake)
[1.221s] -- Found OpenSSL: /usr/lib/x86_64-linux-gnu/libcrypto.so (found version "3.0.2")  
[1.237s] -- Found FastRTPS: /opt/ros/humble/include  
[1.262s] -- Using RMW implementation 'rmw_fastrtps_cpp' as default
[1.266s] -- Looking for pthread.h
[1.333s] -- Looking for pthread.h - found
[1.333s] -- Performing Test CMAKE_HAVE_LIBC_PTHREAD
[1.400s] -- Performing Test CMAKE_HAVE_LIBC_PTHREAD - Success
[1.401s] -- Found Threads: TRUE  
[1.431s] -- Found rclpy: 3.3.16 (/opt/ros/humble/share/rclpy/cmake)
[1.431s] -- Found std_srvs: 4.8.0 (/opt/ros/humble/share/std_srvs/cmake)
[1.524s] Traceback (most recent call last):
[1.524s]   File "/opt/ros/humble/share/ament_cmake_core/cmake/core/package_xml_2_cmake.py", line 22, in <module>
[1.524s]     from catkin_pkg.package import parse_package_string
[1.524s] ModuleNotFoundError: No module named 'catkin_pkg'
[1.526s] [31mCMake Error at /opt/ros/humble/share/ament_cmake_core/cmake/core/ament_package_xml.cmake:95 (message):
[1.526s]   execute_process(/home/nik/.pyenv/shims/python3
[1.526s]   /opt/ros/humble/share/ament_cmake_core/cmake/core/package_xml_2_cmake.py
[1.526s]   /home/nik/Documents/RIS/risn1/src/dis_tutorial3/package.xml
[1.527s]   /home/nik/Documents/RIS/risn1/src/dis_tutorial3/build/dis_tutorial3/ament_cmake_core/package.cmake)
[1.527s]   returned error code 1
[1.527s] Call Stack (most recent call first):
[1.527s]   /opt/ros/humble/share/ament_cmake_core/cmake/core/ament_package_xml.cmake:49 (_ament_package_xml)
[1.527s]   /opt/ros/humble/share/ament_cmake_core/cmake/core/ament_package.cmake:63 (ament_package_xml)
[1.527s]   CMakeLists.txt:46 (ament_package)
[1.527s] 
[1.527s] [0m
[1.527s] -- Configuring incomplete, errors occurred!
[1.527s] See also "/home/nik/Documents/RIS/risn1/src/dis_tutorial3/build/dis_tutorial3/CMakeFiles/CMakeOutput.log".
[1.534s] Invoked command in '/home/nik/Documents/RIS/risn1/src/dis_tutorial3/build/dis_tutorial3' returned '1': CMAKE_PREFIX_PATH=/opt/ros/humble /usr/bin/cmake /home/nik/Documents/RIS/risn1/src/dis_tutorial3 -DCMAKE_INSTALL_PREFIX=/home/nik/Documents/RIS/risn1/src/dis_tutorial3/install/dis_tutorial3
